
 RUN  v5.0.3 /workspace/base/packages/base

 ❯ ../../../../tmp/input-clone-reset-proof/collision.test.ts (12 tests | 4 failed) 73ms
   × native reset boundary collision (current/out/collision=false) 15ms
   × native reset boundary collision (current/out/collision=true) 4ms
   × native reset boundary collision (candidate/after/collision=false) 2ms
   × native reset boundary collision (candidate/after/collision=true) 2ms

⎯⎯⎯⎯⎯⎯⎯ Failed Tests 4 ⎯⎯⎯⎯⎯⎯⎯

 FAIL  ../../../../tmp/input-clone-reset-proof/collision.test.ts > native reset boundary collision (current/out/collision=false)
 FAIL  ../../../../tmp/input-clone-reset-proof/collision.test.ts > native reset boundary collision (current/out/collision=true)
AssertionError: expected 'edit' to be 'owner' // Object.is equality

Expected: "owner"
Received: "edit"

 ❯ ../../../../tmp/input-clone-reset-proof/collision.test.ts:26:20
     24|     const actual = input.value; const expected = move === 'after' ? co…
     25|     results.push({ kind, move, collision, actual, expected, metadata: …
     26|     expect(actual).toBe(expected);
       |                    ^
     27|   } finally { observer.disconnect(); document.removeEventListener('res…
     28| });

⎯⎯⎯⎯⎯⎯⎯⎯⎯⎯⎯⎯⎯⎯⎯⎯⎯⎯⎯⎯⎯⎯⎯⎯[1/4]⎯

 FAIL  ../../../../tmp/input-clone-reset-proof/collision.test.ts > native reset boundary collision (candidate/after/collision=false)
AssertionError: expected 'owner' to be 'seed' // Object.is equality

Expected: "seed"
Received: "owner"

 ❯ ../../../../tmp/input-clone-reset-proof/collision.test.ts:26:20
     24|     const actual = input.value; const expected = move === 'after' ? co…
     25|     results.push({ kind, move, collision, actual, expected, metadata: …
     26|     expect(actual).toBe(expected);
       |                    ^
     27|   } finally { observer.disconnect(); document.removeEventListener('res…
     28| });

⎯⎯⎯⎯⎯⎯⎯⎯⎯⎯⎯⎯⎯⎯⎯⎯⎯⎯⎯⎯⎯⎯⎯⎯[2/4]⎯

 FAIL  ../../../../tmp/input-clone-reset-proof/collision.test.ts > native reset boundary collision (candidate/after/collision=true)
AssertionError: expected 'owner' to be 'edit' // Object.is equality

Expected: "edit"
Received: "owner"

 ❯ ../../../../tmp/input-clone-reset-proof/collision.test.ts:26:20
     24|     const actual = input.value; const expected = move === 'after' ? co…
     25|     results.push({ kind, move, collision, actual, expected, metadata: …
     26|     expect(actual).toBe(expected);
       |                    ^
     27|   } finally { observer.disconnect(); document.removeEventListener('res…
     28| });

⎯⎯⎯⎯⎯⎯⎯⎯⎯⎯⎯⎯⎯⎯⎯⎯⎯⎯⎯⎯⎯⎯⎯⎯[3/4]⎯


 Test Files  1 failed (1)
      Tests  4 failed | 8 passed (12)
   Start at  10:11:38
   Duration  1.45s (transform 45%, environment 41%, import 8%, tests 5%)

Error: ERR_PNPM_RECURSIVE_EXEC_FIRST_FAIL

  × "pnpm recursive exec" failed in /workspace/base/packages/base

