
 RUN  v5.0.3 /workspace/base/packages/base

 ❯ ../../../../tmp/input-independent-review/clone-ambiguity.test.ts (13 tests | 4 failed) 103ms
   × caller write out/during/current 13ms
   × caller write out/after/candidate 3ms
   × caller write in/during/current 3ms
   × caller write in/during/candidate 3ms

⎯⎯⎯⎯⎯⎯⎯ Failed Tests 4 ⎯⎯⎯⎯⎯⎯⎯

 FAIL  ../../../../tmp/input-independent-review/clone-ambiguity.test.ts > caller write out/during/current
AssertionError: expected 'post' to be 'owner' // Object.is equality

Expected: "owner"
Received: "post"

 ❯ ../../../../tmp/input-independent-review/clone-ambiguity.test.ts:22:241


⎯⎯⎯⎯⎯⎯⎯⎯⎯⎯⎯⎯⎯⎯⎯⎯⎯⎯⎯⎯⎯⎯⎯⎯[1/4]⎯

 FAIL  ../../../../tmp/input-independent-review/clone-ambiguity.test.ts > caller write out/after/candidate
 FAIL  ../../../../tmp/input-independent-review/clone-ambiguity.test.ts > caller write in/during/current
 FAIL  ../../../../tmp/input-independent-review/clone-ambiguity.test.ts > caller write in/during/candidate
AssertionError: expected 'owner' to be 'post' // Object.is equality

Expected: "post"
Received: "owner"

 ❯ ../../../../tmp/input-independent-review/clone-ambiguity.test.ts:22:241


⎯⎯⎯⎯⎯⎯⎯⎯⎯⎯⎯⎯⎯⎯⎯⎯⎯⎯⎯⎯⎯⎯⎯⎯[2/4]⎯


 Test Files  1 failed (1)
      Tests  4 failed | 9 passed (13)
   Start at  10:12:45
   Duration  1.49s (transform 44%, environment 40%, import 8%, tests 8%)

Error: ERR_PNPM_RECURSIVE_EXEC_FIRST_FAIL

  × "pnpm recursive exec" failed in /workspace/base/packages/base

