2026-10-05T02:17:38.1739520Z Current runner version: '2.337.0'
2026-10-05T02:17:38.1760667Z ##[group]Runner Image Provisioner
2026-10-05T02:17:38.1761364Z Hosted Compute Agent
2026-10-05T02:17:38.1761957Z Version: 20260901.588
2026-10-05T02:17:38.1762507Z Commit: f88ec8081b781fac6c440065ac7ff9e710ce3d0b
2026-10-05T02:17:38.1763119Z Build Date: 2026-09-01T19:56:44Z
2026-10-05T02:17:38.1763703Z Worker ID: {665dd132-6b3d-41ae-9868-5532d5cc6998}
2026-10-05T02:17:38.1764301Z Azure Region: westus3
2026-10-05T02:17:38.1764842Z ##[endgroup]
2026-10-05T02:17:38.1765907Z ##[group]Operating System
2026-10-05T02:17:38.1766582Z Ubuntu
2026-10-05T02:17:38.1767024Z 24.04.5
2026-10-05T02:17:38.1767478Z LTS
2026-10-05T02:17:38.1767946Z ##[endgroup]
2026-10-05T02:17:38.1768397Z ##[group]Runner Image
2026-10-05T02:17:38.1768857Z Image: ubuntu-24.04
2026-10-05T02:17:38.1769374Z Version: 20260927.320.1
2026-10-05T02:17:38.1770418Z Included Software: https://github.com/actions/runner-images/blob/ubuntu24/20260927.320/images/ubuntu/Ubuntu2404-Readme.md
2026-10-05T02:17:38.1771725Z Image Release: https://github.com/actions/runner-images/releases/tag/ubuntu24%2F20260927.320
2026-10-05T02:17:38.1772484Z ##[endgroup]
2026-10-05T02:17:38.1773494Z ##[group]GITHUB_TOKEN Permissions
2026-10-05T02:17:38.1774937Z Contents: read
2026-10-05T02:17:38.1775496Z Metadata: read
2026-10-05T02:17:38.1775979Z ##[endgroup]
2026-10-05T02:17:38.1777854Z Secret source: Actions
2026-10-05T02:17:38.1778634Z Cache mode: write
2026-10-05T02:17:38.1779212Z Prepare workflow directory
2026-10-05T02:17:38.2047070Z Prepare all required actions
2026-10-05T02:17:38.2087019Z Getting action download info
2026-10-05T02:17:38.5107457Z Download action repository 'actions/checkout@d23441a48e516b6c34aea4fa41551a30e30af803' (SHA:d23441a48e516b6c34aea4fa41551a30e30af803)
2026-10-05T02:17:38.6417586Z Download action repository 'pnpm/action-setup@fc06bc1257f339d1d5d8b3a19a8cae5388b55320' (SHA:fc06bc1257f339d1d5d8b3a19a8cae5388b55320)
2026-10-05T02:17:39.4876156Z Download action repository 'actions/setup-node@249970729cb0ef3589644e2896645e5dc5ba9c38' (SHA:249970729cb0ef3589644e2896645e5dc5ba9c38)
2026-10-05T02:17:39.7411682Z Complete job name: Verification
2026-10-05T02:17:39.8182631Z ##[group]Run actions/checkout@d23441a48e516b6c34aea4fa41551a30e30af803
2026-10-05T02:17:39.8184218Z with:
2026-10-05T02:17:39.8185102Z   ref: 0fa6e5464809dbd62f237fd0dd7e4be1db2b6087
2026-10-05T02:17:39.8186230Z   persist-credentials: false
2026-10-05T02:17:39.8187367Z   repository: sveltery/base
2026-10-05T02:17:39.8194140Z   token: ***
2026-10-05T02:17:39.8194979Z   ssh-strict: true
2026-10-05T02:17:39.8195829Z   ssh-user: git
2026-10-05T02:17:39.8196751Z   clean: true
2026-10-05T02:17:39.8197648Z   sparse-checkout-cone-mode: true
2026-10-05T02:17:39.8198628Z   fetch-depth: 1
2026-10-05T02:17:39.8199430Z   fetch-tags: false
2026-10-05T02:17:39.8200332Z   show-progress: true
2026-10-05T02:17:39.8201216Z   lfs: false
2026-10-05T02:17:39.8202031Z   submodules: false
2026-10-05T02:17:39.8202900Z   set-safe-directory: true
2026-10-05T02:17:39.8203881Z   allow-unsafe-pr-checkout: false
2026-10-05T02:17:39.8205108Z ##[endgroup]
2026-10-05T02:17:39.9023504Z Syncing repository: sveltery/base
2026-10-05T02:17:39.9027330Z ##[group]Getting Git version info
2026-10-05T02:17:39.9029055Z Working directory is '/home/runner/work/base/base'
2026-10-05T02:17:39.9031582Z [command]/usr/bin/git version
2026-10-05T02:17:39.9058814Z git version 2.55.0
2026-10-05T02:17:39.9077412Z ##[endgroup]
2026-10-05T02:17:39.9093175Z Temporarily overriding HOME='/home/runner/work/_temp/1a521072-784c-455b-b0f9-14c64482c035' before making global git config changes
2026-10-05T02:17:39.9095627Z Adding repository directory to the temporary git global config as a safe directory
2026-10-05T02:17:39.9097626Z [command]/usr/bin/git config --global --add safe.directory /home/runner/work/base/base
2026-10-05T02:17:39.9141918Z Deleting the contents of '/home/runner/work/base/base'
2026-10-05T02:17:39.9146144Z ##[group]Determining repository object format
2026-10-05T02:17:39.9148739Z ##[endgroup]
2026-10-05T02:17:39.9151188Z ##[group]Initializing the repository
2026-10-05T02:17:39.9152967Z [command]/usr/bin/git init /home/runner/work/base/base
2026-10-05T02:17:39.9220184Z hint: Using 'master' as the name for the initial branch. This default branch name
2026-10-05T02:17:39.9222692Z hint: will change to "main" in Git 3.0. To configure the initial branch name
2026-10-05T02:17:39.9225067Z hint: to use in all of your new repositories, which will suppress this warning,
2026-10-05T02:17:39.9227336Z hint: call:
2026-10-05T02:17:39.9228431Z hint:
2026-10-05T02:17:39.9229879Z hint: 	git config --global init.defaultBranch <name>
2026-10-05T02:17:39.9231507Z hint:
2026-10-05T02:17:39.9232995Z hint: Names commonly chosen instead of 'master' are 'main', 'trunk' and
2026-10-05T02:17:39.9235707Z hint: 'development'. The just-created branch can be renamed via this command:
2026-10-05T02:17:39.9237771Z hint:
2026-10-05T02:17:39.9239157Z hint: 	git branch -m <name>
2026-10-05T02:17:39.9240501Z hint:
2026-10-05T02:17:39.9242209Z hint: Disable this message with "git config set advice.defaultBranchName false"
2026-10-05T02:17:39.9244996Z Initialized empty Git repository in /home/runner/work/base/base/.git/
2026-10-05T02:17:39.9249142Z [command]/usr/bin/git remote add origin https://github.com/sveltery/base
2026-10-05T02:17:39.9271536Z ##[endgroup]
2026-10-05T02:17:39.9273645Z ##[group]Disabling automatic garbage collection
2026-10-05T02:17:39.9275907Z [command]/usr/bin/git config --local gc.auto 0
2026-10-05T02:17:39.9301663Z ##[endgroup]
2026-10-05T02:17:39.9303813Z ##[group]Setting up auth
2026-10-05T02:17:39.9305248Z Removing SSH command configuration
2026-10-05T02:17:39.9309161Z [command]/usr/bin/git config --local --name-only --get-regexp core\.sshCommand
2026-10-05T02:17:39.9338221Z [command]/usr/bin/git submodule foreach --recursive sh -c "git config --local --name-only --get-regexp 'core\.sshCommand' && git config --local --unset-all 'core.sshCommand' || :"
2026-10-05T02:17:39.9704278Z Removing HTTP extra header
2026-10-05T02:17:39.9711997Z [command]/usr/bin/git config --local --name-only --get-regexp http\.https\:\/\/github\.com\/\.extraheader
2026-10-05T02:17:39.9747389Z [command]/usr/bin/git submodule foreach --recursive sh -c "git config --local --name-only --get-regexp 'http\.https\:\/\/github\.com\/\.extraheader' && git config --local --unset-all 'http.https://github.com/.extraheader' || :"
2026-10-05T02:17:39.9930721Z Removing includeIf entries pointing to credentials config files
2026-10-05T02:17:39.9935007Z [command]/usr/bin/git config --local --name-only --get-regexp ^includeIf\.gitdir:
2026-10-05T02:17:39.9965061Z [command]/usr/bin/git submodule foreach --recursive git config --local --show-origin --name-only --get-regexp remote.origin.url
2026-10-05T02:17:40.0157335Z [command]/usr/bin/git config --file /home/runner/work/_temp/git-credentials-4e752721-85e2-4908-8263-0e79559db30c.config http.https://github.com/.extraheader AUTHORIZATION: basic ***
2026-10-05T02:17:40.0190101Z [command]/usr/bin/git config --local includeIf.gitdir:/home/runner/work/base/base/.git.path /home/runner/work/_temp/git-credentials-4e752721-85e2-4908-8263-0e79559db30c.config
2026-10-05T02:17:40.0220251Z [command]/usr/bin/git config --local includeIf.gitdir:/home/runner/work/base/base/.git/worktrees/*.path /home/runner/work/_temp/git-credentials-4e752721-85e2-4908-8263-0e79559db30c.config
2026-10-05T02:17:40.0251638Z [command]/usr/bin/git config --local includeIf.gitdir:/github/workspace/.git.path /github/runner_temp/git-credentials-4e752721-85e2-4908-8263-0e79559db30c.config
2026-10-05T02:17:40.0282344Z [command]/usr/bin/git config --local includeIf.gitdir:/github/workspace/.git/worktrees/*.path /github/runner_temp/git-credentials-4e752721-85e2-4908-8263-0e79559db30c.config
2026-10-05T02:17:40.0308961Z ##[endgroup]
2026-10-05T02:17:40.0368348Z ##[group]Fetching the repository
2026-10-05T02:17:40.0371616Z [command]/usr/bin/git -c protocol.version=2 fetch --no-tags --prune --no-recurse-submodules --depth=1 origin 0fa6e5464809dbd62f237fd0dd7e4be1db2b6087
2026-10-05T02:17:41.4390805Z From https://github.com/sveltery/base
2026-10-05T02:17:41.4392458Z  * branch            0fa6e5464809dbd62f237fd0dd7e4be1db2b6087 -> FETCH_HEAD
2026-10-05T02:17:41.4400121Z [command]/usr/bin/git rev-parse --verify --quiet 0fa6e5464809dbd62f237fd0dd7e4be1db2b6087^{object}
2026-10-05T02:17:41.4424790Z 0fa6e5464809dbd62f237fd0dd7e4be1db2b6087
2026-10-05T02:17:41.4428517Z ##[endgroup]
2026-10-05T02:17:41.4429070Z ##[group]Determining the checkout info
2026-10-05T02:17:41.4429795Z ##[endgroup]
2026-10-05T02:17:41.4434214Z [command]/usr/bin/git sparse-checkout disable
2026-10-05T02:17:41.4475777Z [command]/usr/bin/git config --local --unset-all extensions.worktreeConfig
2026-10-05T02:17:41.4502747Z ##[group]Checking out the ref
2026-10-05T02:17:41.4505332Z [command]/usr/bin/git checkout --progress --force 0fa6e5464809dbd62f237fd0dd7e4be1db2b6087
2026-10-05T02:17:41.5430575Z Note: switching to '0fa6e5464809dbd62f237fd0dd7e4be1db2b6087'.
2026-10-05T02:17:41.5431033Z 
2026-10-05T02:17:41.5431429Z You are in 'detached HEAD' state. You can look around, make experimental
2026-10-05T02:17:41.5432148Z changes and commit them, and you can discard any commits you make in this
2026-10-05T02:17:41.5432835Z state without impacting any branches by switching back to a branch.
2026-10-05T02:17:41.5433230Z 
2026-10-05T02:17:41.5433498Z If you want to create a new branch to retain commits you create, you may
2026-10-05T02:17:41.5434131Z do so (now or later) by using -c with the switch command. Example:
2026-10-05T02:17:41.5434548Z 
2026-10-05T02:17:41.5434729Z   git switch -c <new-branch-name>
2026-10-05T02:17:41.5435014Z 
2026-10-05T02:17:41.5435234Z Or undo this operation with:
2026-10-05T02:17:41.5435466Z 
2026-10-05T02:17:41.5435605Z   git switch -
2026-10-05T02:17:41.5435807Z 
2026-10-05T02:17:41.5436127Z Turn off this advice by setting config variable advice.detachedHead to false
2026-10-05T02:17:41.5436775Z 
2026-10-05T02:17:41.5437057Z HEAD is now at 0fa6e54 Preserve exact click diagnostic log whitespace
2026-10-05T02:17:41.5443137Z ##[endgroup]
2026-10-05T02:17:41.5483330Z [command]/usr/bin/git log -1 --format=%H
2026-10-05T02:17:41.5507214Z 0fa6e5464809dbd62f237fd0dd7e4be1db2b6087
2026-10-05T02:17:41.5515381Z ##[group]Removing auth
2026-10-05T02:17:41.5515765Z Removing SSH command configuration
2026-10-05T02:17:41.5518396Z [command]/usr/bin/git config --local --name-only --get-regexp core\.sshCommand
2026-10-05T02:17:41.5545007Z [command]/usr/bin/git submodule foreach --recursive sh -c "git config --local --name-only --get-regexp 'core\.sshCommand' && git config --local --unset-all 'core.sshCommand' || :"
2026-10-05T02:17:41.5733012Z Removing HTTP extra header
2026-10-05T02:17:41.5739263Z [command]/usr/bin/git config --local --name-only --get-regexp http\.https\:\/\/github\.com\/\.extraheader
2026-10-05T02:17:41.5770472Z [command]/usr/bin/git submodule foreach --recursive sh -c "git config --local --name-only --get-regexp 'http\.https\:\/\/github\.com\/\.extraheader' && git config --local --unset-all 'http.https://github.com/.extraheader' || :"
2026-10-05T02:17:41.5963875Z Removing includeIf entries pointing to credentials config files
2026-10-05T02:17:41.5967585Z [command]/usr/bin/git config --local --name-only --get-regexp ^includeIf\.gitdir:
2026-10-05T02:17:41.5992923Z includeif.gitdir:/home/runner/work/base/base/.git.path
2026-10-05T02:17:41.5993452Z includeif.gitdir:/home/runner/work/base/base/.git/worktrees/*.path
2026-10-05T02:17:41.5993839Z includeif.gitdir:/github/workspace/.git.path
2026-10-05T02:17:41.5994221Z includeif.gitdir:/github/workspace/.git/worktrees/*.path
2026-10-05T02:17:41.6000983Z [command]/usr/bin/git config --local --get-all includeif.gitdir:/home/runner/work/base/base/.git.path
2026-10-05T02:17:41.6023950Z /home/runner/work/_temp/git-credentials-4e752721-85e2-4908-8263-0e79559db30c.config
2026-10-05T02:17:41.6032006Z [command]/usr/bin/git config --local --unset includeif.gitdir:/home/runner/work/base/base/.git.path /home/runner/work/_temp/git-credentials-4e752721-85e2-4908-8263-0e79559db30c.config
2026-10-05T02:17:41.6064166Z [command]/usr/bin/git config --local --get-all includeif.gitdir:/home/runner/work/base/base/.git/worktrees/*.path
2026-10-05T02:17:41.6086075Z /home/runner/work/_temp/git-credentials-4e752721-85e2-4908-8263-0e79559db30c.config
2026-10-05T02:17:41.6093886Z [command]/usr/bin/git config --local --unset includeif.gitdir:/home/runner/work/base/base/.git/worktrees/*.path /home/runner/work/_temp/git-credentials-4e752721-85e2-4908-8263-0e79559db30c.config
2026-10-05T02:17:41.6125652Z [command]/usr/bin/git config --local --get-all includeif.gitdir:/github/workspace/.git.path
2026-10-05T02:17:41.6150873Z /github/runner_temp/git-credentials-4e752721-85e2-4908-8263-0e79559db30c.config
2026-10-05T02:17:41.6162563Z [command]/usr/bin/git config --local --unset includeif.gitdir:/github/workspace/.git.path /github/runner_temp/git-credentials-4e752721-85e2-4908-8263-0e79559db30c.config
2026-10-05T02:17:41.6198344Z [command]/usr/bin/git config --local --get-all includeif.gitdir:/github/workspace/.git/worktrees/*.path
2026-10-05T02:17:41.6219378Z /github/runner_temp/git-credentials-4e752721-85e2-4908-8263-0e79559db30c.config
2026-10-05T02:17:41.6224684Z [command]/usr/bin/git config --local --unset includeif.gitdir:/github/workspace/.git/worktrees/*.path /github/runner_temp/git-credentials-4e752721-85e2-4908-8263-0e79559db30c.config
2026-10-05T02:17:41.6254381Z [command]/usr/bin/git submodule foreach --recursive git config --local --show-origin --name-only --get-regexp remote.origin.url
2026-10-05T02:17:41.6440027Z Removing credentials config '/home/runner/work/_temp/git-credentials-4e752721-85e2-4908-8263-0e79559db30c.config'
2026-10-05T02:17:41.6448591Z ##[endgroup]
2026-10-05T02:17:41.6641114Z ##[group]Run pnpm/action-setup@fc06bc1257f339d1d5d8b3a19a8cae5388b55320
2026-10-05T02:17:41.6641476Z with:
2026-10-05T02:17:41.6641677Z   version: 12.6.0
2026-10-05T02:17:41.6641896Z   run_install: false
2026-10-05T02:17:41.6642114Z   dest: ~/setup-pnpm
2026-10-05T02:17:41.6642345Z   cache: false
2026-10-05T02:17:41.6642573Z   cache_dependency_path: pnpm-lock.yaml
2026-10-05T02:17:41.6642873Z   package_json_file: package.json
2026-10-05T02:17:41.6643118Z   standalone: false
2026-10-05T02:17:41.6643329Z ##[endgroup]
2026-10-05T02:17:41.7747355Z ##[group]Running self-installer...
2026-10-05T02:17:42.0865874Z (node:2190) [DEP0169] DeprecationWarning: `url.parse()` behavior is not standardized and prone to errors that have security implications. Use the WHATWG URL API instead. CVEs are not issued for `url.parse()` vulnerabilities.
2026-10-05T02:17:42.0867196Z (Use `node --trace-deprecation ...` to show where the warning was created)
2026-10-05T02:17:42.2756983Z Progress: resolved 1, reused 0, downloaded 0, added 0
2026-10-05T02:17:42.3988855Z Packages: +3
2026-10-05T02:17:42.3989088Z +++
2026-10-05T02:17:42.9895730Z Progress: resolved 15, reused 0, downloaded 3, added 3, done
2026-10-05T02:17:43.0022406Z .../.pnpm/pnpm@12.6.0/node_modules/pnpm preinstall$ node install.js
2026-10-05T02:17:45.1827154Z .../.pnpm/pnpm@12.6.0/node_modules/pnpm preinstall: Done
2026-10-05T02:17:45.1830981Z .../.pnpm/pnpm@12.6.0/node_modules/pnpm postinstall$ node install.js
2026-10-05T02:17:45.2173992Z .../.pnpm/pnpm@12.6.0/node_modules/pnpm postinstall: Done
2026-10-05T02:17:46.2355065Z 
2026-10-05T02:17:46.2355600Z dependencies:
2026-10-05T02:17:46.2355920Z + pnpm 12.6.0 (12.9.1 is available)
2026-10-05T02:17:46.2356094Z 
2026-10-05T02:17:46.2375436Z Done in 4.3s
2026-10-05T02:17:46.2684495Z ##[endgroup]
2026-10-05T02:17:46.2684790Z Installation Completed!
2026-10-05T02:17:46.2842275Z ##[group]Run actions/setup-node@249970729cb0ef3589644e2896645e5dc5ba9c38
2026-10-05T02:17:46.2842584Z with:
2026-10-05T02:17:46.2842751Z   node-version: 24
2026-10-05T02:17:46.2842945Z   package-manager-cache: false
2026-10-05T02:17:46.2843152Z   check-latest: false
2026-10-05T02:17:46.2845077Z   token: ***
2026-10-05T02:17:46.2845250Z env:
2026-10-05T02:17:46.2845466Z   PNPM_HOME: /home/runner/setup-pnpm/node_modules/.bin
2026-10-05T02:17:46.2845874Z ##[endgroup]
2026-10-05T02:17:46.3988576Z Found in cache @ /opt/hostedtoolcache/node/24.21.0/x64
2026-10-05T02:17:46.3992167Z ##[group]Environment details
2026-10-05T02:17:48.9227599Z node: v24.21.0
2026-10-05T02:17:48.9227994Z npm: 11.19.0
2026-10-05T02:17:48.9228244Z yarn: 1.22.22
2026-10-05T02:17:48.9228904Z ##[endgroup]
2026-10-05T02:17:48.9340348Z ##[group]Run bash scripts/bootstrap.sh
2026-10-05T02:17:48.9340675Z [36;1mbash scripts/bootstrap.sh[0m
2026-10-05T02:17:48.9578217Z shell: /usr/bin/bash -e {0}
2026-10-05T02:17:48.9578448Z env:
2026-10-05T02:17:48.9578670Z   PNPM_HOME: /home/runner/setup-pnpm/node_modules/.bin
2026-10-05T02:17:48.9578925Z ##[endgroup]
2026-10-05T02:17:49.0652216Z Scope: all 3 workspace projects
2026-10-05T02:17:49.0769209Z ? Verifying lockfile against supply-chain policies (162 entries)...
2026-10-05T02:17:49.3230396Z Packages are hard linked from the content-addressable store to the virtual store.
2026-10-05T02:17:49.3231778Z   Content-addressable store is at: /home/runner/setup-pnpm/node_modules/.bin/store/v11
2026-10-05T02:17:49.3232580Z   Virtual store is at:             node_modules/.pnpm
2026-10-05T02:17:49.4097939Z Downloading @rolldown/binding-linux-x64-gnu@1.2.11: 0.00 B/7.94 MB
2026-10-05T02:17:50.2989846Z ✓ Lockfile passes supply-chain policies (162 entries in 1.2s)
2026-10-05T02:17:50.2990428Z Lockfile is up to date, resolution step is skipped
2026-10-05T02:17:50.3011620Z Packages: +137
2026-10-05T02:17:50.3012145Z ++++++++++++++++++++++++++++++++++++++++++++++++++++++++++++++++++++++++++++++++
2026-10-05T02:17:50.3132467Z Progress: resolved 137, reused 0, downloaded 137, added 137, done
2026-10-05T02:17:50.3947090Z 
2026-10-05T02:17:50.3947798Z devDependencies:
2026-10-05T02:17:50.3948297Z + @playwright/test 1.63.0
2026-10-05T02:17:50.3948515Z 
2026-10-05T02:17:50.4078822Z Done in 1.3s using pnpm v12.6.0
2026-10-05T02:17:50.4248951Z ##[group]Run node --test scripts/tests/*.test.mjs
2026-10-05T02:17:50.4249287Z [36;1mnode --test scripts/tests/*.test.mjs[0m
2026-10-05T02:17:50.4307082Z shell: /usr/bin/bash -e {0}
2026-10-05T02:17:50.4307292Z env:
2026-10-05T02:17:50.4307504Z   PNPM_HOME: /home/runner/setup-pnpm/node_modules/.bin
2026-10-05T02:17:50.4307755Z ##[endgroup]
2026-10-05T02:17:50.5518685Z ✔ Accordion trace preserves ordinary, parameterized, Activity, helper and type scopes (11.450619ms)
2026-10-05T02:17:51.3478683Z ✔ I:9 React reference missing context retains exact upstream message (138.069449ms)
2026-10-05T02:17:51.3480291Z ✔ H:8 React reference missing context retains exact upstream message (11.754591ms)
2026-10-05T02:17:51.3710287Z ✔ React reference nested replacement Items sharing a host publish index zero independently (212.991019ms)
2026-10-05T02:17:51.3711785Z ✔ private anchor foundation keeps immutable source/assertions and zero deferred ordinary credit (2.944668ms)
2026-10-05T02:17:51.5986042Z ✔ private native and actual React anchor policies SSR without browser measurements (926.999017ms)
2026-10-05T02:17:52.5572511Z ✔ Avatar preserves immutable source bytes and separates ordinary, conformance, types and supplements (1139.241031ms)
2026-10-05T02:17:54.5168721Z ✔ Avatar paired SSR keepMounted=false runs without browser globals (1413.892113ms)
2026-10-05T02:17:54.5207471Z ✔ Avatar paired SSR keepMounted=true runs without browser globals (1671.703546ms)
2026-10-05T02:17:54.5328544Z ✔ Button ports retain complete direct declarations and selected non-composite support assertions (5.872256ms)
2026-10-05T02:17:54.5375456Z ✔ Button graph retains the original source pin and hashes the actual canonical closure (528.812958ms)
2026-10-05T02:17:54.5452784Z ✔ catalog accounts for every pinned non-type root module without complete parity claims (3.229608ms)
2026-10-05T02:17:54.5485713Z ✔ Collapsible ledger preserves exact ordinary inventory and portable versus Activity scope (10.309558ms)
2026-10-05T02:17:55.5298498Z ✔ P:799 paired exact-pin React/Svelte SSR initial keyframe suppression (1558.749832ms)
2026-10-05T02:17:55.5314429Z ✔ P:830 paired exact-pin React/Svelte SSR initial keyframe suppression (1562.141141ms)
2026-10-05T02:17:55.5414021Z ✔ CSP source ledger retains the pin, original dependent assertions and zero ordinary credit (3.930951ms)
2026-10-05T02:17:55.5438334Z ✔ CSPProvider SSR without browser globals preserves wrapperless context defaults and shadowing in both frameworks (1313.161998ms)
2026-10-05T02:17:55.5448018Z ✔ SSR roots and successive requests isolate defaultOpen and generated relationships (960.082134ms)
2026-10-05T02:17:55.5449795Z ✔ DirectionProvider keeps both pinned ordinary predicates separate from the callable-reader API adaptation (4.056496ms)
2026-10-05T02:17:55.5456033Z ✔ docs API matches actual local types and all public parts (73.516815ms)
2026-10-05T02:17:55.5457245Z ✔ docs metadata, navigation links and fragment targets are valid (0.609678ms)
2026-10-05T02:17:55.5457993Z ✔ Accordion docs API matches all five local part declarations (6.266833ms)
2026-10-05T02:17:55.5458678Z ✔ Input accepted reset limitation keeps its narrow decision, negative assertions and zero credit visible (6.874264ms)
2026-10-05T02:17:55.5459444Z ✔ Input source bytes and fifteen separate helper mappings retain zero ordinary declaration credit (78.221826ms)
2026-10-05T02:17:55.5460165Z ✔ Input supplemental native reset and real remote evidence cannot silently claim Field conformance (0.605712ms)
2026-10-05T02:17:55.5460943Z ✔ Input timing characterization preserves hashed raw phase observations and the explicit native decision (1.605835ms)
2026-10-05T02:17:55.5461726Z ✔ Current Input native-default source suites retain historical assertions without active failure waivers (0.583009ms)
2026-10-05T02:17:55.5462540Z ✔ Kit compatibility patch changes only submit cancellation and the reset task boundary at the exact pinned source (8.234207ms)
2026-10-05T02:17:55.5463676Z ✔ Kit compatibility patch and license ship as optional artifacts without a runtime Kit dependency (2.214431ms)
2026-10-05T02:17:55.5464396Z ✔ unpatched witness removes only this SDK patch and keeps unrelated patches and resolutions (2.781786ms)
2026-10-05T02:17:55.5465152Z ✔ Meter preserves 22 ordinary declarations, four parameterized variants and separate full conformance (5.904441ms)
2026-10-05T02:17:55.6166478Z ✔ owned navigation API snapshot derives all actual eight exported components and types (22.376399ms)
2026-10-05T02:17:55.6174321Z ✔ navigation actual native runtime/type closure and all selected Source mappings preserve exact local bytes (214.045662ms)
2026-10-05T02:17:55.6198592Z ✔ navigation source graph resolves original index.parts and preserves immutable declaration accounting (3.969245ms)
2026-10-05T02:17:55.6479326Z ✔ extracts multiline conditional names and keeps their declaration lines (9.874482ms)
2026-10-05T02:17:55.6487667Z ✔ counts existing template declarations once and excludes parameterized factories (1.28315ms)
2026-10-05T02:17:55.6489124Z ✔ preserves verification metadata, marks added declarations unported, and rejects lost cases (0.626913ms)
2026-10-05T02:17:55.6499328Z ✔ locates the exact pinned type assertion and rejects missing assertions (3.527265ms)
2026-10-05T02:17:55.6500746Z ✔ explicit dynamic declaration inventory counts the orientation source site once (2.374186ms)
2026-10-05T02:17:55.6502143Z ✔ credited Dialog leaves retain immutable assertions, real fixtures and browser evidence (8.255348ms)
2026-10-05T02:17:55.6503453Z ✔ documented aggregate credit agrees with the shared manifest and overlapping Dialog trace (3.57847ms)
2026-10-05T02:17:55.6504839Z ✔ state ports retain complete source assertions and all fixture variants without crediting supplements (5.496926ms)
2026-10-05T02:17:55.6506591Z ✔ Progress keeps immutable 20 ordinary declarations, 7 parameterized variants and separate conformance (7.540796ms)
2026-10-05T02:17:55.7019957Z ✔ remote names canonicalize actual numeric issue paths without changing native names (1.917484ms)
2026-10-05T02:17:55.7047768Z ✔ public Kit path grammar rejects malformed and protected dynamic paths (0.816233ms)
2026-10-05T02:17:55.7064042Z ✔ actual schema method-name fields and similar protected spellings remain resolvable (0.370205ms)
2026-10-05T02:17:55.9535804Z ✔ Separator immutable source bytes, two ordinary declarations and fifteen separate helper records remain traceable (87.781173ms)
2026-10-05T02:17:56.8204459Z ✔ actual Toast core runs all 25 unchanged full bodies and both metadata helpers (200.597132ms)
2026-10-05T02:17:56.8229514Z ✔ actual public manager retains the entire data spec and all expected errors (0.24449ms)
2026-10-05T02:17:56.8257651Z ✔ core and public entry imports are SSR-safe and isolated without browser globals (746.719294ms)
2026-10-05T02:17:56.8978795Z ✔ Portal helper evidence retains immutable invocation/hashes without ordinary leaf credit (7.698117ms)
2026-10-05T02:17:56.8980484Z ✔ Toast provenance placeholders stay immutable and parameterized swipe variants remain explicit (2.127653ms)
2026-10-05T02:17:56.8981887Z ✔ every reference prerequisite retains the complete source body, assertions and metadata helpers (179.30859ms)
2026-10-05T02:17:56.8983221Z ✔ complete manager data type prerequisite retains every positive and negative assertion (0.271269ms)
2026-10-05T02:17:56.8984527Z ✔ rendering evidence preserves complete pinned provenance without crediting supplements (8.787196ms)
2026-10-05T02:17:56.8985847Z ✔ the context manager retains the full pinned data type spec with only its import adaptation (0.275896ms)
2026-10-05T02:17:56.8987366Z ✔ shared Toast credit includes only the thirteen complete hosted paired declarations (2.500022ms)
2026-10-05T02:17:56.8988640Z ✔ Toggle ledger preserves five complete standalone ports and two deferred group declarations (3.609747ms)
2026-10-05T02:17:56.9616667Z ✔ standalone Toggle renders SSR state and strips form/type/value without browser globals (762.229034ms)
2026-10-05T02:17:56.9683353Z ✔ uses matching pnpm for frozen bootstrap without requiring Corepack (63.763108ms)
2026-10-05T02:17:56.9684471Z ✔ replaces default pnpm 11 for direct and nested package-script commands (75.229274ms)
2026-10-05T02:17:56.9685469Z ✔ Corepack fallback preserves frozen bootstrap when pnpm is absent (85.326169ms)
2026-10-05T02:17:56.9686568Z ✔ rejects mismatched pnpm without Corepack before running commands (94.0862ms)
2026-10-05T02:17:56.9687477Z ✔ rejects a fallback that fails to select the pinned version (78.762953ms)
2026-10-05T02:17:57.0674061Z ✔ UseRender immutable ordinary, parameterized and type scopes remain separate (2.835556ms)
2026-10-05T02:17:57.0676973Z ✔ UseRender portable browser cases map exactly to bounded candidate scopes (1.234257ms)
2026-10-05T02:17:57.0680476Z ✔ UseRender graph matches the actual canonical runtime and type closure (340.122825ms)
2026-10-05T02:17:57.0750350Z ℹ tests 67
2026-10-05T02:17:57.0750664Z ℹ suites 0
2026-10-05T02:17:57.0750934Z ℹ pass 67
2026-10-05T02:17:57.0751199Z ℹ fail 0
2026-10-05T02:17:57.0751531Z ℹ cancelled 0
2026-10-05T02:17:57.0754949Z ℹ skipped 0
2026-10-05T02:17:57.0755781Z ℹ todo 0
2026-10-05T02:17:57.0786159Z ℹ duration_ms 6597.777479
2026-10-05T02:17:57.0853979Z ##[group]Run pnpm --filter @sveltery/base build
2026-10-05T02:17:57.0854292Z [36;1mpnpm --filter @sveltery/base build[0m
2026-10-05T02:17:57.0912748Z shell: /usr/bin/bash -e {0}
2026-10-05T02:17:57.0912971Z env:
2026-10-05T02:17:57.0913195Z   PNPM_HOME: /home/runner/setup-pnpm/node_modules/.bin
2026-10-05T02:17:57.0913458Z ##[endgroup]
2026-10-05T02:17:57.1191904Z $ svelte-package -i src/lib -o dist
2026-10-05T02:18:03.7558970Z src/lib -> dist
2026-10-05T02:18:03.8811832Z ##[group]Run pnpm check
2026-10-05T02:18:03.8812065Z [36;1mpnpm check[0m
2026-10-05T02:18:03.8871391Z shell: /usr/bin/bash -e {0}
2026-10-05T02:18:03.8871617Z env:
2026-10-05T02:18:03.8871839Z   PNPM_HOME: /home/runner/setup-pnpm/node_modules/.bin
2026-10-05T02:18:03.8872102Z ##[endgroup]
2026-10-05T02:18:03.9085190Z $ pnpm -r check
2026-10-05T02:18:03.9850449Z $ svelte-check --tsconfig ./tsconfig.json
2026-10-05T02:18:14.3720514Z Loading svelte-check in workspace: /home/runner/work/base/base/packages/base
2026-10-05T02:18:14.3721756Z Getting Svelte diagnostics...
2026-10-05T02:18:14.3721989Z 
2026-10-05T02:18:14.3766105Z /home/runner/work/base/base/packages/base/[32mtests/dom/UseClickFixture.svelte[39m:8:210
2026-10-05T02:18:14.3768542Z [31mError[39m: Block-scoped variable '$props' used before its declaration. (ts)
2026-10-05T02:18:14.3769384Z [36m  import { mergeProps } from '../../src/lib/merge-props/index.js';
2026-10-05T02:18:14.3771096Z   let { options = {}, initialOpen = false, typeable = false, cancel = false, beforeClick }: { options?: UseClickProps; initialOpen?: boolean; typeable?: boolean; cancel?: boolean; beforeClick?: () => void } = [35m$props[36m();
2026-10-05T02:18:14.3772509Z   let selectedOptions = $state.raw<UseClickProps>(untrack(() => options));[39m
2026-10-05T02:18:14.3772920Z 
2026-10-05T02:18:14.3773470Z /home/runner/work/base/base/packages/base/[32mtests/dom/UseClickFixture.svelte[39m:18:61
2026-10-05T02:18:14.3774480Z [31mError[39m: Type 'Element | undefined' is not assignable to type 'HTMLElement | undefined'.
2026-10-05T02:18:14.3775565Z   Type 'Element' is missing the following properties from type 'HTMLElement': accessKey, accessKeyLabel, autocapitalize, autocorrect, and 129 more. (ts)
2026-10-05T02:18:14.3776698Z [36m      onOpenChange(open, details) {
2026-10-05T02:18:14.3777397Z         changes.push({ owner, open, reason: details.reason, [35mtrigger[36m: details.trigger });
2026-10-05T02:18:14.3778013Z         if (cancel) details.cancel();[39m
2026-10-05T02:18:14.3778239Z 
2026-10-05T02:18:14.3778657Z /home/runner/work/base/base/packages/base/[32mtests/dom/UseClickFixture.svelte[39m:8:210
2026-10-05T02:18:14.3779332Z [31mError[39m: Cannot use 'props' as a store. 'props' needs to be an object with a subscribe method on it.
2026-10-05T02:18:14.3779646Z 
2026-10-05T02:18:14.3779765Z No overload matches this call.
2026-10-05T02:18:14.3780098Z   Overload 1 of 2, '(store: SvelteStore<any>): any', gave the following error.
2026-10-05T02:18:14.3780545Z     Argument of type 'Props' is not assignable to parameter of type 'SvelteStore<any>'.
2026-10-05T02:18:14.3781041Z       Property 'subscribe' is missing in type 'Props' but required in type 'SvelteStore<any>'.
2026-10-05T02:18:14.3781564Z   Overload 2 of 2, '(store: SvelteStore<any> | null | undefined): any', gave the following error.
2026-10-05T02:18:14.3782044Z     Argument of type 'Props' is not assignable to parameter of type 'SvelteStore<any>'.
2026-10-05T02:18:14.3782550Z       Property 'subscribe' is missing in type 'Props' but required in type 'SvelteStore<any>'. (ts)
2026-10-05T02:18:14.3783082Z [36m  import { mergeProps } from '../../src/lib/merge-props/index.js';
2026-10-05T02:18:14.3784005Z   let { options = {}, initialOpen = false, typeable = false, cancel = false, beforeClick }: { options?: UseClickProps; initialOpen?: boolean; typeable?: boolean; cancel?: boolean; beforeClick?: () => void } = [35m$props[36m();
2026-10-05T02:18:14.3784839Z   let selectedOptions = $state.raw<UseClickProps>(untrack(() => options));[39m
2026-10-05T02:18:14.3785083Z 
2026-10-05T02:18:14.3785190Z ====================================
2026-10-05T02:18:14.3785544Z [31msvelte-check found 3 errors and 0 warnings in 1 file
2026-10-05T02:18:14.4643482Z [ELIFECYCLE] Command failed with exit code 1.
2026-10-05T02:18:14.4896033Z Error: ERR_PNPM_RECURSIVE_RUN_FIRST_FAIL
2026-10-05T02:18:14.4896263Z 
2026-10-05T02:18:14.4897098Z   × "pnpm recursive run" failed in /home/runner/work/base/base/packages/base
2026-10-05T02:18:14.4897859Z 
2026-10-05T02:18:14.4907460Z [ELIFECYCLE] Command failed with exit code 1.
2026-10-05T02:18:14.4919149Z [39m
2026-10-05T02:18:14.4930172Z ##[error]Process completed with exit code 1.
2026-10-05T02:18:14.5023092Z Post job cleanup.
2026-10-05T02:18:14.6157925Z Pruning is unnecessary.
2026-10-05T02:18:14.6302204Z Post job cleanup.
2026-10-05T02:18:14.7271886Z [command]/usr/bin/git version
2026-10-05T02:18:14.7308148Z git version 2.55.0
2026-10-05T02:18:14.7340718Z Temporarily overriding HOME='/home/runner/work/_temp/dc9f7350-53bc-4ca7-b220-19bd0c5e2bc4' before making global git config changes
2026-10-05T02:18:14.7342150Z Adding repository directory to the temporary git global config as a safe directory
2026-10-05T02:18:14.7352972Z [command]/usr/bin/git config --global --add safe.directory /home/runner/work/base/base
2026-10-05T02:18:14.7426011Z Removing SSH command configuration
2026-10-05T02:18:14.7432575Z [command]/usr/bin/git config --local --name-only --get-regexp core\.sshCommand
2026-10-05T02:18:14.7470373Z [command]/usr/bin/git submodule foreach --recursive sh -c "git config --local --name-only --get-regexp 'core\.sshCommand' && git config --local --unset-all 'core.sshCommand' || :"
2026-10-05T02:18:14.7687271Z Removing HTTP extra header
2026-10-05T02:18:14.7692812Z [command]/usr/bin/git config --local --name-only --get-regexp http\.https\:\/\/github\.com\/\.extraheader
2026-10-05T02:18:14.7735724Z [command]/usr/bin/git submodule foreach --recursive sh -c "git config --local --name-only --get-regexp 'http\.https\:\/\/github\.com\/\.extraheader' && git config --local --unset-all 'http.https://github.com/.extraheader' || :"
2026-10-05T02:18:14.7943900Z Removing includeIf entries pointing to credentials config files
2026-10-05T02:18:14.7952594Z [command]/usr/bin/git config --local --name-only --get-regexp ^includeIf\.gitdir:
2026-10-05T02:18:14.7988937Z [command]/usr/bin/git submodule foreach --recursive git config --local --show-origin --name-only --get-regexp remote.origin.url
2026-10-05T02:18:14.8524201Z Cleaning up orphan processes

