$ playwright test tests/browser/collapsible.spec.ts --grep 'P:211 Svelte'
[WebServer] (node:1156848) Warning: The 'NO_COLOR' env is ignored due to the 'FORCE_COLOR' env being set.
[WebServer] (Use `node --trace-warnings ...` to show where the warning was created)

Running 1 test using 1 worker

(node:1156880) Warning: The 'NO_COLOR' env is ignored due to the 'FORCE_COLOR' env being set.
(Use `node --trace-warnings ...` to show where the warning was created)
  ✘  1 tests/browser/collapsible.spec.ts:131:3 › P:211 Svelte applies data-starting-style while opening (2ms)


  1) tests/browser/collapsible.spec.ts:131:3 › P:211 Svelte applies data-starting-style while opening 

    Error: browserType.launch: Target page, context or browser has been closed
    Browser logs:

    <launching> /usr/bin/chromium --disable-field-trial-config --disable-background-networking --disable-background-timer-throttling --disable-backgrounding-occluded-windows --disable-back-forward-cache --disable-breakpad --disable-client-side-phishing-detection --disable-component-extensions-with-background-pages --disable-component-update --no-default-browser-check --disable-default-apps --disable-dev-shm-usage --disable-edgeupdater --disable-extensions --disable-features=AvoidUnnecessaryBeforeUnloadCheckSync,DestroyProfileOnBrowserClose,DialMediaRouteProvider,GlobalMediaControls,HttpsUpgrades,LensOverlay,MediaRouter,PaintHolding,ThirdPartyStoragePartitioning,BlockOriginHeaderModificationOnRedirect,Translate,AutoDeElevate,OptimizationHints,msForceBrowserSignIn,msEdgeUpdateLaunchServicesPreferredVersion --enable-features=CDPScreenshotNewSurface --allow-pre-commit-input --disable-hang-monitor --disable-ipc-flooding-protection --disable-popup-blocking --disable-prompt-on-repost --disable-renderer-backgrounding --disable-updater-scheduler --force-color-profile=srgb --metrics-recording-only --no-first-run --password-store=basic --use-mock-keychain --no-service-autorun --export-tagged-pdf --disable-search-engine-choice-screen --unsafely-disable-devtools-self-xss-warnings --edge-skip-compat-layer-relaunch --disable-infobars --disable-search-engine-choice-screen --disable-sync --enable-unsafe-swiftshader --headless --hide-scrollbars --mute-audio --blink-settings=primaryHoverType=2,availableHoverTypes=2,primaryPointerType=4,availablePointerTypes=4 --user-data-dir=/tmp/playwright_chromiumdev_profile-Hiswku --remote-debugging-pipe --no-startup-window
    <launched> pid=1156892
    [pid=1156892][err] [1156892:1156892:1005/191342.205961:ERROR:third_party/crashpad/crashpad/util/file/filesystem_posix.cc:63] mkdir : No such file or directory (2)
    [pid=1156892][err] chrome_crashpad_handler: --database is required
    [pid=1156892][err] Try 'chrome_crashpad_handler --help' for more information.
    [pid=1156892][err] [1156892:1156892:1005/191342.208768:FATAL:sandbox/linux/suid/client/setuid_sandbox_host.cc:166] The SUID sandbox helper binary was found, but is not configured correctly. Rather than run without sandboxing I'm aborting now. You need to make sure that /usr/lib/chromium/chrome-sandbox is owned by root and has mode 4755.
    Call log:
      - <launching> /usr/bin/chromium --disable-field-trial-config --disable-background-networking --disable-background-timer-throttling --disable-backgrounding-occluded-windows --disable-back-forward-cache --disable-breakpad --disable-client-side-phishing-detection --disable-component-extensions-with-background-pages --disable-component-update --no-default-browser-check --disable-default-apps --disable-dev-shm-usage --disable-edgeupdater --disable-extensions --disable-features=AvoidUnnecessaryBeforeUnloadCheckSync,DestroyProfileOnBrowserClose,DialMediaRouteProvider,GlobalMediaControls,HttpsUpgrades,LensOverlay,MediaRouter,PaintHolding,ThirdPartyStoragePartitioning,BlockOriginHeaderModificationOnRedirect,Translate,AutoDeElevate,OptimizationHints,msForceBrowserSignIn,msEdgeUpdateLaunchServicesPreferredVersion --enable-features=CDPScreenshotNewSurface --allow-pre-commit-input --disable-hang-monitor --disable-ipc-flooding-protection --disable-popup-blocking --disable-prompt-on-repost --disable-renderer-backgrounding --disable-updater-scheduler --force-color-profile=srgb --metrics-recording-only --no-first-run --password-store=basic --use-mock-keychain --no-service-autorun --export-tagged-pdf --disable-search-engine-choice-screen --unsafely-disable-devtools-self-xss-warnings --edge-skip-compat-layer-relaunch --disable-infobars --disable-search-engine-choice-screen --disable-sync --enable-unsafe-swiftshader --headless --hide-scrollbars --mute-audio --blink-settings=primaryHoverType=2,availableHoverTypes=2,primaryPointerType=4,availablePointerTypes=4 --user-data-dir=/tmp/playwright_chromiumdev_profile-Hiswku --remote-debugging-pipe --no-startup-window
      - <launched> pid=1156892
      - [pid=1156892][err] [1156892:1156892:1005/191342.205961:ERROR:third_party/crashpad/crashpad/util/file/filesystem_posix.cc:63] mkdir : No such file or directory (2)
      - [pid=1156892][err] chrome_crashpad_handler: --database is required
      - [pid=1156892][err] Try 'chrome_crashpad_handler --help' for more information.
      - [pid=1156892][err] [1156892:1156892:1005/191342.208768:FATAL:sandbox/linux/suid/client/setuid_sandbox_host.cc:166] The SUID sandbox helper binary was found, but is not configured correctly. Rather than run without sandboxing I'm aborting now. You need to make sure that /usr/lib/chromium/chrome-sandbox is owned by root and has mode 4755.
      - [pid=1156892] <gracefully close start>
      - [pid=1156892] <kill>
      - [pid=1156892] <will force kill>
      - [pid=1156892] <process did exit: exitCode=null, signal=SIGABRT>
      - [pid=1156892] starting temporary directories cleanup
      - [pid=1156892] finished temporary directories cleanup
      - [pid=1156892] <gracefully close end>


    Error Context: test-results/collapsible-P-211-Svelte-a-61935-tarting-style-while-opening/error-context.md

    attachment #2: trace (application/zip) ─────────────────────────────────────────────────────────
    test-results/collapsible-P-211-Svelte-a-61935-tarting-style-while-opening/trace.zip
    Usage:

        pnpm exec playwright show-trace test-results/collapsible-P-211-Svelte-a-61935-tarting-style-while-opening/trace.zip

    ────────────────────────────────────────────────────────────────────────────────────────────────

  1 failed
    tests/browser/collapsible.spec.ts:131:3 › P:211 Svelte applies data-starting-style while opening 
[ELIFECYCLE] Command failed with exit code 1.
