Listing tests:
  menu-family-source.spec.ts:22:3 › native Svelte: trusted mouse opens, navigates disabled items, typeahead and selection
  menu-family-source.spec.ts:36:65 › native Svelte: keyboard Enter trigger opening
  menu-family-source.spec.ts:36:65 › native Svelte: keyboard Space trigger opening
  menu-family-source.spec.ts:36:65 › native Svelte: keyboard ArrowDown trigger opening
  menu-family-source.spec.ts:36:65 › native Svelte: keyboard ArrowUp trigger opening
  menu-family-source.spec.ts:43:48 › native Svelte: selection callback cancellation accepted
  menu-family-source.spec.ts:43:48 › native Svelte: selection callback cancellation check
  menu-family-source.spec.ts:43:48 › native Svelte: selection callback cancellation radio
  menu-family-source.spec.ts:49:43 › native Svelte: root open cancellation
  menu-family-source.spec.ts:49:43 › native Svelte: root close cancellation
  menu-family-source.spec.ts:54:43 › native Svelte: three nested levels and ltr arrow relay
  menu-family-source.spec.ts:54:43 › native Svelte: three nested levels and rtl arrow relay
  menu-family-source.spec.ts:64:97 › native Svelte: ltr/horizontal Menubar sibling navigation
  menu-family-source.spec.ts:64:97 › native Svelte: rtl/horizontal Menubar sibling navigation
  menu-family-source.spec.ts:64:97 › native Svelte: ltr/vertical Menubar sibling navigation
  menu-family-source.spec.ts:64:97 › native Svelte: rtl/vertical Menubar sibling navigation
  menu-family-source.spec.ts:75:3 › native Svelte: retained actions keep mounted exit until unmount
  menu-family-source.spec.ts:81:3 › native Svelte: detached handle trigger ownership and payload viewport remount
  menu-family-source.spec.ts:91:3 › native Svelte: ContextMenu uses trusted pointer anchor, outside release and Escape
  menu-family-source.spec.ts:98:3 › native Svelte: hover opens after rest and mouse exit dismisses
  menu-family-source.spec.ts:103:3 › native Svelte: Toolbar menu restores composite focus and arrow relay
  menu-family-source.spec.ts:108:3 › native Svelte: modal menu locks scroll and outside pointer dismisses
  menu-family-source.spec.ts:22:3 › Original React: trusted mouse opens, navigates disabled items, typeahead and selection
  menu-family-source.spec.ts:36:65 › Original React: keyboard Enter trigger opening
  menu-family-source.spec.ts:36:65 › Original React: keyboard Space trigger opening
  menu-family-source.spec.ts:36:65 › Original React: keyboard ArrowDown trigger opening
  menu-family-source.spec.ts:36:65 › Original React: keyboard ArrowUp trigger opening
  menu-family-source.spec.ts:43:48 › Original React: selection callback cancellation accepted
  menu-family-source.spec.ts:43:48 › Original React: selection callback cancellation check
  menu-family-source.spec.ts:43:48 › Original React: selection callback cancellation radio
  menu-family-source.spec.ts:49:43 › Original React: root open cancellation
  menu-family-source.spec.ts:49:43 › Original React: root close cancellation
  menu-family-source.spec.ts:54:43 › Original React: three nested levels and ltr arrow relay
  menu-family-source.spec.ts:54:43 › Original React: three nested levels and rtl arrow relay
  menu-family-source.spec.ts:64:97 › Original React: ltr/horizontal Menubar sibling navigation
  menu-family-source.spec.ts:64:97 › Original React: rtl/horizontal Menubar sibling navigation
  menu-family-source.spec.ts:64:97 › Original React: ltr/vertical Menubar sibling navigation
  menu-family-source.spec.ts:64:97 › Original React: rtl/vertical Menubar sibling navigation
  menu-family-source.spec.ts:75:3 › Original React: retained actions keep mounted exit until unmount
  menu-family-source.spec.ts:81:3 › Original React: detached handle trigger ownership and payload viewport remount
  menu-family-source.spec.ts:91:3 › Original React: ContextMenu uses trusted pointer anchor, outside release and Escape
  menu-family-source.spec.ts:98:3 › Original React: hover opens after rest and mouse exit dismisses
  menu-family-source.spec.ts:103:3 › Original React: Toolbar menu restores composite focus and arrow relay
  menu-family-source.spec.ts:108:3 › Original React: modal menu locks scroll and outside pointer dismisses
Total: 44 tests in 1 file
