2026-10-06T22:10:31.0603224Z Current runner version: '2.337.0'
2026-10-06T22:10:31.0646462Z ##[group]Runner Image Provisioner
2026-10-06T22:10:31.0647154Z Hosted Compute Agent
2026-10-06T22:10:31.0647608Z Version: 20260901.588
2026-10-06T22:10:31.0648158Z Commit: f88ec8081b781fac6c440065ac7ff9e710ce3d0b
2026-10-06T22:10:31.0648730Z Build Date: 2026-09-01T19:56:44Z
2026-10-06T22:10:31.0649488Z Worker ID: {b023508d-543f-47ed-bf45-5b214ab1b68f}
2026-10-06T22:10:31.0650071Z Azure Region: centralus
2026-10-06T22:10:31.0650540Z ##[endgroup]
2026-10-06T22:10:31.0651828Z ##[group]Operating System
2026-10-06T22:10:31.0652324Z Ubuntu
2026-10-06T22:10:31.0652773Z 22.04.5
2026-10-06T22:10:31.0653170Z LTS
2026-10-06T22:10:31.0653573Z ##[endgroup]
2026-10-06T22:10:31.0654044Z ##[group]Runner Image
2026-10-06T22:10:31.0654514Z Image: ubuntu-22.04
2026-10-06T22:10:31.0654937Z Version: 20260927.309.1
2026-10-06T22:10:31.0656038Z Included Software: https://github.com/actions/runner-images/blob/ubuntu22/20260927.309/images/ubuntu/Ubuntu2204-Readme.md
2026-10-06T22:10:31.0657420Z Image Release: https://github.com/actions/runner-images/releases/tag/ubuntu22%2F20260927.309
2026-10-06T22:10:31.0658228Z ##[endgroup]
2026-10-06T22:10:31.0659152Z ##[group]GITHUB_TOKEN Permissions
2026-10-06T22:10:31.0661112Z Contents: read
2026-10-06T22:10:31.0661637Z Metadata: read
2026-10-06T22:10:31.0662081Z ##[endgroup]
2026-10-06T22:10:31.0663851Z Secret source: Actions
2026-10-06T22:10:31.0664612Z Cache mode: write
2026-10-06T22:10:31.0665155Z Prepare workflow directory
2026-10-06T22:10:31.0942894Z Prepare all required actions
2026-10-06T22:10:31.0983881Z Getting action download info
2026-10-06T22:10:31.3707886Z Download action repository 'actions/checkout@d23441a48e516b6c34aea4fa41551a30e30af803' (SHA:d23441a48e516b6c34aea4fa41551a30e30af803)
2026-10-06T22:10:31.4735548Z Download action repository 'pnpm/action-setup@fc06bc1257f339d1d5d8b3a19a8cae5388b55320' (SHA:fc06bc1257f339d1d5d8b3a19a8cae5388b55320)
2026-10-06T22:10:31.9563908Z Download action repository 'actions/setup-node@249970729cb0ef3589644e2896645e5dc5ba9c38' (SHA:249970729cb0ef3589644e2896645e5dc5ba9c38)
2026-10-06T22:10:32.4945925Z Download action repository 'actions/upload-artifact@ea165f8d65b6e75b540449e92b4886f43607fa02' (SHA:ea165f8d65b6e75b540449e92b4886f43607fa02)
2026-10-06T22:10:32.8436900Z Complete job name: Menu family Source browser
2026-10-06T22:10:32.9004855Z ##[group]Run actions/checkout@d23441a48e516b6c34aea4fa41551a30e30af803
2026-10-06T22:10:32.9005875Z with:
2026-10-06T22:10:32.9006453Z   ref: 1696a07aaa40ee6b648e8eaecc5f24a61bfd5af7
2026-10-06T22:10:32.9007201Z   persist-credentials: false
2026-10-06T22:10:32.9007843Z   repository: sveltery/base
2026-10-06T22:10:32.9013120Z   token: ***
2026-10-06T22:10:32.9013681Z   ssh-strict: true
2026-10-06T22:10:32.9014234Z   ssh-user: git
2026-10-06T22:10:32.9014769Z   clean: true
2026-10-06T22:10:32.9015343Z   sparse-checkout-cone-mode: true
2026-10-06T22:10:32.9015989Z   fetch-depth: 1
2026-10-06T22:10:32.9016553Z   fetch-tags: false
2026-10-06T22:10:32.9017150Z   show-progress: true
2026-10-06T22:10:32.9017712Z   lfs: false
2026-10-06T22:10:32.9018233Z   submodules: false
2026-10-06T22:10:32.9018793Z   set-safe-directory: true
2026-10-06T22:10:32.9019568Z   allow-unsafe-pr-checkout: false
2026-10-06T22:10:32.9020322Z ##[endgroup]
2026-10-06T22:10:32.9607789Z Syncing repository: sveltery/base
2026-10-06T22:10:32.9609636Z ##[group]Getting Git version info
2026-10-06T22:10:32.9610397Z Working directory is '/home/runner/work/base/base'
2026-10-06T22:10:32.9611611Z [command]/usr/bin/git version
2026-10-06T22:10:32.9846376Z git version 2.55.0
2026-10-06T22:10:32.9862152Z ##[endgroup]
2026-10-06T22:10:32.9873513Z Temporarily overriding HOME='/home/runner/work/_temp/3a6d549d-5ab4-4944-81ac-57a0349828b2' before making global git config changes
2026-10-06T22:10:32.9875421Z Adding repository directory to the temporary git global config as a safe directory
2026-10-06T22:10:32.9876963Z [command]/usr/bin/git config --global --add safe.directory /home/runner/work/base/base
2026-10-06T22:10:32.9911819Z Deleting the contents of '/home/runner/work/base/base'
2026-10-06T22:10:32.9916094Z ##[group]Determining repository object format
2026-10-06T22:10:32.9921307Z ##[endgroup]
2026-10-06T22:10:32.9925756Z ##[group]Initializing the repository
2026-10-06T22:10:32.9927042Z [command]/usr/bin/git init /home/runner/work/base/base
2026-10-06T22:10:33.0208026Z hint: Using 'master' as the name for the initial branch. This default branch name
2026-10-06T22:10:33.0209936Z hint: will change to "main" in Git 3.0. To configure the initial branch name
2026-10-06T22:10:33.0212186Z hint: to use in all of your new repositories, which will suppress this warning,
2026-10-06T22:10:33.0213651Z hint: call:
2026-10-06T22:10:33.0214517Z hint:
2026-10-06T22:10:33.0215596Z hint: 	git config --global init.defaultBranch <name>
2026-10-06T22:10:33.0216813Z hint:
2026-10-06T22:10:33.0217919Z hint: Names commonly chosen instead of 'master' are 'main', 'trunk' and
2026-10-06T22:10:33.0219765Z hint: 'development'. The just-created branch can be renamed via this command:
2026-10-06T22:10:33.0221175Z hint:
2026-10-06T22:10:33.0221992Z hint: 	git branch -m <name>
2026-10-06T22:10:33.0222900Z hint:
2026-10-06T22:10:33.0224077Z hint: Disable this message with "git config set advice.defaultBranchName false"
2026-10-06T22:10:33.0225990Z Initialized empty Git repository in /home/runner/work/base/base/.git/
2026-10-06T22:10:33.0228775Z [command]/usr/bin/git remote add origin https://github.com/sveltery/base
2026-10-06T22:10:33.1309037Z ##[endgroup]
2026-10-06T22:10:33.1310613Z ##[group]Disabling automatic garbage collection
2026-10-06T22:10:33.1311843Z [command]/usr/bin/git config --local gc.auto 0
2026-10-06T22:10:33.1512355Z ##[endgroup]
2026-10-06T22:10:33.1513837Z ##[group]Setting up auth
2026-10-06T22:10:33.1514867Z Removing SSH command configuration
2026-10-06T22:10:33.1516344Z [command]/usr/bin/git config --local --name-only --get-regexp core\.sshCommand
2026-10-06T22:10:33.1529724Z [command]/usr/bin/git submodule foreach --recursive sh -c "git config --local --name-only --get-regexp 'core\.sshCommand' && git config --local --unset-all 'core.sshCommand' || :"
2026-10-06T22:10:33.2650457Z Removing HTTP extra header
2026-10-06T22:10:33.2654541Z [command]/usr/bin/git config --local --name-only --get-regexp http\.https\:\/\/github\.com\/\.extraheader
2026-10-06T22:10:33.2672507Z [command]/usr/bin/git submodule foreach --recursive sh -c "git config --local --name-only --get-regexp 'http\.https\:\/\/github\.com\/\.extraheader' && git config --local --unset-all 'http.https://github.com/.extraheader' || :"
2026-10-06T22:10:33.2766854Z Removing includeIf entries pointing to credentials config files
2026-10-06T22:10:33.2770247Z [command]/usr/bin/git config --local --name-only --get-regexp ^includeIf\.gitdir:
2026-10-06T22:10:33.2786509Z [command]/usr/bin/git submodule foreach --recursive git config --local --show-origin --name-only --get-regexp remote.origin.url
2026-10-06T22:10:33.2880582Z [command]/usr/bin/git config --file /home/runner/work/_temp/git-credentials-5c58416a-feb2-47aa-bb10-3842a64aaaca.config http.https://github.com/.extraheader AUTHORIZATION: basic ***
2026-10-06T22:10:33.2899898Z [command]/usr/bin/git config --local includeIf.gitdir:/home/runner/work/base/base/.git.path /home/runner/work/_temp/git-credentials-5c58416a-feb2-47aa-bb10-3842a64aaaca.config
2026-10-06T22:10:33.2997313Z [command]/usr/bin/git config --local includeIf.gitdir:/home/runner/work/base/base/.git/worktrees/*.path /home/runner/work/_temp/git-credentials-5c58416a-feb2-47aa-bb10-3842a64aaaca.config
2026-10-06T22:10:33.3095230Z [command]/usr/bin/git config --local includeIf.gitdir:/github/workspace/.git.path /github/runner_temp/git-credentials-5c58416a-feb2-47aa-bb10-3842a64aaaca.config
2026-10-06T22:10:33.3112849Z [command]/usr/bin/git config --local includeIf.gitdir:/github/workspace/.git/worktrees/*.path /github/runner_temp/git-credentials-5c58416a-feb2-47aa-bb10-3842a64aaaca.config
2026-10-06T22:10:33.3195549Z ##[endgroup]
2026-10-06T22:10:33.3196351Z ##[group]Fetching the repository
2026-10-06T22:10:33.3200960Z [command]/usr/bin/git -c protocol.version=2 fetch --no-tags --prune --no-recurse-submodules --depth=1 origin 1696a07aaa40ee6b648e8eaecc5f24a61bfd5af7
2026-10-06T22:10:35.0565635Z From https://github.com/sveltery/base
2026-10-06T22:10:35.0566177Z  * branch            1696a07aaa40ee6b648e8eaecc5f24a61bfd5af7 -> FETCH_HEAD
2026-10-06T22:10:35.0574684Z [command]/usr/bin/git rev-parse --verify --quiet 1696a07aaa40ee6b648e8eaecc5f24a61bfd5af7^{object}
2026-10-06T22:10:35.0586754Z 1696a07aaa40ee6b648e8eaecc5f24a61bfd5af7
2026-10-06T22:10:35.0593104Z ##[endgroup]
2026-10-06T22:10:35.0593493Z ##[group]Determining the checkout info
2026-10-06T22:10:35.0593882Z ##[endgroup]
2026-10-06T22:10:35.0594203Z [command]/usr/bin/git sparse-checkout disable
2026-10-06T22:10:35.0719764Z [command]/usr/bin/git config --local --unset-all extensions.worktreeConfig
2026-10-06T22:10:35.0817039Z ##[group]Checking out the ref
2026-10-06T22:10:35.0819435Z [command]/usr/bin/git checkout --progress --force 1696a07aaa40ee6b648e8eaecc5f24a61bfd5af7
2026-10-06T22:10:35.3209584Z Note: switching to '1696a07aaa40ee6b648e8eaecc5f24a61bfd5af7'.
2026-10-06T22:10:35.3209919Z 
2026-10-06T22:10:35.3210298Z You are in 'detached HEAD' state. You can look around, make experimental
2026-10-06T22:10:35.3210887Z changes and commit them, and you can discard any commits you make in this
2026-10-06T22:10:35.3211459Z state without impacting any branches by switching back to a branch.
2026-10-06T22:10:35.3211835Z 
2026-10-06T22:10:35.3212207Z If you want to create a new branch to retain commits you create, you may
2026-10-06T22:10:35.3212589Z do so (now or later) by using -c with the switch command. Example:
2026-10-06T22:10:35.3212819Z 
2026-10-06T22:10:35.3212925Z   git switch -c <new-branch-name>
2026-10-06T22:10:35.3213100Z 
2026-10-06T22:10:35.3213968Z Or undo this operation with:
2026-10-06T22:10:35.3214121Z 
2026-10-06T22:10:35.3214290Z   git switch -
2026-10-06T22:10:35.3214398Z 
2026-10-06T22:10:35.3214594Z Turn off this advice by setting config variable advice.detachedHead to false
2026-10-06T22:10:35.3214763Z 
2026-10-06T22:10:35.3214880Z HEAD is now at 1696a07 Add actual Menu render-host outro lifetime diagnostic
2026-10-06T22:10:35.3222533Z ##[endgroup]
2026-10-06T22:10:35.3245999Z [command]/usr/bin/git log -1 --format=%H
2026-10-06T22:10:35.3258076Z 1696a07aaa40ee6b648e8eaecc5f24a61bfd5af7
2026-10-06T22:10:35.3263445Z ##[group]Removing auth
2026-10-06T22:10:35.3263687Z Removing SSH command configuration
2026-10-06T22:10:35.3265493Z [command]/usr/bin/git config --local --name-only --get-regexp core\.sshCommand
2026-10-06T22:10:35.3279585Z [command]/usr/bin/git submodule foreach --recursive sh -c "git config --local --name-only --get-regexp 'core\.sshCommand' && git config --local --unset-all 'core.sshCommand' || :"
2026-10-06T22:10:35.3376403Z Removing HTTP extra header
2026-10-06T22:10:35.3379705Z [command]/usr/bin/git config --local --name-only --get-regexp http\.https\:\/\/github\.com\/\.extraheader
2026-10-06T22:10:35.3397779Z [command]/usr/bin/git submodule foreach --recursive sh -c "git config --local --name-only --get-regexp 'http\.https\:\/\/github\.com\/\.extraheader' && git config --local --unset-all 'http.https://github.com/.extraheader' || :"
2026-10-06T22:10:35.3490794Z Removing includeIf entries pointing to credentials config files
2026-10-06T22:10:35.3491177Z [command]/usr/bin/git config --local --name-only --get-regexp ^includeIf\.gitdir:
2026-10-06T22:10:35.3501584Z includeif.gitdir:/home/runner/work/base/base/.git.path
2026-10-06T22:10:35.3502083Z includeif.gitdir:/home/runner/work/base/base/.git/worktrees/*.path
2026-10-06T22:10:35.3502857Z includeif.gitdir:/github/workspace/.git.path
2026-10-06T22:10:35.3503221Z includeif.gitdir:/github/workspace/.git/worktrees/*.path
2026-10-06T22:10:35.3507638Z [command]/usr/bin/git config --local --get-all includeif.gitdir:/home/runner/work/base/base/.git.path
2026-10-06T22:10:35.3518030Z /home/runner/work/_temp/git-credentials-5c58416a-feb2-47aa-bb10-3842a64aaaca.config
2026-10-06T22:10:35.3523043Z [command]/usr/bin/git config --local --unset includeif.gitdir:/home/runner/work/base/base/.git.path /home/runner/work/_temp/git-credentials-5c58416a-feb2-47aa-bb10-3842a64aaaca.config
2026-10-06T22:10:35.3608411Z [command]/usr/bin/git config --local --get-all includeif.gitdir:/home/runner/work/base/base/.git/worktrees/*.path
2026-10-06T22:10:35.3618073Z /home/runner/work/_temp/git-credentials-5c58416a-feb2-47aa-bb10-3842a64aaaca.config
2026-10-06T22:10:35.3622891Z [command]/usr/bin/git config --local --unset includeif.gitdir:/home/runner/work/base/base/.git/worktrees/*.path /home/runner/work/_temp/git-credentials-5c58416a-feb2-47aa-bb10-3842a64aaaca.config
2026-10-06T22:10:35.3711757Z [command]/usr/bin/git config --local --get-all includeif.gitdir:/github/workspace/.git.path
2026-10-06T22:10:35.3722476Z /github/runner_temp/git-credentials-5c58416a-feb2-47aa-bb10-3842a64aaaca.config
2026-10-06T22:10:35.3727193Z [command]/usr/bin/git config --local --unset includeif.gitdir:/github/workspace/.git.path /github/runner_temp/git-credentials-5c58416a-feb2-47aa-bb10-3842a64aaaca.config
2026-10-06T22:10:35.3808978Z [command]/usr/bin/git config --local --get-all includeif.gitdir:/github/workspace/.git/worktrees/*.path
2026-10-06T22:10:35.3818949Z /github/runner_temp/git-credentials-5c58416a-feb2-47aa-bb10-3842a64aaaca.config
2026-10-06T22:10:35.3822568Z [command]/usr/bin/git config --local --unset includeif.gitdir:/github/workspace/.git/worktrees/*.path /github/runner_temp/git-credentials-5c58416a-feb2-47aa-bb10-3842a64aaaca.config
2026-10-06T22:10:35.3905657Z [command]/usr/bin/git submodule foreach --recursive git config --local --show-origin --name-only --get-regexp remote.origin.url
2026-10-06T22:10:35.4008886Z Removing credentials config '/home/runner/work/_temp/git-credentials-5c58416a-feb2-47aa-bb10-3842a64aaaca.config'
2026-10-06T22:10:35.4015330Z ##[endgroup]
2026-10-06T22:10:35.4205330Z ##[group]Run pnpm/action-setup@fc06bc1257f339d1d5d8b3a19a8cae5388b55320
2026-10-06T22:10:35.4205543Z with:
2026-10-06T22:10:35.4205648Z   version: 12.6.0
2026-10-06T22:10:35.4205755Z   run_install: false
2026-10-06T22:10:35.4205865Z   dest: ~/setup-pnpm
2026-10-06T22:10:35.4205973Z   cache: false
2026-10-06T22:10:35.4206088Z   cache_dependency_path: pnpm-lock.yaml
2026-10-06T22:10:35.4206236Z   package_json_file: package.json
2026-10-06T22:10:35.4206365Z   standalone: false
2026-10-06T22:10:35.4206472Z ##[endgroup]
2026-10-06T22:10:35.4969919Z ##[group]Running self-installer...
2026-10-06T22:10:35.8233028Z (node:1940) [DEP0169] DeprecationWarning: `url.parse()` behavior is not standardized and prone to errors that have security implications. Use the WHATWG URL API instead. CVEs are not issued for `url.parse()` vulnerabilities.
2026-10-06T22:10:35.8233965Z (Use `node --trace-deprecation ...` to show where the warning was created)
2026-10-06T22:10:36.0302649Z Progress: resolved 1, reused 0, downloaded 0, added 0
2026-10-06T22:10:36.2050535Z Packages: +3
2026-10-06T22:10:36.2051003Z +++
2026-10-06T22:10:37.0311714Z Progress: resolved 15, reused 0, downloaded 3, added 2
2026-10-06T22:10:37.3732823Z Progress: resolved 15, reused 0, downloaded 3, added 3, done
2026-10-06T22:10:37.3830504Z .../.pnpm/pnpm@12.6.0/node_modules/pnpm preinstall$ node install.js
2026-10-06T22:10:39.0702159Z .../.pnpm/pnpm@12.6.0/node_modules/pnpm preinstall: Done
2026-10-06T22:10:39.0705163Z .../.pnpm/pnpm@12.6.0/node_modules/pnpm postinstall$ node install.js
2026-10-06T22:10:39.0940990Z .../.pnpm/pnpm@12.6.0/node_modules/pnpm postinstall: Done
2026-10-06T22:10:39.9262180Z 
2026-10-06T22:10:39.9262682Z dependencies:
2026-10-06T22:10:39.9262942Z + pnpm 12.6.0 (12.9.1 is available)
2026-10-06T22:10:39.9263103Z 
2026-10-06T22:10:39.9276593Z Done in 4.2s
2026-10-06T22:10:39.9500425Z ##[endgroup]
2026-10-06T22:10:39.9500627Z Installation Completed!
2026-10-06T22:10:39.9600281Z ##[group]Run actions/setup-node@249970729cb0ef3589644e2896645e5dc5ba9c38
2026-10-06T22:10:39.9600476Z with:
2026-10-06T22:10:39.9600580Z   node-version: 24
2026-10-06T22:10:39.9600821Z   package-manager-cache: false
2026-10-06T22:10:39.9600953Z   check-latest: false
2026-10-06T22:10:39.9602310Z   token: ***
2026-10-06T22:10:39.9602414Z env:
2026-10-06T22:10:39.9602548Z   PNPM_HOME: /home/runner/setup-pnpm/node_modules/.bin
2026-10-06T22:10:39.9602710Z ##[endgroup]
2026-10-06T22:10:40.0380971Z Found in cache @ /opt/hostedtoolcache/node/24.21.0/x64
2026-10-06T22:10:40.0382941Z ##[group]Environment details
2026-10-06T22:10:41.6004894Z node: v24.21.0
2026-10-06T22:10:41.6005070Z npm: 11.19.0
2026-10-06T22:10:41.6005178Z yarn: 1.22.22
2026-10-06T22:10:41.6005578Z ##[endgroup]
2026-10-06T22:10:41.6072014Z ##[group]Run bash scripts/bootstrap.sh
2026-10-06T22:10:41.6072240Z [36;1mbash scripts/bootstrap.sh[0m
2026-10-06T22:10:41.6300064Z shell: /usr/bin/bash -e {0}
2026-10-06T22:10:41.6300203Z env:
2026-10-06T22:10:41.6300423Z   PNPM_HOME: /home/runner/setup-pnpm/node_modules/.bin
2026-10-06T22:10:41.6300667Z ##[endgroup]
2026-10-06T22:10:41.6924883Z Scope: all 4 workspace projects
2026-10-06T22:10:41.7014816Z ? Verifying lockfile against supply-chain policies (344 entries)...
2026-10-06T22:10:41.9064443Z Packages are hard linked from the content-addressable store to the virtual store.
2026-10-06T22:10:41.9064844Z   Content-addressable store is at: /home/runner/setup-pnpm/node_modules/.bin/store/v11
2026-10-06T22:10:41.9065114Z   Virtual store is at:             node_modules/.pnpm
2026-10-06T22:10:41.9462262Z Downloading @rolldown/binding-linux-x64-gnu@1.2.11: 0.00 B/7.94 MB
2026-10-06T22:10:42.9479748Z Progress: resolved 322, reused 0, downloaded 319, added 320
2026-10-06T22:10:43.2675390Z ✓ Lockfile passes supply-chain policies (344 entries in 1.6s)
2026-10-06T22:10:43.2675848Z Lockfile is up to date, resolution step is skipped
2026-10-06T22:10:43.2709319Z Packages: +322
2026-10-06T22:10:43.2709664Z ++++++++++++++++++++++++++++++++++++++++++++++++++++++++++++++++++++++++++++++++
2026-10-06T22:10:43.2939072Z Progress: resolved 322, reused 0, downloaded 319, added 322, done
2026-10-06T22:10:43.5058333Z packages/base prepare$ svelte-kit sync
2026-10-06T22:10:44.0007722Z packages/base prepare: Done
2026-10-06T22:10:44.0018095Z apps/fixtures prepare$ svelte-kit sync
2026-10-06T22:10:44.4813660Z apps/fixtures prepare: Done
2026-10-06T22:10:44.4819540Z 
2026-10-06T22:10:44.4821517Z devDependencies:
2026-10-06T22:10:44.4822933Z + @arethetypeswrong/cli 0.18.5
2026-10-06T22:10:44.4823192Z + @arethetypeswrong/core 0.18.5
2026-10-06T22:10:44.4823840Z + @eslint/js 10.0.1
2026-10-06T22:10:44.4824035Z + @playwright/test 1.63.0
2026-10-06T22:10:44.4824235Z + eslint 10.11.0
2026-10-06T22:10:44.4827076Z + eslint-config-prettier 10.1.8
2026-10-06T22:10:44.4827312Z + eslint-plugin-svelte 3.23.0
2026-10-06T22:10:44.4827538Z + globals 17.12.0
2026-10-06T22:10:44.4827651Z + prettier 3.9.9
2026-10-06T22:10:44.4827828Z + prettier-plugin-svelte 4.1.1
2026-10-06T22:10:44.4827965Z + publint 0.3.25
2026-10-06T22:10:44.4828073Z + svelte 5.57.1
2026-10-06T22:10:44.4828194Z + typescript 6.0.3
2026-10-06T22:10:44.4828328Z + typescript-eslint 8.71.0
2026-10-06T22:10:44.4828410Z 
2026-10-06T22:10:44.4886997Z Done in 2.8s using pnpm v12.6.0
2026-10-06T22:10:44.5076031Z $ pnpm --recursive --filter './packages/*' --sort --workspace-concurrency 1 --if-present run prepack
2026-10-06T22:10:44.5158226Z Scope: 2 of 4 workspace projects
2026-10-06T22:10:44.7716357Z $ pnpm run build && publint --strict
2026-10-06T22:10:44.7803175Z $ svelte-package
2026-10-06T22:10:45.9030667Z src/lib -> dist
2026-10-06T22:10:45.9678563Z Running [1mpublint v0.3.25[22m for [1m@sveltery/utils[22m...
2026-10-06T22:10:45.9702850Z Packing files with `pnpm pack`...
2026-10-06T22:10:45.9868947Z Linting...
2026-10-06T22:10:45.9952045Z [1m[32mAll good![39m[22m
2026-10-06T22:10:45.9996627Z $ svelte-kit sync && svelte-package && publint --strict
2026-10-06T22:10:52.8301994Z src/lib -> dist
2026-10-06T22:10:52.9024788Z Running [1mpublint v0.3.25[22m for [1m@sveltery/base[22m...
2026-10-06T22:10:52.9048390Z Packing files with `pnpm pack`...
2026-10-06T22:10:52.9462107Z Linting...
2026-10-06T22:10:52.9887609Z [1m[32mAll good![39m[22m
2026-10-06T22:10:52.9974667Z ##[group]Run pnpm --filter @sveltery/base build
2026-10-06T22:10:52.9974876Z [36;1mpnpm --filter @sveltery/base build[0m
2026-10-06T22:10:53.0003729Z shell: /usr/bin/bash -e {0}
2026-10-06T22:10:53.0003860Z env:
2026-10-06T22:10:53.0003992Z   PNPM_HOME: /home/runner/setup-pnpm/node_modules/.bin
2026-10-06T22:10:53.0004155Z ##[endgroup]
2026-10-06T22:10:53.0156963Z $ vite build && pnpm run prepack
2026-10-06T22:10:53.4836444Z [36mvite v8.3.1 [32mbuilding ssr environment for production...[36m[39m
2026-10-06T22:10:53.4916248Z transforming...
2026-10-06T22:10:54.1780286Z ✓ 667 modules transformed.
2026-10-06T22:10:54.1932163Z rendering chunks...
2026-10-06T22:10:54.2070140Z computing gzip size...
2026-10-06T22:10:54.2095945Z .svelte-kit/output/server/.vite/manifest.json                   4.32 kB │ gzip:  0.58 kB
2026-10-06T22:10:54.2096376Z .svelte-kit/output/server/chunks/index-server.js                0.03 kB │ gzip:  0.05 kB
2026-10-06T22:10:54.2096965Z .svelte-kit/output/server/env.js                                0.31 kB │ gzip:  0.19 kB │ map:   0.57 kB
2026-10-06T22:10:54.2097570Z .svelte-kit/output/server/entries/fallbacks/layout.svelte.js    0.46 kB │ gzip:  0.32 kB │ map:   0.49 kB
2026-10-06T22:10:54.2098219Z .svelte-kit/output/server/entries/fallbacks/error.svelte.js     1.39 kB │ gzip:  0.52 kB │ map:   2.88 kB
2026-10-06T22:10:54.2098824Z .svelte-kit/output/server/index.js                              2.41 kB │ gzip:  1.00 kB │ map:   3.48 kB
2026-10-06T22:10:54.2099569Z .svelte-kit/output/server/entries/pages/_page.svelte.js        18.68 kB │ gzip:  5.57 kB │ map: 132.06 kB
2026-10-06T22:10:54.2100230Z .svelte-kit/output/server/chunks/uneval.js                     19.43 kB │ gzip:  5.37 kB │ map:  40.89 kB
2026-10-06T22:10:54.2100855Z .svelte-kit/output/server/chunks/server-errors.js              24.29 kB │ gzip:  4.61 kB │ map:  35.03 kB
2026-10-06T22:10:54.2101504Z .svelte-kit/output/server/remote-entry.js                      55.38 kB │ gzip: 11.93 kB │ map:  90.81 kB
2026-10-06T22:10:54.2102126Z .svelte-kit/output/server/chunks/internal.js                  110.21 kB │ gzip: 28.81 kB │ map: 238.91 kB
2026-10-06T22:10:54.2102768Z .svelte-kit/output/server/chunks/server.js                    117.87 kB │ gzip: 30.79 kB │ map: 362.84 kB
2026-10-06T22:10:54.2103500Z .svelte-kit/output/server/chunks/instance.js                  131.13 kB │ gzip: 34.72 kB │ map: 260.11 kB
2026-10-06T22:10:54.2103794Z 
2026-10-06T22:10:54.2108487Z [32m✓ built in 726ms[39m
2026-10-06T22:10:54.2132260Z Analysing routes
2026-10-06T22:10:54.5944392Z Building app
2026-10-06T22:10:54.5947306Z [36mvite v8.3.1 [32mbuilding client environment for production...[36m[39m
2026-10-06T22:10:54.6001354Z transforming...
2026-10-06T22:10:55.2057615Z ✓ 645 modules transformed.
2026-10-06T22:10:55.2169875Z rendering chunks...
2026-10-06T22:10:55.2297321Z computing gzip size...
2026-10-06T22:10:55.2300334Z .svelte-kit/output/client/_app/version.json                          0.02 kB │ gzip:  0.04 kB
2026-10-06T22:10:55.2300775Z .svelte-kit/output/client/.vite/manifest.json                        4.60 kB │ gzip:  0.65 kB
2026-10-06T22:10:55.2301170Z .svelte-kit/output/client/_app/immutable/entry/payload.DSmR2FwN.js   0.06 kB │ gzip:  0.07 kB
2026-10-06T22:10:55.2301567Z .svelte-kit/output/client/_app/immutable/nodes/0.CQhCqX9K.js         0.14 kB │ gzip:  0.14 kB
2026-10-06T22:10:55.2301951Z .svelte-kit/output/client/_app/immutable/nodes/1.BJ8CTyGc.js         0.32 kB │ gzip:  0.24 kB
2026-10-06T22:10:55.2302331Z .svelte-kit/output/client/_app/immutable/entry/start.DXLxX9ae.js     0.52 kB │ gzip:  0.30 kB
2026-10-06T22:10:55.2302716Z .svelte-kit/output/client/_app/immutable/entry/app.CzXA1i9p.js       1.06 kB │ gzip:  0.54 kB
2026-10-06T22:10:55.2303094Z .svelte-kit/output/client/_app/immutable/chunks/uBIymjUX.js          1.23 kB │ gzip:  0.68 kB
2026-10-06T22:10:55.2303471Z .svelte-kit/output/client/_app/immutable/chunks/Bjy-W4x2.js          1.36 kB │ gzip:  0.65 kB
2026-10-06T22:10:55.2304106Z .svelte-kit/output/client/_app/immutable/chunks/DmNJdhUR.js          4.29 kB │ gzip:  1.93 kB
2026-10-06T22:10:55.2304484Z .svelte-kit/output/client/_app/immutable/nodes/2.CzDjGK68.js         7.54 kB │ gzip:  3.21 kB
2026-10-06T22:10:55.2304863Z .svelte-kit/output/client/_app/immutable/chunks/BXTKzKKp.js         39.66 kB │ gzip: 14.64 kB
2026-10-06T22:10:55.2305238Z .svelte-kit/output/client/_app/immutable/chunks/CJJuJfBA.js         42.09 kB │ gzip: 16.24 kB
2026-10-06T22:10:55.2305415Z 
2026-10-06T22:10:55.2307808Z [32m✓ built in 636ms[39m
2026-10-06T22:10:55.6124711Z 
2026-10-06T22:10:55.6125458Z Run npm run preview to preview your production build locally.
2026-10-06T22:10:55.6125841Z 
2026-10-06T22:10:55.6126146Z > Using @sveltejs/adapter-auto
2026-10-06T22:10:55.6129761Z Could not detect a supported production environment. See https://svelte.dev/docs/kit/adapters to learn how to configure your app to run on the platform of your choosing
2026-10-06T22:10:55.6130633Z ✔ done
2026-10-06T22:10:55.6608170Z $ svelte-kit sync && svelte-package && publint --strict
2026-10-06T22:11:02.2572714Z src/lib -> dist
2026-10-06T22:11:02.3330555Z Running [1mpublint v0.3.25[22m for [1m@sveltery/base[22m...
2026-10-06T22:11:02.3353456Z Packing files with `pnpm pack`...
2026-10-06T22:11:02.3857206Z Linting...
2026-10-06T22:11:02.4268880Z [1m[32mAll good![39m[22m
2026-10-06T22:11:02.4348446Z ##[group]Run pnpm exec playwright install --with-deps chromium
2026-10-06T22:11:02.4348811Z [36;1mpnpm exec playwright install --with-deps chromium[0m
2026-10-06T22:11:02.4377315Z shell: /usr/bin/bash -e {0}
2026-10-06T22:11:02.4377446Z env:
2026-10-06T22:11:02.4377578Z   PNPM_HOME: /home/runner/setup-pnpm/node_modules/.bin
2026-10-06T22:11:02.4377742Z ##[endgroup]
2026-10-06T22:11:02.7096440Z Installing dependencies...
2026-10-06T22:11:02.7141707Z Switching to root user to install dependencies...
2026-10-06T22:11:02.7830581Z Get:1 file:/etc/apt/apt-mirrors.txt Mirrorlist [144 B]
2026-10-06T22:11:02.8173624Z Hit:2 http://azure.archive.ubuntu.com/ubuntu jammy InRelease
2026-10-06T22:11:02.8174314Z Get:6 https://packages.microsoft.com/ubuntu/22.04/prod jammy InRelease [3632 B]
2026-10-06T22:11:02.8181035Z Get:3 http://azure.archive.ubuntu.com/ubuntu jammy-updates InRelease [128 kB]
2026-10-06T22:11:02.8220240Z Get:4 http://azure.archive.ubuntu.com/ubuntu jammy-backports InRelease [127 kB]
2026-10-06T22:11:02.8232018Z Get:5 http://azure.archive.ubuntu.com/ubuntu jammy-security InRelease [129 kB]
2026-10-06T22:11:02.8819391Z Get:7 https://packages.microsoft.com/ubuntu/22.04/prod jammy/main amd64 Packages [803 kB]
2026-10-06T22:11:02.8993600Z Get:8 https://packages.microsoft.com/ubuntu/22.04/prod jammy/main arm64 Packages [556 kB]
2026-10-06T22:11:02.9150446Z Get:9 http://azure.archive.ubuntu.com/ubuntu jammy-updates/main amd64 Packages [3908 kB]
2026-10-06T22:11:02.9239730Z Get:10 http://azure.archive.ubuntu.com/ubuntu jammy-updates/main Translation-en [576 kB]
2026-10-06T22:11:02.9260317Z Get:11 http://azure.archive.ubuntu.com/ubuntu jammy-updates/restricted amd64 Packages [6714 kB]
2026-10-06T22:11:02.9794065Z Get:12 http://azure.archive.ubuntu.com/ubuntu jammy-updates/restricted Translation-en [1290 kB]
2026-10-06T22:11:02.9848707Z Get:13 http://azure.archive.ubuntu.com/ubuntu jammy-updates/universe amd64 Packages [1285 kB]
2026-10-06T22:11:02.9869512Z Get:14 http://azure.archive.ubuntu.com/ubuntu jammy-updates/universe Translation-en [325 kB]
2026-10-06T22:11:02.9883462Z Get:15 http://azure.archive.ubuntu.com/ubuntu jammy-security/main amd64 Packages [3633 kB]
2026-10-06T22:11:02.9982507Z Get:16 http://azure.archive.ubuntu.com/ubuntu jammy-security/main Translation-en [508 kB]
2026-10-06T22:11:03.0000505Z Get:17 http://azure.archive.ubuntu.com/ubuntu jammy-security/restricted amd64 Packages [6465 kB]
2026-10-06T22:11:03.0173912Z Get:18 http://azure.archive.ubuntu.com/ubuntu jammy-security/restricted Translation-en [1244 kB]
2026-10-06T22:11:03.0638553Z Get:19 http://azure.archive.ubuntu.com/ubuntu jammy-security/universe amd64 Packages [1052 kB]
2026-10-06T22:11:03.0669367Z Get:20 http://azure.archive.ubuntu.com/ubuntu jammy-security/universe Translation-en [237 kB]
2026-10-06T22:11:08.8282807Z Fetched 29.0 MB in 2s (13.7 MB/s)
2026-10-06T22:11:09.4978288Z Reading package lists...
2026-10-06T22:11:09.5308291Z Reading package lists...
2026-10-06T22:11:09.7001208Z Building dependency tree...
2026-10-06T22:11:09.7008837Z Reading state information...
2026-10-06T22:11:09.8156536Z fonts-liberation is already the newest version (1:1.07.4-11).
2026-10-06T22:11:09.8157132Z fonts-liberation set to manually installed.
2026-10-06T22:11:09.8157677Z libatk-bridge2.0-0 is already the newest version (2.38.0-3).
2026-10-06T22:11:09.8158205Z libatk-bridge2.0-0 set to manually installed.
2026-10-06T22:11:09.8158722Z libatk1.0-0 is already the newest version (2.36.0-3build1).
2026-10-06T22:11:09.8159194Z libatk1.0-0 set to manually installed.
2026-10-06T22:11:09.8159834Z libatspi2.0-0 is already the newest version (2.44.0-3).
2026-10-06T22:11:09.8160285Z libatspi2.0-0 set to manually installed.
2026-10-06T22:11:09.8160783Z libfontconfig1 is already the newest version (2.13.1-4.2ubuntu5).
2026-10-06T22:11:09.8161275Z libfontconfig1 set to manually installed.
2026-10-06T22:11:09.8161718Z libxcb1 is already the newest version (1.14-3ubuntu3).
2026-10-06T22:11:09.8162151Z libxcb1 set to manually installed.
2026-10-06T22:11:09.8163129Z libxcomposite1 is already the newest version (1:0.4.5-1build2).
2026-10-06T22:11:09.8163569Z libxcomposite1 set to manually installed.
2026-10-06T22:11:09.8163881Z libxdamage1 is already the newest version (1:1.1.5-2build2).
2026-10-06T22:11:09.8164176Z libxdamage1 set to manually installed.
2026-10-06T22:11:09.8164470Z libxext6 is already the newest version (2:1.3.4-1build1).
2026-10-06T22:11:09.8164659Z libxext6 set to manually installed.
2026-10-06T22:11:09.8164848Z libxfixes3 is already the newest version (1:6.0.0-1).
2026-10-06T22:11:09.8165035Z libxfixes3 set to manually installed.
2026-10-06T22:11:09.8165230Z libxkbcommon0 is already the newest version (1.4.0-1).
2026-10-06T22:11:09.8165420Z libxkbcommon0 set to manually installed.
2026-10-06T22:11:09.8165624Z libxrandr2 is already the newest version (2:1.5.2-1build1).
2026-10-06T22:11:09.8165816Z libxrandr2 set to manually installed.
2026-10-06T22:11:09.8166061Z fonts-noto-color-emoji is already the newest version (2.047-0ubuntu0.22.04.1).
2026-10-06T22:11:09.8166336Z libasound2 is already the newest version (1.2.6.1-1ubuntu1.2).
2026-10-06T22:11:09.8166534Z libasound2 set to manually installed.
2026-10-06T22:11:09.8166732Z libcairo2 is already the newest version (1.16.0-5ubuntu2.1).
2026-10-06T22:11:09.8166995Z libcairo2 set to manually installed.
2026-10-06T22:11:09.8167269Z libcups2 is already the newest version (2.4.1op1-1ubuntu4.21).
2026-10-06T22:11:09.8167468Z libcups2 set to manually installed.
2026-10-06T22:11:09.8167671Z libdbus-1-3 is already the newest version (1.12.20-2ubuntu4.1).
2026-10-06T22:11:09.8167880Z libdbus-1-3 set to manually installed.
2026-10-06T22:11:09.8168090Z libdrm2 is already the newest version (2.4.113-2~ubuntu0.22.04.1).
2026-10-06T22:11:09.8168292Z libdrm2 set to manually installed.
2026-10-06T22:11:09.8168495Z libgbm1 is already the newest version (23.2.1-1ubuntu3.1~22.04.4).
2026-10-06T22:11:09.8168695Z libgbm1 set to manually installed.
2026-10-06T22:11:09.8168894Z libglib2.0-0 is already the newest version (2.72.4-0ubuntu2.10).
2026-10-06T22:11:09.8169167Z libglib2.0-0 set to manually installed.
2026-10-06T22:11:09.8169511Z libnspr4 is already the newest version (2:4.35-0ubuntu0.22.04.1).
2026-10-06T22:11:09.8169753Z libnss3 is already the newest version (2:3.98-0ubuntu0.22.04.4).
2026-10-06T22:11:09.8169997Z libpango-1.0-0 is already the newest version (1.50.6+ds-2ubuntu1).
2026-10-06T22:11:09.8170207Z libpango-1.0-0 set to manually installed.
2026-10-06T22:11:09.8170432Z libwayland-client0 is already the newest version (1.20.0-1ubuntu0.1).
2026-10-06T22:11:09.8170749Z libwayland-client0 set to manually installed.
2026-10-06T22:11:09.8170967Z libx11-6 is already the newest version (2:1.7.5-1ubuntu0.3).
2026-10-06T22:11:09.8171276Z libx11-6 set to manually installed.
2026-10-06T22:11:09.8171587Z xvfb is already the newest version (2:21.1.4-2ubuntu1.7~22.04.16).
2026-10-06T22:11:09.8171933Z The following additional packages will be installed:
2026-10-06T22:11:09.8172295Z   libfreetype-dev libfreetype6-dev xfonts-encodings xfonts-utils
2026-10-06T22:11:09.8172589Z Suggested packages:
2026-10-06T22:11:09.8172771Z   freetype2-doc
2026-10-06T22:11:09.8172928Z Recommended packages:
2026-10-06T22:11:09.8173077Z   fonts-ipafont-mincho fonts-tlwg-loma
2026-10-06T22:11:09.8296948Z The following NEW packages will be installed:
2026-10-06T22:11:09.8297547Z   fonts-freefont-ttf fonts-ipafont-gothic fonts-tlwg-loma-otf fonts-unifont
2026-10-06T22:11:09.8300242Z   fonts-wqy-zenhei xfonts-cyrillic xfonts-encodings xfonts-scalable
2026-10-06T22:11:09.8300654Z   xfonts-utils
2026-10-06T22:11:09.8302533Z The following packages will be upgraded:
2026-10-06T22:11:09.8305205Z   libfreetype-dev libfreetype6 libfreetype6-dev
2026-10-06T22:11:09.8387178Z 3 upgraded, 9 newly installed, 0 to remove and 26 not upgraded.
2026-10-06T22:11:09.8387532Z Need to get 19.3 MB of archives.
2026-10-06T22:11:09.8387898Z After this operation, 56.8 MB of additional disk space will be used.
2026-10-06T22:11:09.8388500Z Get:1 file:/etc/apt/apt-mirrors.txt Mirrorlist [144 B]
2026-10-06T22:11:09.8830990Z Get:2 http://azure.archive.ubuntu.com/ubuntu jammy/universe amd64 fonts-ipafont-gothic all 00303-21ubuntu1 [3513 kB]
2026-10-06T22:11:09.9407643Z Get:3 http://azure.archive.ubuntu.com/ubuntu jammy/main amd64 fonts-freefont-ttf all 20120503-10build1 [2388 kB]
2026-10-06T22:11:09.9853268Z Get:4 http://azure.archive.ubuntu.com/ubuntu jammy/universe amd64 fonts-tlwg-loma-otf all 1:0.7.3-1 [107 kB]
2026-10-06T22:11:10.0192728Z Get:5 http://azure.archive.ubuntu.com/ubuntu jammy/universe amd64 fonts-unifont all 1:14.0.01-1 [3551 kB]
2026-10-06T22:11:10.0914564Z Get:6 http://azure.archive.ubuntu.com/ubuntu jammy/universe amd64 fonts-wqy-zenhei all 0.9.45-8 [7472 kB]
2026-10-06T22:11:10.2135975Z Get:7 http://azure.archive.ubuntu.com/ubuntu jammy-updates/main amd64 libfreetype-dev amd64 2.11.1+dfsg-1ubuntu0.4 [555 kB]
2026-10-06T22:11:10.2491799Z Get:8 http://azure.archive.ubuntu.com/ubuntu jammy-updates/main amd64 libfreetype6-dev amd64 2.11.1+dfsg-1ubuntu0.4 [8306 B]
2026-10-06T22:11:10.2863822Z Get:9 http://azure.archive.ubuntu.com/ubuntu jammy-updates/main amd64 libfreetype6 amd64 2.11.1+dfsg-1ubuntu0.4 [388 kB]
2026-10-06T22:11:10.3221395Z Get:10 http://azure.archive.ubuntu.com/ubuntu jammy/main amd64 xfonts-encodings all 1:1.0.5-0ubuntu2 [578 kB]
2026-10-06T22:11:10.3577363Z Get:11 http://azure.archive.ubuntu.com/ubuntu jammy/main amd64 xfonts-utils amd64 1:7.7+6build2 [94.6 kB]
2026-10-06T22:11:10.3917890Z Get:12 http://azure.archive.ubuntu.com/ubuntu jammy/universe amd64 xfonts-cyrillic all 1:1.0.5 [386 kB]
2026-10-06T22:11:10.4269193Z Get:13 http://azure.archive.ubuntu.com/ubuntu jammy/main amd64 xfonts-scalable all 1:1.0.3-1.2ubuntu1 [306 kB]
2026-10-06T22:11:10.6112904Z Fetched 19.3 MB in 1s (32.5 MB/s)
2026-10-06T22:11:10.6253727Z Selecting previously unselected package fonts-ipafont-gothic.
2026-10-06T22:11:10.6426820Z (Reading database ... 
2026-10-06T22:11:10.6427073Z (Reading database ... 5%
2026-10-06T22:11:10.6427221Z (Reading database ... 10%
2026-10-06T22:11:10.6427386Z (Reading database ... 15%
2026-10-06T22:11:10.6427524Z (Reading database ... 20%
2026-10-06T22:11:10.6427652Z (Reading database ... 25%
2026-10-06T22:11:10.6427777Z (Reading database ... 30%
2026-10-06T22:11:10.6427903Z (Reading database ... 35%
2026-10-06T22:11:10.6428027Z (Reading database ... 40%
2026-10-06T22:11:10.6428148Z (Reading database ... 45%
2026-10-06T22:11:10.6428275Z (Reading database ... 50%
2026-10-06T22:11:10.7190614Z (Reading database ... 55%
2026-10-06T22:11:10.9153795Z (Reading database ... 60%
2026-10-06T22:11:11.0691800Z (Reading database ... 65%
2026-10-06T22:11:11.2761697Z (Reading database ... 70%
2026-10-06T22:11:11.3711089Z (Reading database ... 75%
2026-10-06T22:11:11.5748782Z (Reading database ... 80%
2026-10-06T22:11:11.6902228Z (Reading database ... 85%
2026-10-06T22:11:11.9274725Z (Reading database ... 90%
2026-10-06T22:11:12.1382811Z (Reading database ... 95%
2026-10-06T22:11:12.1382975Z (Reading database ... 100%
2026-10-06T22:11:12.1383222Z (Reading database ... 260411 files and directories currently installed.)
2026-10-06T22:11:12.1422505Z Preparing to unpack .../00-fonts-ipafont-gothic_00303-21ubuntu1_all.deb ...
2026-10-06T22:11:12.1470485Z Unpacking fonts-ipafont-gothic (00303-21ubuntu1) ...
2026-10-06T22:11:12.3524630Z Selecting previously unselected package fonts-freefont-ttf.
2026-10-06T22:11:12.3614636Z Preparing to unpack .../01-fonts-freefont-ttf_20120503-10build1_all.deb ...
2026-10-06T22:11:12.3619205Z Unpacking fonts-freefont-ttf (20120503-10build1) ...
2026-10-06T22:11:12.4841490Z Selecting previously unselected package fonts-tlwg-loma-otf.
2026-10-06T22:11:12.4927834Z Preparing to unpack .../02-fonts-tlwg-loma-otf_1%3a0.7.3-1_all.deb ...
2026-10-06T22:11:12.5060542Z Unpacking fonts-tlwg-loma-otf (1:0.7.3-1) ...
2026-10-06T22:11:12.5157040Z Selecting previously unselected package fonts-unifont.
2026-10-06T22:11:12.5242976Z Preparing to unpack .../03-fonts-unifont_1%3a14.0.01-1_all.deb ...
2026-10-06T22:11:12.5247912Z Unpacking fonts-unifont (1:14.0.01-1) ...
2026-10-06T22:11:12.6640178Z Selecting previously unselected package fonts-wqy-zenhei.
2026-10-06T22:11:12.6730399Z Preparing to unpack .../04-fonts-wqy-zenhei_0.9.45-8_all.deb ...
2026-10-06T22:11:12.6855583Z Unpacking fonts-wqy-zenhei (0.9.45-8) ...
2026-10-06T22:11:13.1182893Z Preparing to unpack .../05-libfreetype-dev_2.11.1+dfsg-1ubuntu0.4_amd64.deb ...
2026-10-06T22:11:13.1193879Z Unpacking libfreetype-dev:amd64 (2.11.1+dfsg-1ubuntu0.4) over (2.11.1+dfsg-1ubuntu0.3) ...
2026-10-06T22:11:13.1959597Z Preparing to unpack .../06-libfreetype6-dev_2.11.1+dfsg-1ubuntu0.4_amd64.deb ...
2026-10-06T22:11:13.1970512Z Unpacking libfreetype6-dev:amd64 (2.11.1+dfsg-1ubuntu0.4) over (2.11.1+dfsg-1ubuntu0.3) ...
2026-10-06T22:11:13.2198536Z Preparing to unpack .../07-libfreetype6_2.11.1+dfsg-1ubuntu0.4_amd64.deb ...
2026-10-06T22:11:13.2264924Z Unpacking libfreetype6:amd64 (2.11.1+dfsg-1ubuntu0.4) over (2.11.1+dfsg-1ubuntu0.3) ...
2026-10-06T22:11:13.2403124Z Selecting previously unselected package xfonts-encodings.
2026-10-06T22:11:13.2485945Z Preparing to unpack .../08-xfonts-encodings_1%3a1.0.5-0ubuntu2_all.deb ...
2026-10-06T22:11:13.2490299Z Unpacking xfonts-encodings (1:1.0.5-0ubuntu2) ...
2026-10-06T22:11:13.2601153Z Selecting previously unselected package xfonts-utils.
2026-10-06T22:11:13.2681783Z Preparing to unpack .../09-xfonts-utils_1%3a7.7+6build2_amd64.deb ...
2026-10-06T22:11:13.2685762Z Unpacking xfonts-utils (1:7.7+6build2) ...
2026-10-06T22:11:13.3072791Z Selecting previously unselected package xfonts-cyrillic.
2026-10-06T22:11:13.3153165Z Preparing to unpack .../10-xfonts-cyrillic_1%3a1.0.5_all.deb ...
2026-10-06T22:11:13.3157293Z Unpacking xfonts-cyrillic (1:1.0.5) ...
2026-10-06T22:11:13.3431048Z Selecting previously unselected package xfonts-scalable.
2026-10-06T22:11:13.3510692Z Preparing to unpack .../11-xfonts-scalable_1%3a1.0.3-1.2ubuntu1_all.deb ...
2026-10-06T22:11:13.3514868Z Unpacking xfonts-scalable (1:1.0.3-1.2ubuntu1) ...
2026-10-06T22:11:13.3780426Z Setting up fonts-wqy-zenhei (0.9.45-8) ...
2026-10-06T22:11:13.3835905Z Setting up fonts-freefont-ttf (20120503-10build1) ...
2026-10-06T22:11:13.3846039Z Setting up fonts-tlwg-loma-otf (1:0.7.3-1) ...
2026-10-06T22:11:13.3857422Z Setting up libfreetype6:amd64 (2.11.1+dfsg-1ubuntu0.4) ...
2026-10-06T22:11:13.3868006Z Setting up xfonts-encodings (1:1.0.5-0ubuntu2) ...
2026-10-06T22:11:13.3878465Z Setting up fonts-ipafont-gothic (00303-21ubuntu1) ...
2026-10-06T22:11:13.3915493Z update-alternatives: using /usr/share/fonts/opentype/ipafont-gothic/ipag.ttf to provide /usr/share/fonts/truetype/fonts-japanese-gothic.ttf (fonts-japanese-gothic.ttf) in auto mode
2026-10-06T22:11:13.3923649Z Setting up fonts-unifont (1:14.0.01-1) ...
2026-10-06T22:11:13.3933764Z Setting up xfonts-utils (1:7.7+6build2) ...
2026-10-06T22:11:13.3953768Z Setting up libfreetype-dev:amd64 (2.11.1+dfsg-1ubuntu0.4) ...
2026-10-06T22:11:13.3963837Z Setting up xfonts-cyrillic (1:1.0.5) ...
2026-10-06T22:11:13.4557281Z Setting up xfonts-scalable (1:1.0.3-1.2ubuntu1) ...
2026-10-06T22:11:13.4670670Z Setting up libfreetype6-dev:amd64 (2.11.1+dfsg-1ubuntu0.4) ...
2026-10-06T22:11:13.4683591Z Processing triggers for libc-bin (2.35-0ubuntu3.15) ...
2026-10-06T22:11:15.9413697Z Processing triggers for man-db (2.10.2-1) ...
2026-10-06T22:11:15.9427417Z Not building database; man-db/auto-update is not 'true'.
2026-10-06T22:11:15.9435938Z Processing triggers for fontconfig (2.13.1-4.2ubuntu5) ...
2026-10-06T22:11:16.2877838Z 
2026-10-06T22:11:16.2878343Z Running kernel seems to be up-to-date.
2026-10-06T22:11:16.2878511Z 
2026-10-06T22:11:16.2878617Z Services to be restarted:
2026-10-06T22:11:16.2902431Z  systemctl restart php8.1-fpm.service
2026-10-06T22:11:16.2902627Z 
2026-10-06T22:11:16.2902944Z No containers need to be restarted.
2026-10-06T22:11:16.2903118Z 
2026-10-06T22:11:16.2903271Z No user sessions are running outdated binaries.
2026-10-06T22:11:16.2903440Z 
2026-10-06T22:11:16.2909913Z No VM guests are running outdated hypervisor (qemu) binaries on this host.
2026-10-06T22:11:17.0890720Z Downloading Chrome for Testing 153.0.8010.12 (playwright chromium v1243) from https://cdn.playwright.dev/builds/cft/153.0.8010.12/linux64/chrome-linux64.zip
2026-10-06T22:11:17.3601223Z |                                                                                |   0% of 186.8 MiB
2026-10-06T22:11:17.5794737Z |■■■■■■■■                                                                        |  10% of 186.8 MiB
2026-10-06T22:11:17.6623233Z |■■■■■■■■■■■■■■■■                                                                |  20% of 186.8 MiB
2026-10-06T22:11:17.7524075Z |■■■■■■■■■■■■■■■■■■■■■■■■                                                        |  30% of 186.8 MiB
2026-10-06T22:11:17.8316077Z |■■■■■■■■■■■■■■■■■■■■■■■■■■■■■■■■                                                |  40% of 186.8 MiB
2026-10-06T22:11:17.9214402Z |■■■■■■■■■■■■■■■■■■■■■■■■■■■■■■■■■■■■■■■■                                        |  50% of 186.8 MiB
2026-10-06T22:11:18.0105290Z |■■■■■■■■■■■■■■■■■■■■■■■■■■■■■■■■■■■■■■■■■■■■■■■■                                |  60% of 186.8 MiB
2026-10-06T22:11:18.1002497Z |■■■■■■■■■■■■■■■■■■■■■■■■■■■■■■■■■■■■■■■■■■■■■■■■■■■■■■■■                        |  70% of 186.8 MiB
2026-10-06T22:11:18.1895126Z |■■■■■■■■■■■■■■■■■■■■■■■■■■■■■■■■■■■■■■■■■■■■■■■■■■■■■■■■■■■■■■■■                |  80% of 186.8 MiB
2026-10-06T22:11:18.2825437Z |■■■■■■■■■■■■■■■■■■■■■■■■■■■■■■■■■■■■■■■■■■■■■■■■■■■■■■■■■■■■■■■■■■■■■■■■        |  90% of 186.8 MiB
2026-10-06T22:11:18.3787676Z |■■■■■■■■■■■■■■■■■■■■■■■■■■■■■■■■■■■■■■■■■■■■■■■■■■■■■■■■■■■■■■■■■■■■■■■■■■■■■■■■| 100% of 186.8 MiB
2026-10-06T22:11:20.0617239Z Chrome for Testing 153.0.8010.12 (playwright chromium v1243) downloaded to /home/runner/.cache/ms-playwright/chromium-1243
2026-10-06T22:11:20.0619342Z Downloading FFmpeg (playwright ffmpeg v1011) from https://cdn.playwright.dev/dbazure/download/playwright/builds/ffmpeg/1011/ffmpeg-linux.zip
2026-10-06T22:11:20.2901345Z |                                                                                |   0% of 2.3 MiB
2026-10-06T22:11:20.3100786Z |■■■■■■■■                                                                        |  10% of 2.3 MiB
2026-10-06T22:11:20.3179392Z |■■■■■■■■■■■■■■■■                                                                |  20% of 2.3 MiB
2026-10-06T22:11:20.3250580Z |■■■■■■■■■■■■■■■■■■■■■■■■                                                        |  30% of 2.3 MiB
2026-10-06T22:11:20.3273792Z |■■■■■■■■■■■■■■■■■■■■■■■■■■■■■■■■                                                |  40% of 2.3 MiB
2026-10-06T22:11:20.3322243Z |■■■■■■■■■■■■■■■■■■■■■■■■■■■■■■■■■■■■■■■■                                        |  50% of 2.3 MiB
2026-10-06T22:11:20.3338255Z |■■■■■■■■■■■■■■■■■■■■■■■■■■■■■■■■■■■■■■■■■■■■■■■■                                |  60% of 2.3 MiB
2026-10-06T22:11:20.3350996Z |■■■■■■■■■■■■■■■■■■■■■■■■■■■■■■■■■■■■■■■■■■■■■■■■■■■■■■■■                        |  70% of 2.3 MiB
2026-10-06T22:11:20.3361186Z |■■■■■■■■■■■■■■■■■■■■■■■■■■■■■■■■■■■■■■■■■■■■■■■■■■■■■■■■■■■■■■■■                |  80% of 2.3 MiB
2026-10-06T22:11:20.3402446Z |■■■■■■■■■■■■■■■■■■■■■■■■■■■■■■■■■■■■■■■■■■■■■■■■■■■■■■■■■■■■■■■■■■■■■■■■        |  90% of 2.3 MiB
2026-10-06T22:11:20.3409345Z |■■■■■■■■■■■■■■■■■■■■■■■■■■■■■■■■■■■■■■■■■■■■■■■■■■■■■■■■■■■■■■■■■■■■■■■■■■■■■■■■| 100% of 2.3 MiB
2026-10-06T22:11:20.3696862Z FFmpeg (playwright ffmpeg v1011) downloaded to /home/runner/.cache/ms-playwright/ffmpeg-1011
2026-10-06T22:11:20.3698756Z Downloading Chrome Headless Shell 153.0.8010.12 (playwright chromium-headless-shell v1243) from https://cdn.playwright.dev/builds/cft/153.0.8010.12/linux64/chrome-headless-shell-linux64.zip
2026-10-06T22:11:20.6240644Z |                                                                                |   0% of 114.3 MiB
2026-10-06T22:11:20.7971543Z |■■■■■■■■                                                                        |  10% of 114.3 MiB
2026-10-06T22:11:20.8545553Z |■■■■■■■■■■■■■■■■                                                                |  20% of 114.3 MiB
2026-10-06T22:11:20.9012472Z |■■■■■■■■■■■■■■■■■■■■■■■■                                                        |  30% of 114.3 MiB
2026-10-06T22:11:20.9602003Z |■■■■■■■■■■■■■■■■■■■■■■■■■■■■■■■■                                                |  40% of 114.3 MiB
2026-10-06T22:11:21.0058843Z |■■■■■■■■■■■■■■■■■■■■■■■■■■■■■■■■■■■■■■■■                                        |  50% of 114.3 MiB
2026-10-06T22:11:21.0528986Z |■■■■■■■■■■■■■■■■■■■■■■■■■■■■■■■■■■■■■■■■■■■■■■■■                                |  60% of 114.3 MiB
2026-10-06T22:11:21.1068616Z |■■■■■■■■■■■■■■■■■■■■■■■■■■■■■■■■■■■■■■■■■■■■■■■■■■■■■■■■                        |  70% of 114.3 MiB
2026-10-06T22:11:21.1566660Z |■■■■■■■■■■■■■■■■■■■■■■■■■■■■■■■■■■■■■■■■■■■■■■■■■■■■■■■■■■■■■■■■                |  80% of 114.3 MiB
2026-10-06T22:11:21.2032759Z |■■■■■■■■■■■■■■■■■■■■■■■■■■■■■■■■■■■■■■■■■■■■■■■■■■■■■■■■■■■■■■■■■■■■■■■■        |  90% of 114.3 MiB
2026-10-06T22:11:21.2543156Z |■■■■■■■■■■■■■■■■■■■■■■■■■■■■■■■■■■■■■■■■■■■■■■■■■■■■■■■■■■■■■■■■■■■■■■■■■■■■■■■■| 100% of 114.3 MiB
2026-10-06T22:11:22.4750549Z Chrome Headless Shell 153.0.8010.12 (playwright chromium-headless-shell v1243) downloaded to /home/runner/.cache/ms-playwright/chromium_headless_shell-1243
2026-10-06T22:11:22.4927167Z ##[group]Run pnpm exec playwright test --config playwright.menu-family.config.ts
2026-10-06T22:11:22.4927663Z [36;1mpnpm exec playwright test --config playwright.menu-family.config.ts[0m
2026-10-06T22:11:22.4962194Z shell: /usr/bin/bash -e {0}
2026-10-06T22:11:22.4962336Z env:
2026-10-06T22:11:22.4962478Z   PNPM_HOME: /home/runner/setup-pnpm/node_modules/.bin
2026-10-06T22:11:22.4962674Z ##[endgroup]
2026-10-06T22:11:25.6001135Z 
2026-10-06T22:11:25.6001560Z Running 46 tests using 1 worker
2026-10-06T22:11:25.6001725Z 
2026-10-06T22:11:25.8121304Z [1/46] tests/browser/menu-family-source.spec.ts:26:3 › native Svelte: trusted mouse opens, navigates disabled items, typeahead and selection
2026-10-06T22:11:30.1845466Z [2/46] tests/browser/menu-family-source.spec.ts:49:5 › native Svelte: keyboard Enter trigger opening
2026-10-06T22:11:31.1225908Z [3/46] tests/browser/menu-family-source.spec.ts:49:5 › native Svelte: keyboard Space trigger opening
2026-10-06T22:11:32.0704739Z [4/46] tests/browser/menu-family-source.spec.ts:49:5 › native Svelte: keyboard ArrowDown trigger opening
2026-10-06T22:11:33.0033489Z [5/46] tests/browser/menu-family-source.spec.ts:49:5 › native Svelte: keyboard ArrowUp trigger opening
2026-10-06T22:11:33.9763813Z [6/46] tests/browser/menu-family-source.spec.ts:60:5 › native Svelte: selection callback cancellation accepted
2026-10-06T22:11:35.3094140Z [7/46] tests/browser/menu-family-source.spec.ts:60:5 › native Svelte: selection callback cancellation check
2026-10-06T22:11:36.2566845Z [8/46] tests/browser/menu-family-source.spec.ts:60:5 › native Svelte: selection callback cancellation radio
2026-10-06T22:11:37.1899166Z [9/46] tests/browser/menu-family-source.spec.ts:77:5 › native Svelte: root open cancellation
2026-10-06T22:11:38.0676038Z [10/46] tests/browser/menu-family-source.spec.ts:77:5 › native Svelte: root close cancellation
2026-10-06T22:11:38.9704649Z [11/46] tests/browser/menu-family-source.spec.ts:83:5 › native Svelte: three nested levels and ltr arrow relay
2026-10-06T22:11:39.9760614Z [12/46] tests/browser/menu-family-source.spec.ts:83:5 › native Svelte: three nested levels and rtl arrow relay
2026-10-06T22:11:41.0067532Z [13/46] tests/browser/menu-family-source.spec.ts:102:7 › native Svelte: ltr/horizontal Menubar sibling navigation
2026-10-06T22:11:42.0388092Z [14/46] tests/browser/menu-family-source.spec.ts:102:7 › native Svelte: rtl/horizontal Menubar sibling navigation
2026-10-06T22:11:43.1030142Z [15/46] tests/browser/menu-family-source.spec.ts:102:7 › native Svelte: ltr/vertical Menubar sibling navigation
2026-10-06T22:11:44.1727088Z [16/46] tests/browser/menu-family-source.spec.ts:102:7 › native Svelte: rtl/vertical Menubar sibling navigation
2026-10-06T22:11:45.2363576Z [17/46] tests/browser/menu-family-source.spec.ts:120:3 › native Svelte: retained actions keep mounted exit until unmount
2026-10-06T22:11:46.2215152Z [18/46] tests/browser/menu-family-source.spec.ts:129:3 › native Svelte: detached handle trigger ownership and payload viewport remount
2026-10-06T22:11:48.4937712Z [19/46] tests/browser/menu-family-source.spec.ts:146:3 › native Svelte: ContextMenu uses trusted pointer anchor, outside release and Escape
2026-10-06T22:11:49.5066461Z [20/46] tests/browser/menu-family-source.spec.ts:158:3 › native Svelte: hover opens after rest and mouse exit dismisses
2026-10-06T22:11:50.7868488Z [21/46] tests/browser/menu-family-source.spec.ts:165:3 › native Svelte: Toolbar menu restores composite focus and arrow relay
2026-10-06T22:11:52.4710550Z [22/46] tests/browser/menu-family-source.spec.ts:175:3 › native Svelte: modal menu locks scroll and outside pointer dismisses
2026-10-06T22:11:53.6432761Z [23/46] tests/browser/menu-family-source.spec.ts:26:3 › Original React: trusted mouse opens, navigates disabled items, typeahead and selection
2026-10-06T22:11:55.2588832Z [24/46] tests/browser/menu-family-source.spec.ts:49:5 › Original React: keyboard Enter trigger opening
2026-10-06T22:11:56.1923611Z [25/46] tests/browser/menu-family-source.spec.ts:49:5 › Original React: keyboard Space trigger opening
2026-10-06T22:11:57.1649985Z [26/46] tests/browser/menu-family-source.spec.ts:49:5 › Original React: keyboard ArrowDown trigger opening
2026-10-06T22:11:58.0842856Z [27/46] tests/browser/menu-family-source.spec.ts:49:5 › Original React: keyboard ArrowUp trigger opening
2026-10-06T22:11:59.0146540Z [28/46] tests/browser/menu-family-source.spec.ts:60:5 › Original React: selection callback cancellation accepted
2026-10-06T22:11:59.9539654Z [29/46] tests/browser/menu-family-source.spec.ts:60:5 › Original React: selection callback cancellation check
2026-10-06T22:12:00.8869850Z [30/46] tests/browser/menu-family-source.spec.ts:60:5 › Original React: selection callback cancellation radio
2026-10-06T22:12:01.8517625Z [31/46] tests/browser/menu-family-source.spec.ts:77:5 › Original React: root open cancellation
2026-10-06T22:12:02.7851038Z [32/46] tests/browser/menu-family-source.spec.ts:77:5 › Original React: root close cancellation
2026-10-06T22:12:03.6843151Z [33/46] tests/browser/menu-family-source.spec.ts:83:5 › Original React: three nested levels and ltr arrow relay
2026-10-06T22:12:04.6830127Z [34/46] tests/browser/menu-family-source.spec.ts:83:5 › Original React: three nested levels and rtl arrow relay
2026-10-06T22:12:05.6753516Z [35/46] tests/browser/menu-family-source.spec.ts:102:7 › Original React: ltr/horizontal Menubar sibling navigation
2026-10-06T22:12:06.7004364Z [36/46] tests/browser/menu-family-source.spec.ts:102:7 › Original React: rtl/horizontal Menubar sibling navigation
2026-10-06T22:12:07.7536049Z [37/46] tests/browser/menu-family-source.spec.ts:102:7 › Original React: ltr/vertical Menubar sibling navigation
2026-10-06T22:12:08.7851597Z [38/46] tests/browser/menu-family-source.spec.ts:102:7 › Original React: rtl/vertical Menubar sibling navigation
2026-10-06T22:12:09.8062527Z [39/46] tests/browser/menu-family-source.spec.ts:120:3 › Original React: retained actions keep mounted exit until unmount
2026-10-06T22:12:10.8003076Z [40/46] tests/browser/menu-family-source.spec.ts:129:3 › Original React: detached handle trigger ownership and payload viewport remount
2026-10-06T22:12:13.0512132Z [41/46] tests/browser/menu-family-source.spec.ts:146:3 › Original React: ContextMenu uses trusted pointer anchor, outside release and Escape
2026-10-06T22:12:14.0303275Z [42/46] tests/browser/menu-family-source.spec.ts:158:3 › Original React: hover opens after rest and mouse exit dismisses
2026-10-06T22:12:15.2838113Z [43/46] tests/browser/menu-family-source.spec.ts:165:3 › Original React: Toolbar menu restores composite focus and arrow relay
2026-10-06T22:12:16.2345657Z [44/46] tests/browser/menu-family-source.spec.ts:175:3 › Original React: modal menu locks scroll and outside pointer dismisses
2026-10-06T22:12:17.1696958Z [45/46] tests/browser/menu-family-source.spec.ts:190:3 › Original React: replacing a render host preserves the current ref and registration
2026-10-06T22:12:22.3214258Z   1) tests/browser/menu-family-source.spec.ts:190:3 › Original React: replacing a render host preserves the current ref and registration 
2026-10-06T22:12:22.3214985Z 
2026-10-06T22:12:22.3215303Z     Error: expect(locator).toHaveAttribute(expected) failed
2026-10-06T22:12:22.3215631Z 
2026-10-06T22:12:22.3219833Z     Locator:  locator('main')
2026-10-06T22:12:22.3220331Z     Expected: "true"
2026-10-06T22:12:22.3220521Z     Received: ""
2026-10-06T22:12:22.3220712Z     Timeout:  5000ms
2026-10-06T22:12:22.3222129Z 
2026-10-06T22:12:22.3222363Z     Call log:
2026-10-06T22:12:22.3223838Z       - Expect "toHaveAttribute" locator('main') with timeout 5000ms
2026-10-06T22:12:22.3224370Z       - waiting for locator('main')
2026-10-06T22:12:22.3224775Z         14 × locator resolved to <main>…</main>
2026-10-06T22:12:22.3225126Z            - unexpected value "null"
2026-10-06T22:12:22.3225290Z 
2026-10-06T22:12:22.3225296Z 
2026-10-06T22:12:22.3225608Z       193 |     await page.goto(`/menu-trigger-host-overlap${reference ? '?reference' : ''}`);
2026-10-06T22:12:22.3226365Z       194 |     const main = page.locator('main');
2026-10-06T22:12:22.3226785Z     > 195 |     await expect(main).toHaveAttribute('data-hydrated', 'true');
2026-10-06T22:12:22.3227049Z           |                        ^
2026-10-06T22:12:22.3227262Z       196 |     test.info().annotations.push({
2026-10-06T22:12:22.3227490Z       197 |       type: 'browser-version',
2026-10-06T22:12:22.3227783Z       198 |       description: page.context().browser()?.version() ?? 'unavailable',
2026-10-06T22:12:22.3228144Z         at /home/runner/work/base/base/tests/browser/menu-family-source.spec.ts:195:24
2026-10-06T22:12:22.3228338Z 
2026-10-06T22:12:22.3228607Z     Error Context: test-results/menu-family/menu-family-source-Origina-a2504-urrent-ref-and-registration/error-context.md
2026-10-06T22:12:22.3228900Z 
2026-10-06T22:12:22.3229172Z     attachment #2: trace (application/zip) ─────────────────────────────────────────────────────────
2026-10-06T22:12:22.3240366Z     test-results/menu-family/menu-family-source-Origina-a2504-urrent-ref-and-registration/trace.zip
2026-10-06T22:12:22.3240848Z     Usage:
2026-10-06T22:12:22.3240944Z 
2026-10-06T22:12:22.3241367Z         pnpm exec playwright show-trace test-results/menu-family/menu-family-source-Origina-a2504-urrent-ref-and-registration/trace.zip
2026-10-06T22:12:22.3241791Z 
2026-10-06T22:12:22.3242112Z     ────────────────────────────────────────────────────────────────────────────────────────────────
2026-10-06T22:12:22.3242352Z 
2026-10-06T22:12:22.3242357Z 
2026-10-06T22:12:22.5608741Z [46/46] tests/browser/menu-family-source.spec.ts:190:3 › native Svelte: replacing a render host preserves the current ref and registration
2026-10-06T22:12:24.4441082Z   2) tests/browser/menu-family-source.spec.ts:190:3 › native Svelte: replacing a render host preserves the current ref and registration 
2026-10-06T22:12:24.4441574Z 
2026-10-06T22:12:24.4441729Z     Error: expect(received).toMatchObject(expected)
2026-10-06T22:12:24.4441924Z 
2026-10-06T22:12:24.4442012Z     - Expected  - 2
2026-10-06T22:12:24.4442259Z     + Received  + 2
2026-10-06T22:12:24.4442365Z 
2026-10-06T22:12:24.4442442Z       Object {
2026-10-06T22:12:24.4442631Z         "afterHostCount": 1,
2026-10-06T22:12:24.4442850Z     -   "boundHost": "after",
2026-10-06T22:12:24.4443090Z     -   "registeredHost": "after",
2026-10-06T22:12:24.4443314Z     +   "boundHost": null,
2026-10-06T22:12:24.4443539Z     +   "registeredHost": null,
2026-10-06T22:12:24.4443957Z       }
2026-10-06T22:12:24.4444048Z 
2026-10-06T22:12:24.4444276Z       247 |     await expect(page.locator('[data-host="before"]')).toHaveCount(0);
2026-10-06T22:12:24.4444731Z       248 |     await expect(page.locator('[data-host="after"]')).toHaveCount(1);
2026-10-06T22:12:24.4445160Z     > 249 |     expect(await record('previous-host-removed')).toMatchObject({
2026-10-06T22:12:24.4445527Z           |                                                   ^
2026-10-06T22:12:24.4445813Z       250 |       afterHostCount: 1,
2026-10-06T22:12:24.4446066Z       251 |       boundHost: 'after',
2026-10-06T22:12:24.4446327Z       252 |       registeredHost: 'after',
2026-10-06T22:12:24.4446727Z         at /home/runner/work/base/base/tests/browser/menu-family-source.spec.ts:249:51
2026-10-06T22:12:24.4447020Z 
2026-10-06T22:12:24.4447415Z     Error Context: test-results/menu-family/menu-family-source-native--573f7-urrent-ref-and-registration/error-context.md
2026-10-06T22:12:24.4447822Z 
2026-10-06T22:12:24.4448230Z     attachment #5: trace (application/zip) ─────────────────────────────────────────────────────────
2026-10-06T22:12:24.4448838Z     test-results/menu-family/menu-family-source-native--573f7-urrent-ref-and-registration/trace.zip
2026-10-06T22:12:24.4449386Z     Usage:
2026-10-06T22:12:24.4449484Z 
2026-10-06T22:12:24.4449920Z         pnpm exec playwright show-trace test-results/menu-family/menu-family-source-native--573f7-urrent-ref-and-registration/trace.zip
2026-10-06T22:12:24.4450378Z 
2026-10-06T22:12:24.4450858Z     ────────────────────────────────────────────────────────────────────────────────────────────────
2026-10-06T22:12:24.4451098Z 
2026-10-06T22:12:24.4451104Z 
2026-10-06T22:12:24.4785308Z   2 failed
2026-10-06T22:12:24.4786172Z     tests/browser/menu-family-source.spec.ts:190:3 › Original React: replacing a render host preserves the current ref and registration 
2026-10-06T22:12:24.4786740Z     tests/browser/menu-family-source.spec.ts:190:3 › native Svelte: replacing a render host preserves the current ref and registration 
2026-10-06T22:12:24.4787097Z   44 passed (1.0m)
2026-10-06T22:12:24.4904579Z ##[error]Process completed with exit code 1.
2026-10-06T22:12:24.4950833Z ##[group]Run actions/upload-artifact@ea165f8d65b6e75b540449e92b4886f43607fa02
2026-10-06T22:12:24.4951049Z with:
2026-10-06T22:12:24.4951168Z   name: menu-family-source-browser
2026-10-06T22:12:24.4951368Z   path: test-results/menu-family-results.json
test-results/menu-family/

2026-10-06T22:12:24.4951569Z   if-no-files-found: warn
2026-10-06T22:12:24.4951691Z   retention-days: 14
2026-10-06T22:12:24.4951809Z   compression-level: 6
2026-10-06T22:12:24.4951924Z   overwrite: false
2026-10-06T22:12:24.4952039Z   include-hidden-files: false
2026-10-06T22:12:24.4952165Z env:
2026-10-06T22:12:24.4952294Z   PNPM_HOME: /home/runner/setup-pnpm/node_modules/.bin
2026-10-06T22:12:24.4952450Z ##[endgroup]
2026-10-06T22:12:24.5863338Z (node:4257) [DEP0040] DeprecationWarning: The `punycode` module is deprecated. Please use a userland alternative instead.
2026-10-06T22:12:24.5863788Z (Use `node --trace-deprecation ...` to show where the warning was created)
2026-10-06T22:12:24.5908956Z Multiple search paths detected. Calculating the least common ancestor of all paths
2026-10-06T22:12:24.5910065Z The least common ancestor is /home/runner/work/base/base/test-results. This will be the root directory of the artifact
2026-10-06T22:12:24.5910628Z With the provided path, there will be 5 files uploaded
2026-10-06T22:12:24.5913966Z Artifact name is valid!
2026-10-06T22:12:24.5914343Z Root directory input is valid!
2026-10-06T22:12:24.8662629Z Beginning upload of artifact content to blob storage
2026-10-06T22:12:24.8857645Z (node:4257) [DEP0169] DeprecationWarning: `url.parse()` behavior is not standardized and prone to errors that have security implications. Use the WHATWG URL API instead. CVEs are not issued for `url.parse()` vulnerabilities.
2026-10-06T22:12:25.1180886Z Uploaded bytes 165963
2026-10-06T22:12:25.1576404Z Finished uploading artifact content to blob storage!
2026-10-06T22:12:25.1577218Z SHA256 digest of uploaded artifact zip is 0dedfcd62ed7d2a8ec52d9f6a7f5f4d2912eb30ea2c68248c41d1c62fa288b6b
2026-10-06T22:12:25.1578458Z Finalizing artifact upload
2026-10-06T22:12:25.3872220Z Artifact menu-family-source-browser.zip successfully finalized. Artifact ID 11447961974
2026-10-06T22:12:25.3872769Z Artifact menu-family-source-browser has been successfully uploaded! Final size is 165963 bytes. Artifact ID is 11447961974
2026-10-06T22:12:25.3875500Z Artifact download URL: https://github.com/sveltery/base/actions/runs/37538005603/artifacts/11447961974
2026-10-06T22:12:25.3967875Z Post job cleanup.
2026-10-06T22:12:25.4727796Z Pruning is unnecessary.
2026-10-06T22:12:25.4822046Z Post job cleanup.
2026-10-06T22:12:25.5298801Z [command]/usr/bin/git version
2026-10-06T22:12:25.5321940Z git version 2.55.0
2026-10-06T22:12:25.5343813Z Temporarily overriding HOME='/home/runner/work/_temp/f7488dde-f168-4516-af58-445671d31dfa' before making global git config changes
2026-10-06T22:12:25.5344577Z Adding repository directory to the temporary git global config as a safe directory
2026-10-06T22:12:25.5347088Z [command]/usr/bin/git config --global --add safe.directory /home/runner/work/base/base
2026-10-06T22:12:25.5362464Z Removing SSH command configuration
2026-10-06T22:12:25.5366127Z [command]/usr/bin/git config --local --name-only --get-regexp core\.sshCommand
2026-10-06T22:12:25.5382376Z [command]/usr/bin/git submodule foreach --recursive sh -c "git config --local --name-only --get-regexp 'core\.sshCommand' && git config --local --unset-all 'core.sshCommand' || :"
2026-10-06T22:12:25.5490749Z Removing HTTP extra header
2026-10-06T22:12:25.5494725Z [command]/usr/bin/git config --local --name-only --get-regexp http\.https\:\/\/github\.com\/\.extraheader
2026-10-06T22:12:25.5521101Z [command]/usr/bin/git submodule foreach --recursive sh -c "git config --local --name-only --get-regexp 'http\.https\:\/\/github\.com\/\.extraheader' && git config --local --unset-all 'http.https://github.com/.extraheader' || :"
2026-10-06T22:12:25.5633929Z Removing includeIf entries pointing to credentials config files
2026-10-06T22:12:25.5639343Z [command]/usr/bin/git config --local --name-only --get-regexp ^includeIf\.gitdir:
2026-10-06T22:12:25.5656750Z [command]/usr/bin/git submodule foreach --recursive git config --local --show-origin --name-only --get-regexp remote.origin.url
2026-10-06T22:12:25.5857263Z Cleaning up orphan processes
2026-10-06T22:12:25.6013036Z ##[warning]Node.js 20 is deprecated. The following actions target Node.js 20 but are being forced to run on Node.js 24: actions/upload-artifact@ea165f8d65b6e75b540449e92b4886f43607fa02. For more information see: https://github.blog/changelog/2025-09-19-deprecation-of-node-20-on-github-actions-runners/
