Downloading the pnpm 12.6.0 binary for linux-x64...
Scope: all 4 workspace projects
? Verifying lockfile against supply-chain policies (344 entries)...
Progress: resolved 322, reused 0, downloaded 1, added 0
Downloading @rolldown/binding-linux-x64-gnu@1.2.11: 0.00 B/7.94 MB
Packages are hard linked from the content-addressable store to the virtual store.
  Content-addressable store is at: /workspace/scratch/4b2513ebe1ef/collapsible/.checks/data/pnpm/store/v11
  Virtual store is at:             node_modules/.pnpm
Update available! 12.6.0 → 12.9.1.
Changelog: https://pnpm.io/v/12.9.1
To update, run: curl -fsSL https://get.pnpm.io/install.sh | sh -
Progress: resolved 322, reused 0, downloaded 128, added 128
Progress: resolved 322, reused 0, downloaded 217, added 192
Progress: resolved 322, reused 0, downloaded 301, added 288
Progress: resolved 322, reused 0, downloaded 318, added 320
✓ Lockfile passes supply-chain policies (344 entries in 10.7s)
Lockfile is up to date, resolution step is skipped
Packages: +322
++++++++++++++++++++++++++++++++++++++++++++++++++++++++++++++++++++++++++++++++
Progress: resolved 322, reused 0, downloaded 319, added 322, done
packages/base prepare$ svelte-kit sync
packages/base prepare: > config_file_unsupported
packages/base prepare: `svelte.config.js` is no longer used. Please pass configuration via the `sveltekit(...)` plugin in your Vite config.
packages/base prepare: https://svelte.dev/e/kit/config_file_unsupported
packages/base prepare: `svelte.config.js` is no longer used. Please pass configuration via the `sveltekit(...)` plugin in your Vite config.
packages/base prepare: https://svelte.dev/e/kit/config_file_unsupported
packages/base prepare:     at BasicMinimalPluginContext.handler (file:///workspace/scratch/4b2513ebe1ef/collapsible/node_modules/.pnpm/@sveltejs+kit@3.0.0_@sveltejs+vite-plugin-svelte@7.3.1_svelte@5.57.1_@typescript-eslint_d9c1e485a6bf6e904272c1b3fc6d1948/node_modules/@sveltejs/kit/src/exports/vite/index.js:278:9)
packages/base prepare:     at runConfigHook (file:///workspace/scratch/4b2513ebe1ef/collapsible/node_modules/.pnpm/vite@8.3.1_@types+node@24.19.1/node_modules/vite/dist/node/chunks/node.js:37892:42)
packages/base prepare:     at async Module.resolveConfig (file:///workspace/scratch/4b2513ebe1ef/collapsible/node_modules/.pnpm/vite@8.3.1_@types+node@24.19.1/node_modules/vite/dist/node/chunks/node.js:37298:11)
packages/base prepare:     at async file:///workspace/scratch/4b2513ebe1ef/collapsible/node_modules/.pnpm/@sveltejs+kit@3.0.0_@sveltejs+vite-plugin-svelte@7.3.1_svelte@5.57.1_@typescript-eslint_d9c1e485a6bf6e904272c1b3fc6d1948/node_modules/@sveltejs/kit/src/cli.js:102:23
packages/base prepare: Failed
Error: ERR_PNPM_EXECUTOR_LIFECYCLE_SCRIPT_FAILED

  × installing dependencies
  ╰─▶ /workspace/scratch/4b2513ebe1ef/collapsible/packages/base prepare:
      `svelte-kit sync` exited with exit status: 1

