[WebServer] (node:110) Warning: The 'NO_COLOR' env is ignored due to the 'FORCE_COLOR' env being set.
[WebServer] (Use `node --trace-warnings ...` to show where the warning was created)

Running 1 test using 1 worker

(node:148) Warning: The 'NO_COLOR' env is ignored due to the 'FORCE_COLOR' env being set.
(Use `node --trace-warnings ...` to show where the warning was created)
  ✘  1 tests/browser/collapsible.spec.ts:413:3 › R:19 Svelte sets ARIA attributes (3ms)


  1) tests/browser/collapsible.spec.ts:413:3 › R:19 Svelte sets ARIA attributes ────────────────────

    Error: browserType.launch: Executable doesn't exist at /workspace/scratch/4b2513ebe1ef/playwright-browsers/chromium_headless_shell-1243/chrome-headless-shell-linux64/chrome-headless-shell
    ╔════════════════════════════════════════════════════════════╗
    ║ Looks like Playwright was just installed or updated.       ║
    ║ Please run the following command to download new browsers: ║
    ║                                                            ║
    ║     pnpm exec playwright install                           ║
    ║                                                            ║
    ║ <3 Playwright Team                                         ║
    ╚════════════════════════════════════════════════════════════╝

    Error Context: test-results/collapsible-R-19-Svelte-sets-ARIA-attributes/error-context.md

    attachment #2: trace (application/zip) ─────────────────────────────────────────────────────────
    test-results/collapsible-R-19-Svelte-sets-ARIA-attributes/trace.zip
    Usage:

        pnpm exec playwright show-trace test-results/collapsible-R-19-Svelte-sets-ARIA-attributes/trace.zip

    ────────────────────────────────────────────────────────────────────────────────────────────────

  1 failed
    tests/browser/collapsible.spec.ts:413:3 › R:19 Svelte sets ARIA attributes ─────────────────────
