$ pnpm package:prepare && pnpm --recursive --sort --workspace-concurrency 1 run check
$ bash scripts/prepare-workspace.sh
$ pnpm --recursive --filter './packages/*' --sort --workspace-concurrency 1 --if-present run prepack
Scope: 2 of 4 workspace projects
$ pnpm run build && publint --strict
$ svelte-package
src/lib -> dist
Running publint v0.3.25 for @sveltery/utils...
Packing files with `pnpm pack`...
Linting...
All good!
$ svelte-kit sync && svelte-package && publint --strict
src/lib -> dist
Running publint v0.3.25 for @sveltery/base...
Packing files with `pnpm pack`...
Linting...
All good!
Scope: 3 of 4 workspace projects
$ svelte-check --tsconfig ./tsconfig.json
Loading svelte-check in workspace: /workspace/scratch/4b2513ebe1ef/collapsible-check/packages/utils
Getting Svelte diagnostics...

svelte-check found 0 errors and 0 warnings
$ svelte-kit sync && svelte-check --tsconfig ./tsconfig.json
Loading svelte-check in workspace: /workspace/scratch/4b2513ebe1ef/collapsible-check/packages/base
Getting Svelte diagnostics...

/workspace/scratch/4b2513ebe1ef/collapsible-check/packages/base/tests/dom/fixtures/UtilsStoreSync.svelte:12:37
Warn: This reference only captures the initial value of `initialValue`. Did you mean to reference it inside a derived instead?
https://svelte.dev/e/state_referenced_locally (svelte)
  } = $props();
  let value = $state.raw({ current: initialValue });
  if (cleanup) store.useSyncedValueWithCleanup('value', () => value.current);

/workspace/scratch/4b2513ebe1ef/collapsible-check/packages/base/tests/dom/fixtures/UtilsStoreSync.svelte:13:7
Warn: This reference only captures the initial value of `cleanup`. Did you mean to reference it inside a closure instead?
https://svelte.dev/e/state_referenced_locally (svelte)
  let value = $state.raw({ current: initialValue });
  if (cleanup) store.useSyncedValueWithCleanup('value', () => value.current);
  else store.useSyncedValue('value', () => value.current);

/workspace/scratch/4b2513ebe1ef/collapsible-check/packages/base/tests/dom/fixtures/UtilsStoreSync.svelte:13:16
Warn: This reference only captures the initial value of `store`. Did you mean to reference it inside a closure instead?
https://svelte.dev/e/state_referenced_locally (svelte)
  let value = $state.raw({ current: initialValue });
  if (cleanup) store.useSyncedValueWithCleanup('value', () => value.current);
  else store.useSyncedValue('value', () => value.current);

/workspace/scratch/4b2513ebe1ef/collapsible-check/packages/base/tests/dom/fixtures/UtilsStoreSync.svelte:14:8
Warn: This reference only captures the initial value of `store`. Did you mean to reference it inside a closure instead?
https://svelte.dev/e/state_referenced_locally (svelte)
  if (cleanup) store.useSyncedValueWithCleanup('value', () => value.current);
  else store.useSyncedValue('value', () => value.current);
  export const updateValue = (next: number) => {

/workspace/scratch/4b2513ebe1ef/collapsible-check/packages/base/tests/dom/MenuTreeTriggerOwner.svelte:15:23
Warn: This reference only captures the initial value of `tree`. Did you mean to reference it inside a closure instead?
https://svelte.dev/e/state_referenced_locally (svelte)
  }: { tree: FloatingTreeStore; parentNodeId: string; children: Snippet } = $props();
  provideFloatingTree(tree);
  provideFloatingNode(() => parentNodeId);

/workspace/scratch/4b2513ebe1ef/collapsible-check/packages/base/tests/dom/NativeScrollAreaProbe.svelte:7:3
Warn: This reference only captures the initial value of `capture`. Did you mean to reference it inside a closure instead?
https://svelte.dev/e/state_referenced_locally (svelte)
  let { capture }: { capture: (context: ScrollAreaRootContext) => void } = $props();
  capture(useScrollAreaRootContext());
</script>

====================================
svelte-check found 0 errors and 6 warnings in 3 files
$ svelte-kit sync && svelte-check --tsconfig ./tsconfig.json
Killed
[ELIFECYCLE] Command failed with exit code 137.
Error, do this: mount -t proc proc /proc
Error: ERR_PNPM_RECURSIVE_RUN_FIRST_FAIL

  × "pnpm recursive run" failed in /workspace/scratch/4b2513ebe1ef/
  │ collapsible-check/apps/fixtures

[ELIFECYCLE] Command failed with exit code 1.
