? Verifying lockfile against supply-chain policies (134 entries)...
Packages are hard linked from the content-addressable store to the virtual store.
  Content-addressable store is at: /workspace/use-click-private-base/.checks/data/pnpm/store/v11
  Virtual store is at:             node_modules/.pnpm
Progress: resolved 134, reused 29, downloaded 1, added 29
Progress: resolved 134, reused 29, downloaded 42, added 61
✓ Lockfile passes supply-chain policies (134 entries in 3.4s)
Lockfile is up to date, resolution step is skipped
Packages: +134
++++++++++++++++++++++++++++++++++++++++++++++++++++++++++++++++++++++++++++++++
Progress: resolved 134, reused 29, downloaded 105, added 134, done

devDependencies:
+ @eslint/js 10.0.1
+ eslint 10.11.0
+ eslint-plugin-svelte 3.23.0
+ globals 17.12.0
+ prettier 3.9.9
+ svelte 5.57.1
+ typescript 5.9.3
+ typescript-eslint 8.71.0

Done in 3.4s using pnpm v12.6.0
Checking formatting...
All matched files use Prettier code style!
