$ vitest run --config vitest.dom.config.ts -- tests/dom/use-click.test.ts --maxWorkers=1 --no-file-parallelism

 RUN  v5.0.3 /workspace/use-click-private-base/packages/base

 ❯ tests/dom/radio-focus-source.test.ts (0 test)
 ❯ tests/dom/meter.test.ts (0 test)
 ❯ tests/dom/review-regressions.test.ts (0 test)
 ❯ tests/dom/native-tabbables.test.ts (0 test)
 ❯ tests/dom/navigation-source.test.ts (0 test)
 ❯ tests/dom/input-checked-defaults.test.ts (0 test)
 ❯ tests/dom/focus-ownership.test.ts (0 test)
 ❯ tests/dom/progress.test.ts (0 test)
 ❯ tests/dom/modal-isolation.test.ts (0 test)
 ❯ tests/dom/toast-portal.test.ts (0 test)
 ❯ tests/dom/input.test.ts (0 test)
 ❯ tests/dom/button-source.test.ts (0 test)
 ❯ tests/dom/avatar-completion-source.test.ts (0 test)
 ❯ tests/dom/field-error-ownership.test.ts (0 test)
 ❯ tests/dom/state.test.ts (0 test)
 ❯ tests/dom/input-checked-consumer.test.ts (0 test)
 ❯ tests/dom/input-timing.test.ts (0 test)
 ❯ tests/dom/boolean-source-reset-witness.test.ts (0 test)
 ❯ tests/dom/direction-provider.test.ts (0 test)
 ❯ tests/dom/boolean-labels.test.ts (0 test)
 ❯ tests/dom/nonmodal-focus.test.ts (0 test)
 ❯ tests/dom/input-reset-observation.test.ts (0 test)
 ❯ tests/dom/avatar-hydration.test.ts (4 tests | 4 failed) 2842ms
   × I:429 renders image in server HTML and resolves cached images on hydration (DOM cached model) 710ms
   × I:1065 does not replay enter animation for a cached image on hydration (DOM cached model) 717ms
   × I:1100 does not flash fallback for a cached image during SSR hydration (DOM probe cache model) 671ms
   × supplement cached detached hydration enters after initial idle transition setup 743ms
 ❯ tests/dom/composite-nested-source.test.ts (0 test)
 ❯ tests/dom/input-conformance.test.ts (0 test)
 ❯ tests/dom/radio-standalone-source.test.ts (0 test)
 ❯ tests/dom/csp-provider.test.ts (0 test)
 ❯ tests/dom/input-reference.test.ts (0 test)
 ❯ tests/dom/input-event-phase.test.ts (0 test)
 ❯ tests/dom/input-class-value.test.ts (0 test)
[ELIFECYCLE] Command failed.
