2026-10-03T05:21:17.2484287Z Current runner version: '2.337.0'
2026-10-03T05:21:17.2505699Z ##[group]Runner Image Provisioner
2026-10-03T05:21:17.2506512Z Hosted Compute Agent
2026-10-03T05:21:17.2507050Z Version: 20260901.588
2026-10-03T05:21:17.2507634Z Commit: f88ec8081b781fac6c440065ac7ff9e710ce3d0b
2026-10-03T05:21:17.2508269Z Build Date: 2026-09-01T19:56:44Z
2026-10-03T05:21:17.2509078Z Worker ID: {324cb59a-60e2-4904-a843-aa277d59195a}
2026-10-03T05:21:17.2509738Z Azure Region: westus3
2026-10-03T05:21:17.2510299Z ##[endgroup]
2026-10-03T05:21:17.2511529Z ##[group]Operating System
2026-10-03T05:21:17.2512091Z Ubuntu
2026-10-03T05:21:17.2512547Z 22.04.5
2026-10-03T05:21:17.2513051Z LTS
2026-10-03T05:21:17.2513527Z ##[endgroup]
2026-10-03T05:21:17.2513989Z ##[group]Runner Image
2026-10-03T05:21:17.2514582Z Image: ubuntu-22.04
2026-10-03T05:21:17.2515075Z Version: 20260927.309.1
2026-10-03T05:21:17.2516199Z Included Software: https://github.com/actions/runner-images/blob/ubuntu22/20260927.309/images/ubuntu/Ubuntu2204-Readme.md
2026-10-03T05:21:17.2517456Z Image Release: https://github.com/actions/runner-images/releases/tag/ubuntu22%2F20260927.309
2026-10-03T05:21:17.2518352Z ##[endgroup]
2026-10-03T05:21:17.2519443Z ##[group]GITHUB_TOKEN Permissions
2026-10-03T05:21:17.2521060Z Contents: read
2026-10-03T05:21:17.2521573Z Metadata: read
2026-10-03T05:21:17.2522207Z ##[endgroup]
2026-10-03T05:21:17.2523976Z Secret source: Actions
2026-10-03T05:21:17.2524834Z Cache mode: write
2026-10-03T05:21:17.2525488Z Prepare workflow directory
2026-10-03T05:21:17.2837291Z Prepare all required actions
2026-10-03T05:21:17.2877809Z Getting action download info
2026-10-03T05:21:17.6050186Z Download action repository 'actions/checkout@d23441a48e516b6c34aea4fa41551a30e30af803' (SHA:d23441a48e516b6c34aea4fa41551a30e30af803)
2026-10-03T05:21:17.7092691Z Download action repository 'pnpm/action-setup@fc06bc1257f339d1d5d8b3a19a8cae5388b55320' (SHA:fc06bc1257f339d1d5d8b3a19a8cae5388b55320)
2026-10-03T05:21:18.4036744Z Download action repository 'actions/setup-node@249970729cb0ef3589644e2896645e5dc5ba9c38' (SHA:249970729cb0ef3589644e2896645e5dc5ba9c38)
2026-10-03T05:21:18.5134176Z Download action repository 'actions/upload-artifact@ea165f8d65b6e75b540449e92b4886f43607fa02' (SHA:ea165f8d65b6e75b540449e92b4886f43607fa02)
2026-10-03T05:21:18.7496342Z Complete job name: Remote Form API browser
2026-10-03T05:21:18.8177816Z ##[group]Run actions/checkout@d23441a48e516b6c34aea4fa41551a30e30af803
2026-10-03T05:21:18.8179068Z with:
2026-10-03T05:21:18.8179617Z   ref: 77c5c107b3d2e70a4bb62276b2e0231683782839
2026-10-03T05:21:18.8180271Z   persist-credentials: false
2026-10-03T05:21:18.8180879Z   repository: sveltery/base
2026-10-03T05:21:18.8185012Z   token: ***
2026-10-03T05:21:18.8185531Z   ssh-strict: true
2026-10-03T05:21:18.8186052Z   ssh-user: git
2026-10-03T05:21:18.8186515Z   clean: true
2026-10-03T05:21:18.8187061Z   sparse-checkout-cone-mode: true
2026-10-03T05:21:18.8187636Z   fetch-depth: 1
2026-10-03T05:21:18.8188113Z   fetch-tags: false
2026-10-03T05:21:18.8188902Z   show-progress: true
2026-10-03T05:21:18.8189420Z   lfs: false
2026-10-03T05:21:18.8189943Z   submodules: false
2026-10-03T05:21:18.8190438Z   set-safe-directory: true
2026-10-03T05:21:18.8190966Z   allow-unsafe-pr-checkout: false
2026-10-03T05:21:18.8191821Z ##[endgroup]
2026-10-03T05:21:18.9063330Z Syncing repository: sveltery/base
2026-10-03T05:21:18.9065786Z ##[group]Getting Git version info
2026-10-03T05:21:18.9066918Z Working directory is '/home/runner/work/base/base'
2026-10-03T05:21:18.9068587Z [command]/usr/bin/git version
2026-10-03T05:21:18.9070164Z git version 2.55.0
2026-10-03T05:21:18.9090902Z ##[endgroup]
2026-10-03T05:21:18.9110827Z Temporarily overriding HOME='/home/runner/work/_temp/0b56044f-0af4-4970-995d-71f68b7648bd' before making global git config changes
2026-10-03T05:21:18.9113567Z Adding repository directory to the temporary git global config as a safe directory
2026-10-03T05:21:18.9115707Z [command]/usr/bin/git config --global --add safe.directory /home/runner/work/base/base
2026-10-03T05:21:18.9147934Z Deleting the contents of '/home/runner/work/base/base'
2026-10-03T05:21:18.9152136Z ##[group]Determining repository object format
2026-10-03T05:21:18.9153864Z ##[endgroup]
2026-10-03T05:21:18.9155131Z ##[group]Initializing the repository
2026-10-03T05:21:18.9157272Z [command]/usr/bin/git init /home/runner/work/base/base
2026-10-03T05:21:18.9237309Z hint: Using 'master' as the name for the initial branch. This default branch name
2026-10-03T05:21:18.9239346Z hint: will change to "main" in Git 3.0. To configure the initial branch name
2026-10-03T05:21:18.9241194Z hint: to use in all of your new repositories, which will suppress this warning,
2026-10-03T05:21:18.9242548Z hint: call:
2026-10-03T05:21:18.9243367Z hint:
2026-10-03T05:21:18.9244430Z hint: 	git config --global init.defaultBranch <name>
2026-10-03T05:21:18.9245478Z hint:
2026-10-03T05:21:18.9246523Z hint: Names commonly chosen instead of 'master' are 'main', 'trunk' and
2026-10-03T05:21:18.9248066Z hint: 'development'. The just-created branch can be renamed via this command:
2026-10-03T05:21:18.9249498Z hint:
2026-10-03T05:21:18.9250197Z hint: 	git branch -m <name>
2026-10-03T05:21:18.9250967Z hint:
2026-10-03T05:21:18.9252040Z hint: Disable this message with "git config set advice.defaultBranchName false"
2026-10-03T05:21:18.9253615Z Initialized empty Git repository in /home/runner/work/base/base/.git/
2026-10-03T05:21:18.9256583Z [command]/usr/bin/git remote add origin https://github.com/sveltery/base
2026-10-03T05:21:18.9300897Z ##[endgroup]
2026-10-03T05:21:18.9302392Z ##[group]Disabling automatic garbage collection
2026-10-03T05:21:18.9303837Z [command]/usr/bin/git config --local gc.auto 0
2026-10-03T05:21:18.9321665Z ##[endgroup]
2026-10-03T05:21:18.9322827Z ##[group]Setting up auth
2026-10-03T05:21:18.9323740Z Removing SSH command configuration
2026-10-03T05:21:18.9324928Z [command]/usr/bin/git config --local --name-only --get-regexp core\.sshCommand
2026-10-03T05:21:18.9353613Z [command]/usr/bin/git submodule foreach --recursive sh -c "git config --local --name-only --get-regexp 'core\.sshCommand' && git config --local --unset-all 'core.sshCommand' || :"
2026-10-03T05:21:18.9636508Z Removing HTTP extra header
2026-10-03T05:21:18.9642996Z [command]/usr/bin/git config --local --name-only --get-regexp http\.https\:\/\/github\.com\/\.extraheader
2026-10-03T05:21:18.9683477Z [command]/usr/bin/git submodule foreach --recursive sh -c "git config --local --name-only --get-regexp 'http\.https\:\/\/github\.com\/\.extraheader' && git config --local --unset-all 'http.https://github.com/.extraheader' || :"
2026-10-03T05:21:18.9925838Z Removing includeIf entries pointing to credentials config files
2026-10-03T05:21:18.9930526Z [command]/usr/bin/git config --local --name-only --get-regexp ^includeIf\.gitdir:
2026-10-03T05:21:18.9967604Z [command]/usr/bin/git submodule foreach --recursive git config --local --show-origin --name-only --get-regexp remote.origin.url
2026-10-03T05:21:19.0197073Z [command]/usr/bin/git config --file /home/runner/work/_temp/git-credentials-07aca1ed-1de5-47ad-b50a-3b9fd9c5455e.config http.https://github.com/.extraheader AUTHORIZATION: basic ***
2026-10-03T05:21:19.0236215Z [command]/usr/bin/git config --local includeIf.gitdir:/home/runner/work/base/base/.git.path /home/runner/work/_temp/git-credentials-07aca1ed-1de5-47ad-b50a-3b9fd9c5455e.config
2026-10-03T05:21:19.0268174Z [command]/usr/bin/git config --local includeIf.gitdir:/home/runner/work/base/base/.git/worktrees/*.path /home/runner/work/_temp/git-credentials-07aca1ed-1de5-47ad-b50a-3b9fd9c5455e.config
2026-10-03T05:21:19.0300550Z [command]/usr/bin/git config --local includeIf.gitdir:/github/workspace/.git.path /github/runner_temp/git-credentials-07aca1ed-1de5-47ad-b50a-3b9fd9c5455e.config
2026-10-03T05:21:19.0368166Z [command]/usr/bin/git config --local includeIf.gitdir:/github/workspace/.git/worktrees/*.path /github/runner_temp/git-credentials-07aca1ed-1de5-47ad-b50a-3b9fd9c5455e.config
2026-10-03T05:21:19.0376943Z ##[endgroup]
2026-10-03T05:21:19.0377852Z ##[group]Fetching the repository
2026-10-03T05:21:19.0380002Z [command]/usr/bin/git -c protocol.version=2 fetch --no-tags --prune --no-recurse-submodules --depth=1 origin 77c5c107b3d2e70a4bb62276b2e0231683782839
2026-10-03T05:21:19.8984385Z From https://github.com/sveltery/base
2026-10-03T05:21:19.8985769Z  * branch            77c5c107b3d2e70a4bb62276b2e0231683782839 -> FETCH_HEAD
2026-10-03T05:21:19.8993679Z [command]/usr/bin/git rev-parse --verify --quiet 77c5c107b3d2e70a4bb62276b2e0231683782839^{object}
2026-10-03T05:21:19.9021066Z 77c5c107b3d2e70a4bb62276b2e0231683782839
2026-10-03T05:21:19.9025888Z ##[endgroup]
2026-10-03T05:21:19.9027194Z ##[group]Determining the checkout info
2026-10-03T05:21:19.9031056Z ##[endgroup]
2026-10-03T05:21:19.9032146Z [command]/usr/bin/git sparse-checkout disable
2026-10-03T05:21:19.9076538Z [command]/usr/bin/git config --local --unset-all extensions.worktreeConfig
2026-10-03T05:21:19.9109677Z ##[group]Checking out the ref
2026-10-03T05:21:19.9112079Z [command]/usr/bin/git checkout --progress --force 77c5c107b3d2e70a4bb62276b2e0231683782839
2026-10-03T05:21:19.9769796Z Note: switching to '77c5c107b3d2e70a4bb62276b2e0231683782839'.
2026-10-03T05:21:19.9771230Z 
2026-10-03T05:21:19.9772249Z You are in 'detached HEAD' state. You can look around, make experimental
2026-10-03T05:21:19.9774346Z changes and commit them, and you can discard any commits you make in this
2026-10-03T05:21:19.9776597Z state without impacting any branches by switching back to a branch.
2026-10-03T05:21:19.9777671Z 
2026-10-03T05:21:19.9778380Z If you want to create a new branch to retain commits you create, you may
2026-10-03T05:21:19.9780341Z do so (now or later) by using -c with the switch command. Example:
2026-10-03T05:21:19.9781350Z 
2026-10-03T05:21:19.9781785Z   git switch -c <new-branch-name>
2026-10-03T05:21:19.9782488Z 
2026-10-03T05:21:19.9782913Z Or undo this operation with:
2026-10-03T05:21:19.9783547Z 
2026-10-03T05:21:19.9783940Z   git switch -
2026-10-03T05:21:19.9784418Z 
2026-10-03T05:21:19.9785209Z Turn off this advice by setting config variable advice.detachedHead to false
2026-10-03T05:21:19.9786351Z 
2026-10-03T05:21:19.9787040Z HEAD is now at 77c5c10 Merge source core browser time-budget successor
2026-10-03T05:21:19.9790519Z ##[endgroup]
2026-10-03T05:21:19.9820531Z [command]/usr/bin/git log -1 --format=%H
2026-10-03T05:21:19.9849373Z 77c5c107b3d2e70a4bb62276b2e0231683782839
2026-10-03T05:21:19.9857605Z ##[group]Removing auth
2026-10-03T05:21:19.9858606Z Removing SSH command configuration
2026-10-03T05:21:19.9861162Z [command]/usr/bin/git config --local --name-only --get-regexp core\.sshCommand
2026-10-03T05:21:19.9895061Z [command]/usr/bin/git submodule foreach --recursive sh -c "git config --local --name-only --get-regexp 'core\.sshCommand' && git config --local --unset-all 'core.sshCommand' || :"
2026-10-03T05:21:20.0151193Z Removing HTTP extra header
2026-10-03T05:21:20.0154198Z [command]/usr/bin/git config --local --name-only --get-regexp http\.https\:\/\/github\.com\/\.extraheader
2026-10-03T05:21:20.0189165Z [command]/usr/bin/git submodule foreach --recursive sh -c "git config --local --name-only --get-regexp 'http\.https\:\/\/github\.com\/\.extraheader' && git config --local --unset-all 'http.https://github.com/.extraheader' || :"
2026-10-03T05:21:20.0410704Z Removing includeIf entries pointing to credentials config files
2026-10-03T05:21:20.0413944Z [command]/usr/bin/git config --local --name-only --get-regexp ^includeIf\.gitdir:
2026-10-03T05:21:20.0440464Z includeif.gitdir:/home/runner/work/base/base/.git.path
2026-10-03T05:21:20.0442353Z includeif.gitdir:/home/runner/work/base/base/.git/worktrees/*.path
2026-10-03T05:21:20.0443724Z includeif.gitdir:/github/workspace/.git.path
2026-10-03T05:21:20.0444971Z includeif.gitdir:/github/workspace/.git/worktrees/*.path
2026-10-03T05:21:20.0449652Z [command]/usr/bin/git config --local --get-all includeif.gitdir:/home/runner/work/base/base/.git.path
2026-10-03T05:21:20.0476654Z /home/runner/work/_temp/git-credentials-07aca1ed-1de5-47ad-b50a-3b9fd9c5455e.config
2026-10-03T05:21:20.0485464Z [command]/usr/bin/git config --local --unset includeif.gitdir:/home/runner/work/base/base/.git.path /home/runner/work/_temp/git-credentials-07aca1ed-1de5-47ad-b50a-3b9fd9c5455e.config
2026-10-03T05:21:20.0519939Z [command]/usr/bin/git config --local --get-all includeif.gitdir:/home/runner/work/base/base/.git/worktrees/*.path
2026-10-03T05:21:20.0544445Z /home/runner/work/_temp/git-credentials-07aca1ed-1de5-47ad-b50a-3b9fd9c5455e.config
2026-10-03T05:21:20.0552633Z [command]/usr/bin/git config --local --unset includeif.gitdir:/home/runner/work/base/base/.git/worktrees/*.path /home/runner/work/_temp/git-credentials-07aca1ed-1de5-47ad-b50a-3b9fd9c5455e.config
2026-10-03T05:21:20.0590518Z [command]/usr/bin/git config --local --get-all includeif.gitdir:/github/workspace/.git.path
2026-10-03T05:21:20.0617126Z /github/runner_temp/git-credentials-07aca1ed-1de5-47ad-b50a-3b9fd9c5455e.config
2026-10-03T05:21:20.0632971Z [command]/usr/bin/git config --local --unset includeif.gitdir:/github/workspace/.git.path /github/runner_temp/git-credentials-07aca1ed-1de5-47ad-b50a-3b9fd9c5455e.config
2026-10-03T05:21:20.0671381Z [command]/usr/bin/git config --local --get-all includeif.gitdir:/github/workspace/.git/worktrees/*.path
2026-10-03T05:21:20.0695768Z /github/runner_temp/git-credentials-07aca1ed-1de5-47ad-b50a-3b9fd9c5455e.config
2026-10-03T05:21:20.0702330Z [command]/usr/bin/git config --local --unset includeif.gitdir:/github/workspace/.git/worktrees/*.path /github/runner_temp/git-credentials-07aca1ed-1de5-47ad-b50a-3b9fd9c5455e.config
2026-10-03T05:21:20.0735419Z [command]/usr/bin/git submodule foreach --recursive git config --local --show-origin --name-only --get-regexp remote.origin.url
2026-10-03T05:21:20.0963231Z Removing credentials config '/home/runner/work/_temp/git-credentials-07aca1ed-1de5-47ad-b50a-3b9fd9c5455e.config'
2026-10-03T05:21:20.0966565Z ##[endgroup]
2026-10-03T05:21:20.1208435Z ##[group]Run pnpm/action-setup@fc06bc1257f339d1d5d8b3a19a8cae5388b55320
2026-10-03T05:21:20.1209911Z with:
2026-10-03T05:21:20.1210557Z   version: 12.6.0
2026-10-03T05:21:20.1211245Z   run_install: false
2026-10-03T05:21:20.1211952Z   dest: ~/setup-pnpm
2026-10-03T05:21:20.1212650Z   cache: false
2026-10-03T05:21:20.1213384Z   cache_dependency_path: pnpm-lock.yaml
2026-10-03T05:21:20.1214295Z   package_json_file: package.json
2026-10-03T05:21:20.1215119Z   standalone: false
2026-10-03T05:21:20.1215809Z ##[endgroup]
2026-10-03T05:21:20.2451144Z ##[group]Running self-installer...
2026-10-03T05:21:20.5914963Z (node:1979) [DEP0169] DeprecationWarning: `url.parse()` behavior is not standardized and prone to errors that have security implications. Use the WHATWG URL API instead. CVEs are not issued for `url.parse()` vulnerabilities.
2026-10-03T05:21:20.5917955Z (Use `node --trace-deprecation ...` to show where the warning was created)
2026-10-03T05:21:20.7848938Z Progress: resolved 1, reused 0, downloaded 0, added 0
2026-10-03T05:21:20.9081155Z Packages: +3
2026-10-03T05:21:20.9081978Z +++
2026-10-03T05:21:21.6327607Z Progress: resolved 15, reused 0, downloaded 3, added 3, done
2026-10-03T05:21:21.6459079Z .../.pnpm/pnpm@12.6.0/node_modules/pnpm preinstall$ node install.js
2026-10-03T05:21:23.1927415Z .../.pnpm/pnpm@12.6.0/node_modules/pnpm preinstall: Done
2026-10-03T05:21:23.1931275Z .../.pnpm/pnpm@12.6.0/node_modules/pnpm postinstall$ node install.js
2026-10-03T05:21:23.2356222Z .../.pnpm/pnpm@12.6.0/node_modules/pnpm postinstall: Done
2026-10-03T05:21:24.3879078Z 
2026-10-03T05:21:24.3879594Z dependencies:
2026-10-03T05:21:24.3880027Z + pnpm 12.6.0 (12.8.1 is available)
2026-10-03T05:21:24.3880289Z 
2026-10-03T05:21:24.3903285Z Done in 3.9s
2026-10-03T05:21:24.4422586Z ##[endgroup]
2026-10-03T05:21:24.4422981Z Installation Completed!
2026-10-03T05:21:24.4593878Z ##[group]Run actions/setup-node@249970729cb0ef3589644e2896645e5dc5ba9c38
2026-10-03T05:21:24.4594207Z with:
2026-10-03T05:21:24.4594374Z   node-version: 24
2026-10-03T05:21:24.4594607Z   package-manager-cache: false
2026-10-03T05:21:24.4594825Z   check-latest: false
2026-10-03T05:21:24.4597019Z   token: ***
2026-10-03T05:21:24.4597186Z env:
2026-10-03T05:21:24.4597405Z   PNPM_HOME: /home/runner/setup-pnpm/node_modules/.bin
2026-10-03T05:21:24.4597656Z ##[endgroup]
2026-10-03T05:21:24.5849077Z Found in cache @ /opt/hostedtoolcache/node/24.21.0/x64
2026-10-03T05:21:24.5852893Z ##[group]Environment details
2026-10-03T05:21:24.9964005Z node: v24.21.0
2026-10-03T05:21:24.9964978Z npm: 11.19.0
2026-10-03T05:21:24.9965204Z yarn: 1.22.22
2026-10-03T05:21:24.9965697Z ##[endgroup]
2026-10-03T05:21:25.0401965Z ##[group]Run bash scripts/bootstrap.sh
2026-10-03T05:21:25.0402314Z [36;1mbash scripts/bootstrap.sh[0m
2026-10-03T05:21:25.0688152Z shell: /usr/bin/bash -e {0}
2026-10-03T05:21:25.0688422Z env:
2026-10-03T05:21:25.0688654Z   PNPM_HOME: /home/runner/setup-pnpm/node_modules/.bin
2026-10-03T05:21:25.0689203Z ##[endgroup]
2026-10-03T05:21:25.1885089Z Scope: all 3 workspace projects
2026-10-03T05:21:25.2024783Z ? Verifying lockfile against supply-chain policies (162 entries)...
2026-10-03T05:21:25.4246724Z Downloading @rolldown/binding-linux-x64-gnu@1.2.11: 0.00 B/7.94 MB
2026-10-03T05:21:25.4679791Z Packages are hard linked from the content-addressable store to the virtual store.
2026-10-03T05:21:25.4680805Z   Content-addressable store is at: /home/runner/setup-pnpm/node_modules/.bin/store/v11
2026-10-03T05:21:25.4681480Z   Virtual store is at:             node_modules/.pnpm
2026-10-03T05:21:26.4985200Z ✓ Lockfile passes supply-chain policies (162 entries in 1.3s)
2026-10-03T05:21:26.4985992Z Lockfile is up to date, resolution step is skipped
2026-10-03T05:21:26.5362920Z Packages: +137
2026-10-03T05:21:26.5367854Z ++++++++++++++++++++++++++++++++++++++++++++++++++++++++++++++++++++++++++++++++
2026-10-03T05:21:26.5467948Z Progress: resolved 137, reused 0, downloaded 137, added 137, done
2026-10-03T05:21:26.6310019Z 
2026-10-03T05:21:26.6310829Z devDependencies:
2026-10-03T05:21:26.6311213Z + @playwright/test 1.63.0
2026-10-03T05:21:26.6311430Z 
2026-10-03T05:21:26.6460141Z Done in 1.5s using pnpm v12.6.0
2026-10-03T05:21:26.6783492Z ##[group]Run pnpm --filter @sveltery/base build
2026-10-03T05:21:26.6783814Z [36;1mpnpm --filter @sveltery/base build[0m
2026-10-03T05:21:26.6849057Z shell: /usr/bin/bash -e {0}
2026-10-03T05:21:26.6849273Z env:
2026-10-03T05:21:26.6849490Z   PNPM_HOME: /home/runner/setup-pnpm/node_modules/.bin
2026-10-03T05:21:26.6849755Z ##[endgroup]
2026-10-03T05:21:26.7120805Z $ svelte-package -i src/lib -o dist
2026-10-03T05:21:32.6057175Z src/lib -> dist
2026-10-03T05:21:32.6931080Z ##[group]Run pnpm exec playwright install --with-deps chromium
2026-10-03T05:21:32.6931459Z [36;1mpnpm exec playwright install --with-deps chromium[0m
2026-10-03T05:21:32.6992983Z shell: /usr/bin/bash -e {0}
2026-10-03T05:21:32.6993188Z env:
2026-10-03T05:21:32.6993394Z   PNPM_HOME: /home/runner/setup-pnpm/node_modules/.bin
2026-10-03T05:21:32.6993642Z ##[endgroup]
2026-10-03T05:21:33.1290738Z Installing dependencies...
2026-10-03T05:21:33.1359936Z Switching to root user to install dependencies...
2026-10-03T05:21:33.2340795Z Get:1 file:/etc/apt/apt-mirrors.txt Mirrorlist [144 B]
2026-10-03T05:21:33.2626781Z Hit:2 http://azure.archive.ubuntu.com/ubuntu jammy InRelease
2026-10-03T05:21:33.2642056Z Get:3 http://azure.archive.ubuntu.com/ubuntu jammy-updates InRelease [128 kB]
2026-10-03T05:21:33.2670260Z Get:6 https://packages.microsoft.com/ubuntu/22.04/prod jammy InRelease [3632 B]
2026-10-03T05:21:33.2689668Z Get:4 http://azure.archive.ubuntu.com/ubuntu jammy-backports InRelease [127 kB]
2026-10-03T05:21:33.2709682Z Get:5 http://azure.archive.ubuntu.com/ubuntu jammy-security InRelease [129 kB]
2026-10-03T05:21:33.4363408Z Get:7 http://azure.archive.ubuntu.com/ubuntu jammy-updates/main amd64 Packages [3899 kB]
2026-10-03T05:21:33.4611486Z Get:8 http://azure.archive.ubuntu.com/ubuntu jammy-updates/main Translation-en [575 kB]
2026-10-03T05:21:33.4672054Z Get:9 http://azure.archive.ubuntu.com/ubuntu jammy-updates/restricted amd64 Packages [6701 kB]
2026-10-03T05:21:33.4910248Z Get:13 https://packages.microsoft.com/ubuntu/22.04/prod jammy/main amd64 Packages [793 kB]
2026-10-03T05:21:33.4976006Z Get:10 http://azure.archive.ubuntu.com/ubuntu jammy-updates/restricted Translation-en [1287 kB]
2026-10-03T05:21:33.5010400Z Get:14 https://packages.microsoft.com/ubuntu/22.04/prod jammy/main arm64 Packages [551 kB]
2026-10-03T05:21:33.5021441Z Get:11 http://azure.archive.ubuntu.com/ubuntu jammy-updates/universe amd64 Packages [1285 kB]
2026-10-03T05:21:33.5085927Z Get:12 http://azure.archive.ubuntu.com/ubuntu jammy-updates/universe Translation-en [325 kB]
2026-10-03T05:21:33.6435829Z Get:15 http://azure.archive.ubuntu.com/ubuntu jammy-security/main amd64 Packages [3598 kB]
2026-10-03T05:21:33.6597457Z Get:16 http://azure.archive.ubuntu.com/ubuntu jammy-security/main Translation-en [504 kB]
2026-10-03T05:21:33.6624435Z Get:17 http://azure.archive.ubuntu.com/ubuntu jammy-security/restricted amd64 Packages [6410 kB]
2026-10-03T05:21:33.6899697Z Get:18 http://azure.archive.ubuntu.com/ubuntu jammy-security/restricted Translation-en [1232 kB]
2026-10-03T05:21:33.7393800Z Get:19 http://azure.archive.ubuntu.com/ubuntu jammy-security/universe amd64 Packages [1052 kB]
2026-10-03T05:21:33.7442975Z Get:20 http://azure.archive.ubuntu.com/ubuntu jammy-security/universe Translation-en [236 kB]
2026-10-03T05:21:43.1198648Z Fetched 28.8 MB in 3s (10.5 MB/s)
2026-10-03T05:21:44.3238167Z Reading package lists...
2026-10-03T05:21:44.3778547Z Reading package lists...
2026-10-03T05:21:44.6855275Z Building dependency tree...
2026-10-03T05:21:44.6865297Z Reading state information...
2026-10-03T05:21:44.9373659Z fonts-liberation is already the newest version (1:1.07.4-11).
2026-10-03T05:21:44.9374198Z fonts-liberation set to manually installed.
2026-10-03T05:21:44.9374704Z libatk-bridge2.0-0 is already the newest version (2.38.0-3).
2026-10-03T05:21:44.9375177Z libatk-bridge2.0-0 set to manually installed.
2026-10-03T05:21:44.9375657Z libatk1.0-0 is already the newest version (2.36.0-3build1).
2026-10-03T05:21:44.9376165Z libatk1.0-0 set to manually installed.
2026-10-03T05:21:44.9376611Z libatspi2.0-0 is already the newest version (2.44.0-3).
2026-10-03T05:21:44.9377054Z libatspi2.0-0 set to manually installed.
2026-10-03T05:21:44.9377536Z libfontconfig1 is already the newest version (2.13.1-4.2ubuntu5).
2026-10-03T05:21:44.9378052Z libfontconfig1 set to manually installed.
2026-10-03T05:21:44.9378544Z libxcb1 is already the newest version (1.14-3ubuntu3).
2026-10-03T05:21:44.9379226Z libxcb1 set to manually installed.
2026-10-03T05:21:44.9380348Z libxcomposite1 is already the newest version (1:0.4.5-1build2).
2026-10-03T05:21:44.9380961Z libxcomposite1 set to manually installed.
2026-10-03T05:21:44.9381393Z libxdamage1 is already the newest version (1:1.1.5-2build2).
2026-10-03T05:21:44.9381810Z libxdamage1 set to manually installed.
2026-10-03T05:21:44.9382220Z libxext6 is already the newest version (2:1.3.4-1build1).
2026-10-03T05:21:44.9382621Z libxext6 set to manually installed.
2026-10-03T05:21:44.9383108Z libxfixes3 is already the newest version (1:6.0.0-1).
2026-10-03T05:21:44.9383509Z libxfixes3 set to manually installed.
2026-10-03T05:21:44.9383907Z libxkbcommon0 is already the newest version (1.4.0-1).
2026-10-03T05:21:44.9384269Z libxkbcommon0 set to manually installed.
2026-10-03T05:21:44.9384580Z libxrandr2 is already the newest version (2:1.5.2-1build1).
2026-10-03T05:21:44.9384879Z libxrandr2 set to manually installed.
2026-10-03T05:21:44.9385263Z fonts-noto-color-emoji is already the newest version (2.047-0ubuntu0.22.04.1).
2026-10-03T05:21:44.9385830Z libasound2 is already the newest version (1.2.6.1-1ubuntu1.2).
2026-10-03T05:21:44.9386154Z libasound2 set to manually installed.
2026-10-03T05:21:44.9386463Z libcairo2 is already the newest version (1.16.0-5ubuntu2.1).
2026-10-03T05:21:44.9386755Z libcairo2 set to manually installed.
2026-10-03T05:21:44.9387067Z libcups2 is already the newest version (2.4.1op1-1ubuntu4.21).
2026-10-03T05:21:44.9387472Z libcups2 set to manually installed.
2026-10-03T05:21:44.9387966Z libdbus-1-3 is already the newest version (1.12.20-2ubuntu4.1).
2026-10-03T05:21:44.9388274Z libdbus-1-3 set to manually installed.
2026-10-03T05:21:44.9388592Z libdrm2 is already the newest version (2.4.113-2~ubuntu0.22.04.1).
2026-10-03T05:21:44.9389162Z libdrm2 set to manually installed.
2026-10-03T05:21:44.9389638Z libfreetype6 is already the newest version (2.11.1+dfsg-1ubuntu0.3).
2026-10-03T05:21:44.9390104Z libfreetype6 set to manually installed.
2026-10-03T05:21:44.9390604Z libgbm1 is already the newest version (23.2.1-1ubuntu3.1~22.04.4).
2026-10-03T05:21:44.9391056Z libgbm1 set to manually installed.
2026-10-03T05:21:44.9391501Z libglib2.0-0 is already the newest version (2.72.4-0ubuntu2.10).
2026-10-03T05:21:44.9391914Z libglib2.0-0 set to manually installed.
2026-10-03T05:21:44.9392239Z libnspr4 is already the newest version (2:4.35-0ubuntu0.22.04.1).
2026-10-03T05:21:44.9392607Z libnss3 is already the newest version (2:3.98-0ubuntu0.22.04.4).
2026-10-03T05:21:44.9392973Z libpango-1.0-0 is already the newest version (1.50.6+ds-2ubuntu1).
2026-10-03T05:21:44.9393438Z libpango-1.0-0 set to manually installed.
2026-10-03T05:21:44.9393977Z libwayland-client0 is already the newest version (1.20.0-1ubuntu0.1).
2026-10-03T05:21:44.9394505Z libwayland-client0 set to manually installed.
2026-10-03T05:21:44.9394970Z libx11-6 is already the newest version (2:1.7.5-1ubuntu0.3).
2026-10-03T05:21:44.9395267Z libx11-6 set to manually installed.
2026-10-03T05:21:44.9395592Z xvfb is already the newest version (2:21.1.4-2ubuntu1.7~22.04.16).
2026-10-03T05:21:44.9395946Z The following additional packages will be installed:
2026-10-03T05:21:44.9396215Z   xfonts-encodings xfonts-utils
2026-10-03T05:21:44.9396546Z Recommended packages:
2026-10-03T05:21:44.9396853Z   fonts-ipafont-mincho fonts-tlwg-loma
2026-10-03T05:21:44.9619920Z The following NEW packages will be installed:
2026-10-03T05:21:44.9620527Z   fonts-freefont-ttf fonts-ipafont-gothic fonts-tlwg-loma-otf fonts-unifont
2026-10-03T05:21:44.9630627Z   fonts-wqy-zenhei xfonts-cyrillic xfonts-encodings xfonts-scalable
2026-10-03T05:21:44.9631070Z   xfonts-utils
2026-10-03T05:21:44.9844684Z 0 upgraded, 9 newly installed, 0 to remove and 20 not upgraded.
2026-10-03T05:21:44.9845218Z Need to get 18.4 MB of archives.
2026-10-03T05:21:44.9845769Z After this operation, 56.8 MB of additional disk space will be used.
2026-10-03T05:21:44.9846321Z Get:1 file:/etc/apt/apt-mirrors.txt Mirrorlist [144 B]
2026-10-03T05:21:45.0764830Z Get:2 http://azure.archive.ubuntu.com/ubuntu jammy/universe amd64 fonts-ipafont-gothic all 00303-21ubuntu1 [3513 kB]
2026-10-03T05:21:45.2171634Z Get:3 http://azure.archive.ubuntu.com/ubuntu jammy/main amd64 fonts-freefont-ttf all 20120503-10build1 [2388 kB]
2026-10-03T05:21:45.3301190Z Get:4 http://azure.archive.ubuntu.com/ubuntu jammy/universe amd64 fonts-tlwg-loma-otf all 1:0.7.3-1 [107 kB]
2026-10-03T05:21:45.3961792Z Get:5 http://azure.archive.ubuntu.com/ubuntu jammy/universe amd64 fonts-unifont all 1:14.0.01-1 [3551 kB]
2026-10-03T05:21:45.5337730Z Get:6 http://azure.archive.ubuntu.com/ubuntu jammy/universe amd64 fonts-wqy-zenhei all 0.9.45-8 [7472 kB]
2026-10-03T05:21:45.7506182Z Get:7 http://azure.archive.ubuntu.com/ubuntu jammy/main amd64 xfonts-encodings all 1:1.0.5-0ubuntu2 [578 kB]
2026-10-03T05:21:45.8262041Z Get:8 http://azure.archive.ubuntu.com/ubuntu jammy/main amd64 xfonts-utils amd64 1:7.7+6build2 [94.6 kB]
2026-10-03T05:21:45.8920660Z Get:9 http://azure.archive.ubuntu.com/ubuntu jammy/universe amd64 xfonts-cyrillic all 1:1.0.5 [386 kB]
2026-10-03T05:21:45.9636938Z Get:10 http://azure.archive.ubuntu.com/ubuntu jammy/main amd64 xfonts-scalable all 1:1.0.3-1.2ubuntu1 [306 kB]
2026-10-03T05:21:46.2640357Z Fetched 18.4 MB in 1s (18.4 MB/s)
2026-10-03T05:21:46.3022710Z Selecting previously unselected package fonts-ipafont-gothic.
2026-10-03T05:21:46.3289088Z (Reading database ... 
2026-10-03T05:21:46.3289355Z (Reading database ... 5%
2026-10-03T05:21:46.3289577Z (Reading database ... 10%
2026-10-03T05:21:46.3289778Z (Reading database ... 15%
2026-10-03T05:21:46.3290200Z (Reading database ... 20%
2026-10-03T05:21:46.3290819Z (Reading database ... 25%
2026-10-03T05:21:46.3291138Z (Reading database ... 30%
2026-10-03T05:21:46.3291367Z (Reading database ... 35%
2026-10-03T05:21:46.3291581Z (Reading database ... 40%
2026-10-03T05:21:46.3291765Z (Reading database ... 45%
2026-10-03T05:21:46.3291947Z (Reading database ... 50%
2026-10-03T05:21:46.4018408Z (Reading database ... 55%
2026-10-03T05:21:46.6077215Z (Reading database ... 60%
2026-10-03T05:21:46.8474335Z (Reading database ... 65%
2026-10-03T05:21:47.0184761Z (Reading database ... 70%
2026-10-03T05:21:47.1639663Z (Reading database ... 75%
2026-10-03T05:21:47.4041684Z (Reading database ... 80%
2026-10-03T05:21:47.6244585Z (Reading database ... 85%
2026-10-03T05:21:47.8756247Z (Reading database ... 90%
2026-10-03T05:21:48.0667376Z (Reading database ... 95%
2026-10-03T05:21:48.0667730Z (Reading database ... 100%
2026-10-03T05:21:48.0668170Z (Reading database ... 260411 files and directories currently installed.)
2026-10-03T05:21:48.0732214Z Preparing to unpack .../0-fonts-ipafont-gothic_00303-21ubuntu1_all.deb ...
2026-10-03T05:21:48.1084051Z Unpacking fonts-ipafont-gothic (00303-21ubuntu1) ...
2026-10-03T05:21:48.3662036Z Selecting previously unselected package fonts-freefont-ttf.
2026-10-03T05:21:48.3855876Z Preparing to unpack .../1-fonts-freefont-ttf_20120503-10build1_all.deb ...
2026-10-03T05:21:48.3861673Z Unpacking fonts-freefont-ttf (20120503-10build1) ...
2026-10-03T05:21:48.5496928Z Selecting previously unselected package fonts-tlwg-loma-otf.
2026-10-03T05:21:48.5685250Z Preparing to unpack .../2-fonts-tlwg-loma-otf_1%3a0.7.3-1_all.deb ...
2026-10-03T05:21:48.5690680Z Unpacking fonts-tlwg-loma-otf (1:0.7.3-1) ...
2026-10-03T05:21:48.5894581Z Selecting previously unselected package fonts-unifont.
2026-10-03T05:21:48.6084521Z Preparing to unpack .../3-fonts-unifont_1%3a14.0.01-1_all.deb ...
2026-10-03T05:21:48.6089839Z Unpacking fonts-unifont (1:14.0.01-1) ...
2026-10-03T05:21:48.8301154Z Selecting previously unselected package fonts-wqy-zenhei.
2026-10-03T05:21:48.8490735Z Preparing to unpack .../4-fonts-wqy-zenhei_0.9.45-8_all.deb ...
2026-10-03T05:21:48.8593077Z Unpacking fonts-wqy-zenhei (0.9.45-8) ...
2026-10-03T05:21:49.3649121Z Selecting previously unselected package xfonts-encodings.
2026-10-03T05:21:49.3839184Z Preparing to unpack .../5-xfonts-encodings_1%3a1.0.5-0ubuntu2_all.deb ...
2026-10-03T05:21:49.3844557Z Unpacking xfonts-encodings (1:1.0.5-0ubuntu2) ...
2026-10-03T05:21:49.4136296Z Selecting previously unselected package xfonts-utils.
2026-10-03T05:21:49.4326573Z Preparing to unpack .../6-xfonts-utils_1%3a7.7+6build2_amd64.deb ...
2026-10-03T05:21:49.4333222Z Unpacking xfonts-utils (1:7.7+6build2) ...
2026-10-03T05:21:49.4640837Z Selecting previously unselected package xfonts-cyrillic.
2026-10-03T05:21:49.4832757Z Preparing to unpack .../7-xfonts-cyrillic_1%3a1.0.5_all.deb ...
2026-10-03T05:21:49.4839873Z Unpacking xfonts-cyrillic (1:1.0.5) ...
2026-10-03T05:21:49.5255191Z Selecting previously unselected package xfonts-scalable.
2026-10-03T05:21:49.5447309Z Preparing to unpack .../8-xfonts-scalable_1%3a1.0.3-1.2ubuntu1_all.deb ...
2026-10-03T05:21:49.5453697Z Unpacking xfonts-scalable (1:1.0.3-1.2ubuntu1) ...
2026-10-03T05:21:49.6035143Z Setting up fonts-wqy-zenhei (0.9.45-8) ...
2026-10-03T05:21:49.6139818Z Setting up fonts-freefont-ttf (20120503-10build1) ...
2026-10-03T05:21:49.6152435Z Setting up fonts-tlwg-loma-otf (1:0.7.3-1) ...
2026-10-03T05:21:49.6166020Z Setting up xfonts-encodings (1:1.0.5-0ubuntu2) ...
2026-10-03T05:21:49.6179026Z Setting up fonts-ipafont-gothic (00303-21ubuntu1) ...
2026-10-03T05:21:49.6249185Z update-alternatives: using /usr/share/fonts/opentype/ipafont-gothic/ipag.ttf to provide /usr/share/fonts/truetype/fonts-japanese-gothic.ttf (fonts-japanese-gothic.ttf) in auto mode
2026-10-03T05:21:49.6265714Z Setting up fonts-unifont (1:14.0.01-1) ...
2026-10-03T05:21:49.6279892Z Setting up xfonts-utils (1:7.7+6build2) ...
2026-10-03T05:21:49.6315350Z Setting up xfonts-cyrillic (1:1.0.5) ...
2026-10-03T05:21:49.6592897Z Setting up xfonts-scalable (1:1.0.3-1.2ubuntu1) ...
2026-10-03T05:21:49.6856188Z Processing triggers for man-db (2.10.2-1) ...
2026-10-03T05:21:49.6873102Z Not building database; man-db/auto-update is not 'true'.
2026-10-03T05:21:49.6883728Z Processing triggers for fontconfig (2.13.1-4.2ubuntu5) ...
2026-10-03T05:21:50.6390698Z 
2026-10-03T05:21:50.6391375Z Running kernel seems to be up-to-date.
2026-10-03T05:21:50.6391662Z 
2026-10-03T05:21:50.6391860Z No services need to be restarted.
2026-10-03T05:21:50.6392080Z 
2026-10-03T05:21:50.6392246Z No containers need to be restarted.
2026-10-03T05:21:50.6392453Z 
2026-10-03T05:21:50.6393086Z No user sessions are running outdated binaries.
2026-10-03T05:21:50.6393662Z 
2026-10-03T05:21:50.6394067Z No VM guests are running outdated hypervisor (qemu) binaries on this host.
2026-10-03T05:21:52.5429157Z Downloading Chrome for Testing 153.0.8010.12 (playwright chromium v1243) from https://cdn.playwright.dev/builds/cft/153.0.8010.12/linux64/chrome-linux64.zip
2026-10-03T05:21:52.8951626Z |                                                                                |   0% of 186.8 MiB
2026-10-03T05:21:53.0247115Z |■■■■■■■■                                                                        |  10% of 186.8 MiB
2026-10-03T05:21:53.0985884Z |■■■■■■■■■■■■■■■■                                                                |  20% of 186.8 MiB
2026-10-03T05:21:53.1793756Z |■■■■■■■■■■■■■■■■■■■■■■■■                                                        |  30% of 186.8 MiB
2026-10-03T05:21:53.2279149Z |■■■■■■■■■■■■■■■■■■■■■■■■■■■■■■■■                                                |  40% of 186.8 MiB
2026-10-03T05:21:53.2916301Z |■■■■■■■■■■■■■■■■■■■■■■■■■■■■■■■■■■■■■■■■                                        |  50% of 186.8 MiB
2026-10-03T05:21:53.3532745Z |■■■■■■■■■■■■■■■■■■■■■■■■■■■■■■■■■■■■■■■■■■■■■■■■                                |  60% of 186.8 MiB
2026-10-03T05:21:53.4014207Z |■■■■■■■■■■■■■■■■■■■■■■■■■■■■■■■■■■■■■■■■■■■■■■■■■■■■■■■■                        |  70% of 186.8 MiB
2026-10-03T05:21:53.4644691Z |■■■■■■■■■■■■■■■■■■■■■■■■■■■■■■■■■■■■■■■■■■■■■■■■■■■■■■■■■■■■■■■■                |  80% of 186.8 MiB
2026-10-03T05:21:53.5159039Z |■■■■■■■■■■■■■■■■■■■■■■■■■■■■■■■■■■■■■■■■■■■■■■■■■■■■■■■■■■■■■■■■■■■■■■■■        |  90% of 186.8 MiB
2026-10-03T05:21:53.5914239Z |■■■■■■■■■■■■■■■■■■■■■■■■■■■■■■■■■■■■■■■■■■■■■■■■■■■■■■■■■■■■■■■■■■■■■■■■■■■■■■■■| 100% of 186.8 MiB
2026-10-03T05:21:55.9039356Z Chrome for Testing 153.0.8010.12 (playwright chromium v1243) downloaded to /home/runner/.cache/ms-playwright/chromium-1243
2026-10-03T05:21:55.9043254Z Downloading FFmpeg (playwright ffmpeg v1011) from https://cdn.playwright.dev/dbazure/download/playwright/builds/ffmpeg/1011/ffmpeg-linux.zip
2026-10-03T05:21:56.2160164Z |                                                                                |   0% of 2.3 MiB
2026-10-03T05:21:56.2183615Z |■■■■■■■■                                                                        |  10% of 2.3 MiB
2026-10-03T05:21:56.2201757Z |■■■■■■■■■■■■■■■■                                                                |  20% of 2.3 MiB
2026-10-03T05:21:56.2215806Z |■■■■■■■■■■■■■■■■■■■■■■■■                                                        |  30% of 2.3 MiB
2026-10-03T05:21:56.2229099Z |■■■■■■■■■■■■■■■■■■■■■■■■■■■■■■■■                                                |  40% of 2.3 MiB
2026-10-03T05:21:56.2238118Z |■■■■■■■■■■■■■■■■■■■■■■■■■■■■■■■■■■■■■■■■                                        |  50% of 2.3 MiB
2026-10-03T05:21:56.2288168Z |■■■■■■■■■■■■■■■■■■■■■■■■■■■■■■■■■■■■■■■■■■■■■■■■                                |  60% of 2.3 MiB
2026-10-03T05:21:56.2296611Z |■■■■■■■■■■■■■■■■■■■■■■■■■■■■■■■■■■■■■■■■■■■■■■■■■■■■■■■■                        |  70% of 2.3 MiB
2026-10-03T05:21:56.2309550Z |■■■■■■■■■■■■■■■■■■■■■■■■■■■■■■■■■■■■■■■■■■■■■■■■■■■■■■■■■■■■■■■■                |  80% of 2.3 MiB
2026-10-03T05:21:56.2317310Z |■■■■■■■■■■■■■■■■■■■■■■■■■■■■■■■■■■■■■■■■■■■■■■■■■■■■■■■■■■■■■■■■■■■■■■■■        |  90% of 2.3 MiB
2026-10-03T05:21:56.2333083Z |■■■■■■■■■■■■■■■■■■■■■■■■■■■■■■■■■■■■■■■■■■■■■■■■■■■■■■■■■■■■■■■■■■■■■■■■■■■■■■■■| 100% of 2.3 MiB
2026-10-03T05:21:56.2850997Z FFmpeg (playwright ffmpeg v1011) downloaded to /home/runner/.cache/ms-playwright/ffmpeg-1011
2026-10-03T05:21:56.2853364Z Downloading Chrome Headless Shell 153.0.8010.12 (playwright chromium-headless-shell v1243) from https://cdn.playwright.dev/builds/cft/153.0.8010.12/linux64/chrome-headless-shell-linux64.zip
2026-10-03T05:21:56.6429429Z |                                                                                |   0% of 114.3 MiB
2026-10-03T05:21:56.7088415Z |■■■■■■■■                                                                        |  10% of 114.3 MiB
2026-10-03T05:21:56.7734330Z |■■■■■■■■■■■■■■■■                                                                |  20% of 114.3 MiB
2026-10-03T05:21:56.8230521Z |■■■■■■■■■■■■■■■■■■■■■■■■                                                        |  30% of 114.3 MiB
2026-10-03T05:21:56.8729417Z |■■■■■■■■■■■■■■■■■■■■■■■■■■■■■■■■                                                |  40% of 114.3 MiB
2026-10-03T05:21:56.9302261Z |■■■■■■■■■■■■■■■■■■■■■■■■■■■■■■■■■■■■■■■■                                        |  50% of 114.3 MiB
2026-10-03T05:21:56.9588658Z |■■■■■■■■■■■■■■■■■■■■■■■■■■■■■■■■■■■■■■■■■■■■■■■■                                |  60% of 114.3 MiB
2026-10-03T05:21:57.0128181Z |■■■■■■■■■■■■■■■■■■■■■■■■■■■■■■■■■■■■■■■■■■■■■■■■■■■■■■■■                        |  70% of 114.3 MiB
2026-10-03T05:21:57.0430196Z |■■■■■■■■■■■■■■■■■■■■■■■■■■■■■■■■■■■■■■■■■■■■■■■■■■■■■■■■■■■■■■■■                |  80% of 114.3 MiB
2026-10-03T05:21:57.0706884Z |■■■■■■■■■■■■■■■■■■■■■■■■■■■■■■■■■■■■■■■■■■■■■■■■■■■■■■■■■■■■■■■■■■■■■■■■        |  90% of 114.3 MiB
2026-10-03T05:21:57.1205499Z |■■■■■■■■■■■■■■■■■■■■■■■■■■■■■■■■■■■■■■■■■■■■■■■■■■■■■■■■■■■■■■■■■■■■■■■■■■■■■■■■| 100% of 114.3 MiB
2026-10-03T05:21:59.1367725Z Chrome Headless Shell 153.0.8010.12 (playwright chromium-headless-shell v1243) downloaded to /home/runner/.cache/ms-playwright/chromium_headless_shell-1243
2026-10-03T05:21:59.1672114Z ##[group]Run set -o pipefail
2026-10-03T05:21:59.1672389Z [36;1mset -o pipefail[0m
2026-10-03T05:21:59.1672601Z [36;1mmkdir -p .checks/remote-form-api[0m
2026-10-03T05:21:59.1673189Z [36;1mpnpm exec playwright test tests/browser/remote-form-api.spec.ts tests/browser/field-form-remote.spec.ts --reporter=list,json | tee .checks/remote-form-api/browser.log[0m
2026-10-03T05:21:59.1740114Z shell: /usr/bin/bash -e {0}
2026-10-03T05:21:59.1740338Z env:
2026-10-03T05:21:59.1740556Z   PNPM_HOME: /home/runner/setup-pnpm/node_modules/.bin
2026-10-03T05:21:59.1740902Z   PLAYWRIGHT_JSON_OUTPUT_NAME: .checks/remote-form-api/browser-results.json
2026-10-03T05:21:59.1741217Z ##[endgroup]
2026-10-03T05:22:02.9690012Z 
2026-10-03T05:22:02.9690600Z Running 41 tests using 1 worker
2026-10-03T05:22:02.9690871Z 
2026-10-03T05:22:05.1908344Z   ✓   1 tests/browser/field-form-remote.spec.ts:32:3 › Kit default direct descriptors serialize each trusted edit and programmatic updates (1.7s)
2026-10-03T05:22:05.9412782Z   ✓   2 tests/browser/field-form-remote.spec.ts:43:3 › Kit default server failure leaves input/result/reset state intact and surfaces issues (740ms)
2026-10-03T05:22:06.9636530Z   ✓   3 tests/browser/field-form-remote.spec.ts:52:3 › Kit default native and canceled reset retain their actual framework semantics (1.0s)
2026-10-03T05:22:08.1150922Z   ✓   4 tests/browser/field-form-remote.spec.ts:57:3 › Kit default direct validate publishes server issues without a server operation or reset (1.1s)
2026-10-03T05:22:09.2277544Z   ✓   5 tests/browser/field-form-remote.spec.ts:32:3 › Kit replacement direct descriptors serialize each trusted edit and programmatic updates (1.1s)
2026-10-03T05:22:10.5370659Z   ✓   6 tests/browser/field-form-remote.spec.ts:43:3 › Kit replacement server failure leaves input/result/reset state intact and surfaces issues (1.3s)
2026-10-03T05:22:11.5207883Z   ✓   7 tests/browser/field-form-remote.spec.ts:52:3 › Kit replacement native and canceled reset retain their actual framework semantics (974ms)
2026-10-03T05:22:12.7920988Z   ✓   8 tests/browser/field-form-remote.spec.ts:57:3 › Kit replacement direct validate publishes server issues without a server operation or reset (1.3s)
2026-10-03T05:22:13.8957386Z   ✓   9 tests/browser/field-form-remote.spec.ts:32:3 › Kit formReplacement direct descriptors serialize each trusted edit and programmatic updates (1.1s)
2026-10-03T05:22:15.2360123Z   ✓  10 tests/browser/field-form-remote.spec.ts:43:3 › Kit formReplacement server failure leaves input/result/reset state intact and surfaces issues (1.3s)
2026-10-03T05:22:16.2203117Z   ✓  11 tests/browser/field-form-remote.spec.ts:52:3 › Kit formReplacement native and canceled reset retain their actual framework semantics (976ms)
2026-10-03T05:22:16.9252294Z   ✓  12 tests/browser/field-form-remote.spec.ts:57:3 › Kit formReplacement direct validate publishes server issues without a server operation or reset (697ms)
2026-10-03T05:22:17.9941473Z   ✓  13 tests/browser/field-form-remote.spec.ts:32:3 › Kit native direct descriptors serialize each trusted edit and programmatic updates (1.1s)
2026-10-03T05:22:18.6544883Z   ✓  14 tests/browser/field-form-remote.spec.ts:43:3 › Kit native server failure leaves input/result/reset state intact and surfaces issues (651ms)
2026-10-03T05:22:19.6494753Z   ✓  15 tests/browser/field-form-remote.spec.ts:52:3 › Kit native native and canceled reset retain their actual framework semantics (987ms)
2026-10-03T05:22:20.8016399Z   ✓  16 tests/browser/field-form-remote.spec.ts:57:3 › Kit native direct validate publishes server issues without a server operation or reset (1.1s)
2026-10-03T05:22:22.1827177Z   ✓  17 tests/browser/field-form-remote.spec.ts:66:1 › diagnostic Kit Form invalid submit preserves raw request, listener and server-effect observations (1.4s)
2026-10-03T05:22:23.5167858Z   ✓  18 tests/browser/field-form-remote.spec.ts:85:36 › diagnostic Kit native ordinary preventDefault cancellation preserves enhancement outcome (1.3s)
2026-10-03T05:22:24.8952952Z   ✓  19 tests/browser/field-form-remote.spec.ts:85:36 › diagnostic Kit Form ordinary preventDefault cancellation preserves enhancement outcome (1.4s)
2026-10-03T05:22:25.8524440Z   ✓  20 tests/browser/field-form-remote.spec.ts:98:60 › acceptance Kit default invalid contextual Field submits zero requests and performs zero server operations (948ms)
2026-10-03T05:22:27.3009423Z   ✓  21 tests/browser/field-form-remote.spec.ts:98:60 › acceptance Kit replacement invalid contextual Field submits zero requests and performs zero server operations (1.4s)
2026-10-03T05:22:29.0402329Z   ✓  22 tests/browser/field-form-remote.spec.ts:98:60 › acceptance Kit formReplacement invalid contextual Field submits zero requests and performs zero server operations (1.7s)
2026-10-03T05:22:30.7103349Z   ✓  23 tests/browser/field-form-remote.spec.ts:109:45 › acceptance Kit default named controls preserve invalid blocking and the next valid native submit (1.7s)
2026-10-03T05:22:32.3262445Z   ✓  24 tests/browser/field-form-remote.spec.ts:109:45 › acceptance Kit formReplacement named controls preserve invalid blocking and the next valid native submit (1.6s)
2026-10-03T05:22:33.3000753Z   ✓  25 tests/browser/field-form-remote.spec.ts:132:89 › diagnostic Kit Form target _blank preserves actual request and propagation observations (964ms)
2026-10-03T05:22:34.7509114Z   ✓  26 tests/browser/field-form-remote.spec.ts:132:89 › diagnostic Kit Form target _BLANK preserves actual request and propagation observations (1.4s)
2026-10-03T05:22:36.2807979Z   ✓  27 tests/browser/field-form-remote.spec.ts:132:89 › diagnostic Kit Form target _Blank preserves actual request and propagation observations (1.5s)
2026-10-03T05:22:37.6837680Z   ✓  28 tests/browser/field-form-remote.spec.ts:132:89 › diagnostic Kit native target _blank preserves actual request and propagation observations (1.4s)
2026-10-03T05:22:38.6468085Z   ✓  29 tests/browser/field-form-remote.spec.ts:132:89 › diagnostic Kit native target _BLANK preserves actual request and propagation observations (955ms)
2026-10-03T05:22:39.5990844Z   ✓  30 tests/browser/field-form-remote.spec.ts:132:89 › diagnostic Kit native target _Blank preserves actual request and propagation observations (943ms)
2026-10-03T05:22:40.6985713Z   ✓  31 tests/browser/field-form-remote.spec.ts:147:1 › acceptance Kit synthetic DIV submitter override attributes retain ordinary later listeners and the next valid submit (1.1s)
2026-10-03T05:22:41.8341810Z   ✓  32 tests/browser/field-form-remote.spec.ts:163:89 › acceptance Kit default empty formaction follows ordinary document despite remote base and the next valid submit (1.1s)
2026-10-03T05:22:47.8930509Z   ✘  33 tests/browser/field-form-remote.spec.ts:163:89 › acceptance Kit default empty formaction follows remote document despite ordinary base and the next valid submit (6.0s)
2026-10-03T05:22:50.0742911Z   ✓  34 tests/browser/field-form-remote.spec.ts:163:89 › acceptance Kit formReplacement empty formaction follows ordinary document despite remote base and the next valid submit (1.7s)
2026-10-03T05:22:56.6139587Z   ✘  35 tests/browser/field-form-remote.spec.ts:163:89 › acceptance Kit formReplacement empty formaction follows remote document despite ordinary base and the next valid submit (6.5s)
2026-10-03T05:23:02.9267004Z   ✘  36 tests/browser/field-form-remote.spec.ts:185:49 › acceptance Kit native button submitter reflected overrides preserve method action target selection and the next valid submit (5.8s)
2026-10-03T05:23:09.2232103Z   ✘  37 tests/browser/field-form-remote.spec.ts:185:49 › acceptance Kit native input submitter reflected overrides preserve method action target selection and the next valid submit (5.8s)
2026-10-03T05:23:39.7365742Z   ✘  38 tests/browser/remote-form-api.spec.ts:13:1 › typed remote namespace hydrates and renders one semantic Switch input (30.0s)
2026-10-03T05:24:10.2507669Z   ✘  39 tests/browser/remote-form-api.spec.ts:40:1 › checked cancellation precedes native input and Kit ownership (30.0s)
2026-10-03T05:24:40.9522161Z   ✘  40 tests/browser/remote-form-api.spec.ts:59:39 › remote source cancellation makes zero POST before next valid submission (authored=false) (30.1s)
2026-10-03T05:25:11.6470297Z   ✘  41 tests/browser/remote-form-api.spec.ts:59:39 › remote source cancellation makes zero POST before next valid submission (authored=true) (30.1s)
2026-10-03T05:25:11.7088172Z 
2026-10-03T05:25:11.7092509Z 
2026-10-03T05:25:11.7101043Z   1) tests/browser/field-form-remote.spec.ts:163:89 › acceptance Kit default empty formaction follows remote document despite ordinary base and the next valid submit 
2026-10-03T05:25:11.7101823Z 
2026-10-03T05:25:11.7102082Z     Error: expect(locator).toHaveAttribute(expected) failed
2026-10-03T05:25:11.7103256Z 
2026-10-03T05:25:11.7103724Z     Locator:  locator('#remote-form')
2026-10-03T05:25:11.7104130Z     Expected: "0"
2026-10-03T05:25:11.7104390Z     Received: "1"
2026-10-03T05:25:11.7104643Z     Timeout:  5000ms
2026-10-03T05:25:11.7104812Z 
2026-10-03T05:25:11.7104921Z     Call log:
2026-10-03T05:25:11.7105421Z       - Expect "toHaveAttribute" locator('#remote-form') with timeout 5000ms
2026-10-03T05:25:11.7105930Z       - waiting for locator('#remote-form')
2026-10-03T05:25:11.7107075Z         14 × locator resolved to <form novalidate="" method="POST" id="remote-form" data-boundary-later="1" data-boundary-bubbling="1" action="?/remote=uo9nm0%2FsaveFieldForm">…</form>
2026-10-03T05:25:11.7107963Z            - unexpected value "1"
2026-10-03T05:25:11.7108183Z 
2026-10-03T05:25:11.7108191Z 
2026-10-03T05:25:11.7108291Z       20 | }
2026-10-03T05:25:11.7108709Z       21 | async function expectLaterListeners(page: Page, count: number) {
2026-10-03T05:25:11.7110175Z     > 22 |   await expect(page.locator('#remote-form')).toHaveAttribute('data-boundary-later', String(count));
2026-10-03T05:25:11.7110768Z          |                                              ^
2026-10-03T05:25:11.7111445Z       23 |   await expect(page.locator('#remote-form')).toHaveAttribute('data-boundary-bubbling', String(count));
2026-10-03T05:25:11.7112045Z       24 | }
2026-10-03T05:25:11.7112876Z       25 | async function expectNextValidSubmit(page: Page, input: ReturnType<Page['locator']>, before: number, requests: string[], previousListeners = 0) {
2026-10-03T05:25:11.7113995Z         at expectLaterListeners (/home/runner/work/base/base/tests/browser/field-form-remote.spec.ts:22:46)
2026-10-03T05:25:11.7114826Z         at /home/runner/work/base/base/tests/browser/field-form-remote.spec.ts:177:93
2026-10-03T05:25:11.7115227Z 
2026-10-03T05:25:11.7115739Z     Error Context: test-results/field-form-remote-acceptan-1c87a-e-and-the-next-valid-submit/error-context.md
2026-10-03T05:25:11.7116292Z 
2026-10-03T05:25:11.7116881Z     attachment #2: trace (application/zip) ─────────────────────────────────────────────────────────
2026-10-03T05:25:11.7117686Z     test-results/field-form-remote-acceptan-1c87a-e-and-the-next-valid-submit/trace.zip
2026-10-03T05:25:11.7118239Z     Usage:
2026-10-03T05:25:11.7118379Z 
2026-10-03T05:25:11.7119122Z         pnpm exec playwright show-trace test-results/field-form-remote-acceptan-1c87a-e-and-the-next-valid-submit/trace.zip
2026-10-03T05:25:11.7119708Z 
2026-10-03T05:25:11.7120183Z     ────────────────────────────────────────────────────────────────────────────────────────────────
2026-10-03T05:25:11.7120528Z 
2026-10-03T05:25:11.7121494Z   2) tests/browser/field-form-remote.spec.ts:163:89 › acceptance Kit formReplacement empty formaction follows remote document despite ordinary base and the next valid submit 
2026-10-03T05:25:11.7122274Z 
2026-10-03T05:25:11.7122521Z     Error: expect(locator).toHaveAttribute(expected) failed
2026-10-03T05:25:11.7122818Z 
2026-10-03T05:25:11.7122977Z     Locator:  locator('#remote-form')
2026-10-03T05:25:11.7123321Z     Expected: "0"
2026-10-03T05:25:11.7123581Z     Received: "1"
2026-10-03T05:25:11.7123829Z     Timeout:  5000ms
2026-10-03T05:25:11.7123999Z 
2026-10-03T05:25:11.7124102Z     Call log:
2026-10-03T05:25:11.7124535Z       - Expect "toHaveAttribute" locator('#remote-form') with timeout 5000ms
2026-10-03T05:25:11.7125648Z       - waiting for locator('#remote-form')
2026-10-03T05:25:11.7126901Z         14 × locator resolved to <form novalidate="" method="POST" id="remote-form" data-boundary-later="1" data-boundary-bubbling="1" action="?/remote=uo9nm0%2FsaveFieldForm">…</form>
2026-10-03T05:25:11.7127818Z            - unexpected value "1"
2026-10-03T05:25:11.7128033Z 
2026-10-03T05:25:11.7128040Z 
2026-10-03T05:25:11.7128140Z       20 | }
2026-10-03T05:25:11.7128577Z       21 | async function expectLaterListeners(page: Page, count: number) {
2026-10-03T05:25:11.7129567Z     > 22 |   await expect(page.locator('#remote-form')).toHaveAttribute('data-boundary-later', String(count));
2026-10-03T05:25:11.7130221Z          |                                              ^
2026-10-03T05:25:11.7130915Z       23 |   await expect(page.locator('#remote-form')).toHaveAttribute('data-boundary-bubbling', String(count));
2026-10-03T05:25:11.7131514Z       24 | }
2026-10-03T05:25:11.7132283Z       25 | async function expectNextValidSubmit(page: Page, input: ReturnType<Page['locator']>, before: number, requests: string[], previousListeners = 0) {
2026-10-03T05:25:11.7133304Z         at expectLaterListeners (/home/runner/work/base/base/tests/browser/field-form-remote.spec.ts:22:46)
2026-10-03T05:25:11.7134139Z         at /home/runner/work/base/base/tests/browser/field-form-remote.spec.ts:177:93
2026-10-03T05:25:11.7134546Z 
2026-10-03T05:25:11.7135102Z     Error Context: test-results/field-form-remote-acceptan-0b5f2-e-and-the-next-valid-submit/error-context.md
2026-10-03T05:25:11.7135658Z 
2026-10-03T05:25:11.7136196Z     attachment #2: trace (application/zip) ─────────────────────────────────────────────────────────
2026-10-03T05:25:11.7136993Z     test-results/field-form-remote-acceptan-0b5f2-e-and-the-next-valid-submit/trace.zip
2026-10-03T05:25:11.7137542Z     Usage:
2026-10-03T05:25:11.7137678Z 
2026-10-03T05:25:11.7138238Z         pnpm exec playwright show-trace test-results/field-form-remote-acceptan-0b5f2-e-and-the-next-valid-submit/trace.zip
2026-10-03T05:25:11.7139037Z 
2026-10-03T05:25:11.7139515Z     ────────────────────────────────────────────────────────────────────────────────────────────────
2026-10-03T05:25:11.7139865Z 
2026-10-03T05:25:11.7140811Z   3) tests/browser/field-form-remote.spec.ts:185:49 › acceptance Kit native button submitter reflected overrides preserve method action target selection and the next valid submit 
2026-10-03T05:25:11.7141567Z 
2026-10-03T05:25:11.7141826Z     Error: expect(locator).toHaveAttribute(expected) failed
2026-10-03T05:25:11.7142123Z 
2026-10-03T05:25:11.7142287Z     Locator:  locator('#remote-form')
2026-10-03T05:25:11.7142623Z     Expected: "4"
2026-10-03T05:25:11.7142885Z     Received: "5"
2026-10-03T05:25:11.7143147Z     Timeout:  5000ms
2026-10-03T05:25:11.7143317Z 
2026-10-03T05:25:11.7143420Z     Call log:
2026-10-03T05:25:11.7143862Z       - Expect "toHaveAttribute" locator('#remote-form') with timeout 5000ms
2026-10-03T05:25:11.7144665Z       - waiting for locator('#remote-form')
2026-10-03T05:25:11.7145890Z         14 × locator resolved to <form novalidate="" method="POST" id="remote-form" data-boundary-later="5" data-boundary-bubbling="5" action="?/remote=uo9nm0%2FsaveFieldForm">…</form>
2026-10-03T05:25:11.7146803Z            - unexpected value "5"
2026-10-03T05:25:11.7147016Z 
2026-10-03T05:25:11.7147023Z 
2026-10-03T05:25:11.7147127Z       20 | }
2026-10-03T05:25:11.7147707Z       21 | async function expectLaterListeners(page: Page, count: number) {
2026-10-03T05:25:11.7148517Z     > 22 |   await expect(page.locator('#remote-form')).toHaveAttribute('data-boundary-later', String(count));
2026-10-03T05:25:11.7149349Z          |                                              ^
2026-10-03T05:25:11.7150031Z       23 |   await expect(page.locator('#remote-form')).toHaveAttribute('data-boundary-bubbling', String(count));
2026-10-03T05:25:11.7150563Z       24 | }
2026-10-03T05:25:11.7151587Z       25 | async function expectNextValidSubmit(page: Page, input: ReturnType<Page['locator']>, before: number, requests: string[], previousListeners = 0) {
2026-10-03T05:25:11.7152704Z         at expectLaterListeners (/home/runner/work/base/base/tests/browser/field-form-remote.spec.ts:22:46)
2026-10-03T05:25:11.7153468Z         at /home/runner/work/base/base/tests/browser/field-form-remote.spec.ts:207:38
2026-10-03T05:25:11.7153787Z 
2026-10-03T05:25:11.7154212Z     Error Context: test-results/field-form-remote-acceptan-99429-n-and-the-next-valid-submit/error-context.md
2026-10-03T05:25:11.7154666Z 
2026-10-03T05:25:11.7155112Z     attachment #2: trace (application/zip) ─────────────────────────────────────────────────────────
2026-10-03T05:25:11.7155800Z     test-results/field-form-remote-acceptan-99429-n-and-the-next-valid-submit/trace.zip
2026-10-03T05:25:11.7156259Z     Usage:
2026-10-03T05:25:11.7156377Z 
2026-10-03T05:25:11.7156813Z         pnpm exec playwright show-trace test-results/field-form-remote-acceptan-99429-n-and-the-next-valid-submit/trace.zip
2026-10-03T05:25:11.7157188Z 
2026-10-03T05:25:11.7157480Z     ────────────────────────────────────────────────────────────────────────────────────────────────
2026-10-03T05:25:11.7157699Z 
2026-10-03T05:25:11.7158268Z   4) tests/browser/field-form-remote.spec.ts:185:49 › acceptance Kit native input submitter reflected overrides preserve method action target selection and the next valid submit 
2026-10-03T05:25:11.7159212Z 
2026-10-03T05:25:11.7159447Z     Error: expect(locator).toHaveAttribute(expected) failed
2026-10-03T05:25:11.7159728Z 
2026-10-03T05:25:11.7159882Z     Locator:  locator('#remote-form')
2026-10-03T05:25:11.7160191Z     Expected: "4"
2026-10-03T05:25:11.7160433Z     Received: "5"
2026-10-03T05:25:11.7160689Z     Timeout:  5000ms
2026-10-03T05:25:11.7160847Z 
2026-10-03T05:25:11.7160920Z     Call log:
2026-10-03T05:25:11.7161207Z       - Expect "toHaveAttribute" locator('#remote-form') with timeout 5000ms
2026-10-03T05:25:11.7161573Z       - waiting for locator('#remote-form')
2026-10-03T05:25:11.7162378Z         14 × locator resolved to <form novalidate="" method="POST" id="remote-form" data-boundary-later="5" data-boundary-bubbling="5" action="?/remote=uo9nm0%2FsaveFieldForm">…</form>
2026-10-03T05:25:11.7163046Z            - unexpected value "5"
2026-10-03T05:25:11.7163406Z 
2026-10-03T05:25:11.7163411Z 
2026-10-03T05:25:11.7163521Z       20 | }
2026-10-03T05:25:11.7163958Z       21 | async function expectLaterListeners(page: Page, count: number) {
2026-10-03T05:25:11.7164627Z     > 22 |   await expect(page.locator('#remote-form')).toHaveAttribute('data-boundary-later', String(count));
2026-10-03T05:25:11.7165163Z          |                                              ^
2026-10-03T05:25:11.7165681Z       23 |   await expect(page.locator('#remote-form')).toHaveAttribute('data-boundary-bubbling', String(count));
2026-10-03T05:25:11.7166277Z       24 | }
2026-10-03T05:25:11.7167054Z       25 | async function expectNextValidSubmit(page: Page, input: ReturnType<Page['locator']>, before: number, requests: string[], previousListeners = 0) {
2026-10-03T05:25:11.7168039Z         at expectLaterListeners (/home/runner/work/base/base/tests/browser/field-form-remote.spec.ts:22:46)
2026-10-03T05:25:11.7168670Z         at /home/runner/work/base/base/tests/browser/field-form-remote.spec.ts:207:38
2026-10-03T05:25:11.7169217Z 
2026-10-03T05:25:11.7169647Z     Error Context: test-results/field-form-remote-acceptan-c8244-n-and-the-next-valid-submit/error-context.md
2026-10-03T05:25:11.7170038Z 
2026-10-03T05:25:11.7170448Z     attachment #2: trace (application/zip) ─────────────────────────────────────────────────────────
2026-10-03T05:25:11.7171075Z     test-results/field-form-remote-acceptan-c8244-n-and-the-next-valid-submit/trace.zip
2026-10-03T05:25:11.7171581Z     Usage:
2026-10-03T05:25:11.7171750Z 
2026-10-03T05:25:11.7172424Z         pnpm exec playwright show-trace test-results/field-form-remote-acceptan-c8244-n-and-the-next-valid-submit/trace.zip
2026-10-03T05:25:11.7172858Z 
2026-10-03T05:25:11.7173275Z     ────────────────────────────────────────────────────────────────────────────────────────────────
2026-10-03T05:25:11.7173593Z 
2026-10-03T05:25:11.7174094Z   5) tests/browser/remote-form-api.spec.ts:13:1 › typed remote namespace hydrates and renders one semantic Switch input 
2026-10-03T05:25:11.7186767Z 
2026-10-03T05:25:11.7186954Z     Test timeout of 30000ms exceeded.
2026-10-03T05:25:11.7187196Z 
2026-10-03T05:25:11.7187436Z     Error: locator.click: Test timeout of 30000ms exceeded.
2026-10-03T05:25:11.7187842Z     Call log:
2026-10-03T05:25:11.7188157Z       - waiting for getByRole('switch')
2026-10-03T05:25:11.7189367Z         - locator resolved to <span tabindex="0" role="switch" id="base-ui-s8" data-unchecked="" aria-checked="false" aria-labelledby="base-ui-s7">…</span>
2026-10-03T05:25:11.7190147Z       - attempting click action
2026-10-03T05:25:11.7190680Z         2 × waiting for element to be visible, enabled and stable
2026-10-03T05:25:11.7191130Z           - element is not visible
2026-10-03T05:25:11.7191512Z         - retrying click action
2026-10-03T05:25:11.7191813Z         - waiting 20ms
2026-10-03T05:25:11.7192262Z         2 × waiting for element to be visible, enabled and stable
2026-10-03T05:25:11.7192608Z           - element is not visible
2026-10-03T05:25:11.7192932Z         - retrying click action
2026-10-03T05:25:11.7193130Z           - waiting 100ms
2026-10-03T05:25:11.7193439Z         53 × waiting for element to be visible, enabled and stable
2026-10-03T05:25:11.7193726Z            - element is not visible
2026-10-03T05:25:11.7193956Z          - retrying click action
2026-10-03T05:25:11.7194165Z            - waiting 500ms
2026-10-03T05:25:11.7194282Z 
2026-10-03T05:25:11.7194287Z 
2026-10-03T05:25:11.7194527Z       21 |   await expect(page.getByRole('switch')).toHaveAttribute('aria-checked', 'false');
2026-10-03T05:25:11.7194989Z       22 |   await expect(input).toHaveAttribute('aria-describedby', /^base-ui-/);
2026-10-03T05:25:11.7195336Z     > 23 |   await page.getByRole('switch').click();
2026-10-03T05:25:11.7195615Z          |                                  ^
2026-10-03T05:25:11.7195984Z       24 |   await expect(page.getByRole('switch')).toHaveAttribute('aria-checked', 'true');
2026-10-03T05:25:11.7196435Z       25 |   await expect.poll(async () => (await value(page, 'owner')).enabled).toBe(true);
2026-10-03T05:25:11.7197383Z       26 |   expect(await page.locator('#survey-form').evaluate((node: HTMLFormElement) => new FormData(node).get('b:enabled'))).toBe('on');
2026-10-03T05:25:11.7198271Z         at /home/runner/work/base/base/tests/browser/remote-form-api.spec.ts:23:34
2026-10-03T05:25:11.7198674Z 
2026-10-03T05:25:11.7199278Z     Error Context: test-results/remote-form-api-typed-remo-9a745-s-one-semantic-Switch-input/error-context.md
2026-10-03T05:25:11.7199626Z 
2026-10-03T05:25:11.7199967Z     attachment #2: trace (application/zip) ─────────────────────────────────────────────────────────
2026-10-03T05:25:11.7200578Z     test-results/remote-form-api-typed-remo-9a745-s-one-semantic-Switch-input/trace.zip
2026-10-03T05:25:11.7201212Z     Usage:
2026-10-03T05:25:11.7201309Z 
2026-10-03T05:25:11.7201656Z         pnpm exec playwright show-trace test-results/remote-form-api-typed-remo-9a745-s-one-semantic-Switch-input/trace.zip
2026-10-03T05:25:11.7202006Z 
2026-10-03T05:25:11.7202290Z     ────────────────────────────────────────────────────────────────────────────────────────────────
2026-10-03T05:25:11.7202509Z 
2026-10-03T05:25:11.7202871Z   6) tests/browser/remote-form-api.spec.ts:40:1 › checked cancellation precedes native input and Kit ownership 
2026-10-03T05:25:11.7203182Z 
2026-10-03T05:25:11.7203282Z     Test timeout of 30000ms exceeded.
2026-10-03T05:25:11.7203426Z 
2026-10-03T05:25:11.7203575Z     Error: locator.click: Test timeout of 30000ms exceeded.
2026-10-03T05:25:11.7203824Z     Call log:
2026-10-03T05:25:11.7204016Z       - waiting for getByRole('switch')
2026-10-03T05:25:11.7204642Z         - locator resolved to <span tabindex="0" role="switch" id="base-ui-s8" data-unchecked="" aria-checked="false" aria-labelledby="base-ui-s7">…</span>
2026-10-03T05:25:11.7205155Z       - attempting click action
2026-10-03T05:25:11.7205482Z         2 × waiting for element to be visible, enabled and stable
2026-10-03T05:25:11.7205772Z           - element is not visible
2026-10-03T05:25:11.7205998Z         - retrying click action
2026-10-03T05:25:11.7206189Z         - waiting 20ms
2026-10-03T05:25:11.7206471Z         2 × waiting for element to be visible, enabled and stable
2026-10-03T05:25:11.7206743Z           - element is not visible
2026-10-03T05:25:11.7206953Z         - retrying click action
2026-10-03T05:25:11.7207147Z           - waiting 100ms
2026-10-03T05:25:11.7207439Z         56 × waiting for element to be visible, enabled and stable
2026-10-03T05:25:11.7207714Z            - element is not visible
2026-10-03T05:25:11.7207938Z          - retrying click action
2026-10-03T05:25:11.7208144Z            - waiting 500ms
2026-10-03T05:25:11.7208256Z 
2026-10-03T05:25:11.7208268Z 
2026-10-03T05:25:11.7208344Z       45 |   });
2026-10-03T05:25:11.7208694Z       46 |   await page.getByRole('button', { name: 'Toggle checked cancellation', exact: true }).click();
2026-10-03T05:25:11.7209573Z     > 47 |   await page.getByRole('switch').click();
2026-10-03T05:25:11.7209933Z          |                                  ^
2026-10-03T05:25:11.7210433Z       48 |   await expect(page.getByRole('switch')).toHaveAttribute('aria-checked', 'false');
2026-10-03T05:25:11.7211157Z       49 |   await expect(page.locator('#survey-form input[type="checkbox"]')).not.toBeChecked();
2026-10-03T05:25:11.7211794Z       50 |   await expect(page.locator('#survey-form')).toHaveAttribute('data-inputs', '0');
2026-10-03T05:25:11.7212238Z         at /home/runner/work/base/base/tests/browser/remote-form-api.spec.ts:47:34
2026-10-03T05:25:11.7212480Z 
2026-10-03T05:25:11.7212799Z     Error Context: test-results/remote-form-api-checked-ca-970f1-ive-input-and-Kit-ownership/error-context.md
2026-10-03T05:25:11.7213313Z 
2026-10-03T05:25:11.7213675Z     attachment #2: trace (application/zip) ─────────────────────────────────────────────────────────
2026-10-03T05:25:11.7214171Z     test-results/remote-form-api-checked-ca-970f1-ive-input-and-Kit-ownership/trace.zip
2026-10-03T05:25:11.7214514Z     Usage:
2026-10-03T05:25:11.7214609Z 
2026-10-03T05:25:11.7214959Z         pnpm exec playwright show-trace test-results/remote-form-api-checked-ca-970f1-ive-input-and-Kit-ownership/trace.zip
2026-10-03T05:25:11.7215317Z 
2026-10-03T05:25:11.7215592Z     ────────────────────────────────────────────────────────────────────────────────────────────────
2026-10-03T05:25:11.7215806Z 
2026-10-03T05:25:11.7216247Z   7) tests/browser/remote-form-api.spec.ts:59:39 › remote source cancellation makes zero POST before next valid submission (authored=false) 
2026-10-03T05:25:11.7216623Z 
2026-10-03T05:25:11.7216731Z     Test timeout of 30000ms exceeded.
2026-10-03T05:25:11.7216867Z 
2026-10-03T05:25:11.7217015Z     Error: locator.click: Test timeout of 30000ms exceeded.
2026-10-03T05:25:11.7217401Z     Call log:
2026-10-03T05:25:11.7217598Z       - waiting for getByRole('switch')
2026-10-03T05:25:11.7218259Z         - locator resolved to <span tabindex="0" role="switch" data-valid="" id="base-ui-s8" data-unchecked="" aria-checked="false" aria-labelledby="base-ui-s7">…</span>
2026-10-03T05:25:11.7218992Z       - attempting click action
2026-10-03T05:25:11.7219376Z         2 × waiting for element to be visible, enabled and stable
2026-10-03T05:25:11.7219650Z           - element is not visible
2026-10-03T05:25:11.7219868Z         - retrying click action
2026-10-03T05:25:11.7220059Z         - waiting 20ms
2026-10-03T05:25:11.7220337Z         2 × waiting for element to be visible, enabled and stable
2026-10-03T05:25:11.7220609Z           - element is not visible
2026-10-03T05:25:11.7220823Z         - retrying click action
2026-10-03T05:25:11.7221016Z           - waiting 100ms
2026-10-03T05:25:11.7221317Z         55 × waiting for element to be visible, enabled and stable
2026-10-03T05:25:11.7221611Z            - element is not visible
2026-10-03T05:25:11.7221835Z          - retrying click action
2026-10-03T05:25:11.7222038Z            - waiting 500ms
2026-10-03T05:25:11.7222147Z 
2026-10-03T05:25:11.7222152Z 
2026-10-03T05:25:11.7222443Z       71 |   if (canceled) await page.getByRole('button', { name: 'Toggle submit cancellation', exact: true }).click();
2026-10-03T05:25:11.7222837Z       72 |   await input.fill('valid');
2026-10-03T05:25:11.7223089Z     > 73 |   await page.getByRole('switch').click();
2026-10-03T05:25:11.7223370Z          |                                  ^
2026-10-03T05:25:11.7223693Z       74 |   await page.getByRole('button', { name: 'Submit', exact: true }).click();
2026-10-03T05:25:11.7224170Z       75 |   await expect(page.locator('#result')).toContainText('"storageType":"valid","enabled":true');
2026-10-03T05:25:11.7224548Z       76 |   expect(requests).toHaveLength(1);
2026-10-03T05:25:11.7224902Z         at /home/runner/work/base/base/tests/browser/remote-form-api.spec.ts:73:34
2026-10-03T05:25:11.7225141Z 
2026-10-03T05:25:11.7225452Z     Error Context: test-results/remote-form-api-remote-sou-a38be--submission-authored-false-/error-context.md
2026-10-03T05:25:11.7225784Z 
2026-10-03T05:25:11.7226092Z     attachment #2: trace (application/zip) ─────────────────────────────────────────────────────────
2026-10-03T05:25:11.7226580Z     test-results/remote-form-api-remote-sou-a38be--submission-authored-false-/trace.zip
2026-10-03T05:25:11.7226917Z     Usage:
2026-10-03T05:25:11.7227007Z 
2026-10-03T05:25:11.7227344Z         pnpm exec playwright show-trace test-results/remote-form-api-remote-sou-a38be--submission-authored-false-/trace.zip
2026-10-03T05:25:11.7227701Z 
2026-10-03T05:25:11.7227964Z     ────────────────────────────────────────────────────────────────────────────────────────────────
2026-10-03T05:25:11.7228174Z 
2026-10-03T05:25:11.7228870Z   8) tests/browser/remote-form-api.spec.ts:59:39 › remote source cancellation makes zero POST before next valid submission (authored=true) 
2026-10-03T05:25:11.7229379Z 
2026-10-03T05:25:11.7229486Z     Test timeout of 30000ms exceeded.
2026-10-03T05:25:11.7229627Z 
2026-10-03T05:25:11.7229768Z     Error: locator.click: Test timeout of 30000ms exceeded.
2026-10-03T05:25:11.7230012Z     Call log:
2026-10-03T05:25:11.7230210Z       - waiting for getByRole('switch')
2026-10-03T05:25:11.7230871Z         - locator resolved to <span tabindex="0" role="switch" data-valid="" id="base-ui-s8" data-unchecked="" aria-checked="false" aria-labelledby="base-ui-s7">…</span>
2026-10-03T05:25:11.7231383Z       - attempting click action
2026-10-03T05:25:11.7231691Z         2 × waiting for element to be visible, enabled and stable
2026-10-03T05:25:11.7231967Z           - element is not visible
2026-10-03T05:25:11.7232189Z         - retrying click action
2026-10-03T05:25:11.7232375Z         - waiting 20ms
2026-10-03T05:25:11.7232653Z         2 × waiting for element to be visible, enabled and stable
2026-10-03T05:25:11.7232926Z           - element is not visible
2026-10-03T05:25:11.7233134Z         - retrying click action
2026-10-03T05:25:11.7233330Z           - waiting 100ms
2026-10-03T05:25:11.7233619Z         55 × waiting for element to be visible, enabled and stable
2026-10-03T05:25:11.7233891Z            - element is not visible
2026-10-03T05:25:11.7234122Z          - retrying click action
2026-10-03T05:25:11.7234321Z            - waiting 500ms
2026-10-03T05:25:11.7234437Z 
2026-10-03T05:25:11.7234442Z 
2026-10-03T05:25:11.7234725Z       71 |   if (canceled) await page.getByRole('button', { name: 'Toggle submit cancellation', exact: true }).click();
2026-10-03T05:25:11.7235121Z       72 |   await input.fill('valid');
2026-10-03T05:25:11.7235372Z     > 73 |   await page.getByRole('switch').click();
2026-10-03T05:25:11.7235621Z          |                                  ^
2026-10-03T05:25:11.7235953Z       74 |   await page.getByRole('button', { name: 'Submit', exact: true }).click();
2026-10-03T05:25:11.7236433Z       75 |   await expect(page.locator('#result')).toContainText('"storageType":"valid","enabled":true');
2026-10-03T05:25:11.7236806Z       76 |   expect(requests).toHaveLength(1);
2026-10-03T05:25:11.7237150Z         at /home/runner/work/base/base/tests/browser/remote-form-api.spec.ts:73:34
2026-10-03T05:25:11.7237381Z 
2026-10-03T05:25:11.7237685Z     Error Context: test-results/remote-form-api-remote-sou-a58ca-d-submission-authored-true-/error-context.md
2026-10-03T05:25:11.7238017Z 
2026-10-03T05:25:11.7238323Z     attachment #2: trace (application/zip) ─────────────────────────────────────────────────────────
2026-10-03T05:25:11.7238950Z     test-results/remote-form-api-remote-sou-a58ca-d-submission-authored-true-/trace.zip
2026-10-03T05:25:11.7239292Z     Usage:
2026-10-03T05:25:11.7239381Z 
2026-10-03T05:25:11.7239718Z         pnpm exec playwright show-trace test-results/remote-form-api-remote-sou-a58ca-d-submission-authored-true-/trace.zip
2026-10-03T05:25:11.7240076Z 
2026-10-03T05:25:11.7240365Z     ────────────────────────────────────────────────────────────────────────────────────────────────
2026-10-03T05:25:11.7240571Z 
2026-10-03T05:25:11.7240640Z   8 failed
2026-10-03T05:25:11.7241253Z     tests/browser/field-form-remote.spec.ts:163:89 › acceptance Kit default empty formaction follows remote document despite ordinary base and the next valid submit 
2026-10-03T05:25:11.7242220Z     tests/browser/field-form-remote.spec.ts:163:89 › acceptance Kit formReplacement empty formaction follows remote document despite ordinary base and the next valid submit 
2026-10-03T05:25:11.7243225Z     tests/browser/field-form-remote.spec.ts:185:49 › acceptance Kit native button submitter reflected overrides preserve method action target selection and the next valid submit 
2026-10-03T05:25:11.7244224Z     tests/browser/field-form-remote.spec.ts:185:49 › acceptance Kit native input submitter reflected overrides preserve method action target selection and the next valid submit 
2026-10-03T05:25:11.7245164Z     tests/browser/remote-form-api.spec.ts:13:1 › typed remote namespace hydrates and renders one semantic Switch input 
2026-10-03T05:25:11.7245942Z     tests/browser/remote-form-api.spec.ts:40:1 › checked cancellation precedes native input and Kit ownership 
2026-10-03T05:25:11.7246676Z     tests/browser/remote-form-api.spec.ts:59:39 › remote source cancellation makes zero POST before next valid submission (authored=false) 
2026-10-03T05:25:11.7247450Z     tests/browser/remote-form-api.spec.ts:59:39 › remote source cancellation makes zero POST before next valid submission (authored=true) 
2026-10-03T05:25:11.7247879Z   33 passed (3.2m)
2026-10-03T05:25:11.7337705Z ##[error]Process completed with exit code 1.
2026-10-03T05:25:11.7399073Z ##[group]Run actions/upload-artifact@ea165f8d65b6e75b540449e92b4886f43607fa02
2026-10-03T05:25:11.7399403Z with:
2026-10-03T05:25:11.7399590Z   name: remote-form-api-browser-evidence
2026-10-03T05:25:11.7399982Z   path: .checks/remote-form-api/
test-results/field-form-remote-*/
test-results/remote-form-api-*/

2026-10-03T05:25:11.7400362Z   if-no-files-found: warn
2026-10-03T05:25:11.7400549Z   retention-days: 14
2026-10-03T05:25:11.7400722Z   compression-level: 6
2026-10-03T05:25:11.7400896Z   overwrite: false
2026-10-03T05:25:11.7401069Z   include-hidden-files: false
2026-10-03T05:25:11.7401261Z env:
2026-10-03T05:25:11.7401453Z   PNPM_HOME: /home/runner/setup-pnpm/node_modules/.bin
2026-10-03T05:25:11.7401693Z ##[endgroup]
2026-10-03T05:25:11.8869534Z (node:4217) [DEP0040] DeprecationWarning: The `punycode` module is deprecated. Please use a userland alternative instead.
2026-10-03T05:25:11.8870519Z (Use `node --trace-deprecation ...` to show where the warning was created)
2026-10-03T05:25:11.9019618Z Multiple search paths detected. Calculating the least common ancestor of all paths
2026-10-03T05:25:11.9020818Z The least common ancestor is /home/runner/work/base/base. This will be the root directory of the artifact
2026-10-03T05:25:11.9021455Z With the provided path, there will be 18 files uploaded
2026-10-03T05:25:11.9022052Z Artifact name is valid!
2026-10-03T05:25:11.9022515Z Root directory input is valid!
2026-10-03T05:25:12.2479572Z Beginning upload of artifact content to blob storage
2026-10-03T05:25:12.4790541Z (node:4217) [DEP0169] DeprecationWarning: `url.parse()` behavior is not standardized and prone to errors that have security implications. Use the WHATWG URL API instead. CVEs are not issued for `url.parse()` vulnerabilities.
2026-10-03T05:25:13.2133981Z Uploaded bytes 7705102
2026-10-03T05:25:13.2759132Z Finished uploading artifact content to blob storage!
2026-10-03T05:25:13.2760056Z SHA256 digest of uploaded artifact zip is cb5779f1a990c3ddf93438c26dabfe8c281a0c6fed74bcd480779b99b1649c90
2026-10-03T05:25:13.2761593Z Finalizing artifact upload
2026-10-03T05:25:13.5192949Z Artifact remote-form-api-browser-evidence.zip successfully finalized. Artifact ID 11265752841
2026-10-03T05:25:13.5193703Z Artifact remote-form-api-browser-evidence has been successfully uploaded! Final size is 7705102 bytes. Artifact ID is 11265752841
2026-10-03T05:25:13.5198046Z Artifact download URL: https://github.com/sveltery/base/actions/runs/37099338817/artifacts/11265752841
2026-10-03T05:25:13.5364083Z Post job cleanup.
2026-10-03T05:25:13.6527180Z Pruning is unnecessary.
2026-10-03T05:25:13.6672345Z Post job cleanup.
2026-10-03T05:25:13.7405605Z [command]/usr/bin/git version
2026-10-03T05:25:13.7472295Z git version 2.55.0
2026-10-03T05:25:13.7504388Z Temporarily overriding HOME='/home/runner/work/_temp/573f13ef-9933-4d05-b8f5-c88f0d9bbbe0' before making global git config changes
2026-10-03T05:25:13.7505502Z Adding repository directory to the temporary git global config as a safe directory
2026-10-03T05:25:13.7509001Z [command]/usr/bin/git config --global --add safe.directory /home/runner/work/base/base
2026-10-03T05:25:13.7539257Z Removing SSH command configuration
2026-10-03T05:25:13.7545483Z [command]/usr/bin/git config --local --name-only --get-regexp core\.sshCommand
2026-10-03T05:25:13.7585975Z [command]/usr/bin/git submodule foreach --recursive sh -c "git config --local --name-only --get-regexp 'core\.sshCommand' && git config --local --unset-all 'core.sshCommand' || :"
2026-10-03T05:25:13.7833947Z Removing HTTP extra header
2026-10-03T05:25:13.7834618Z [command]/usr/bin/git config --local --name-only --get-regexp http\.https\:\/\/github\.com\/\.extraheader
2026-10-03T05:25:13.7861782Z [command]/usr/bin/git submodule foreach --recursive sh -c "git config --local --name-only --get-regexp 'http\.https\:\/\/github\.com\/\.extraheader' && git config --local --unset-all 'http.https://github.com/.extraheader' || :"
2026-10-03T05:25:13.8096394Z Removing includeIf entries pointing to credentials config files
2026-10-03T05:25:13.8107591Z [command]/usr/bin/git config --local --name-only --get-regexp ^includeIf\.gitdir:
2026-10-03T05:25:13.8141432Z [command]/usr/bin/git submodule foreach --recursive git config --local --show-origin --name-only --get-regexp remote.origin.url
2026-10-03T05:25:13.8538926Z Cleaning up orphan processes
2026-10-03T05:25:13.8811657Z ##[warning]Node.js 20 is deprecated. The following actions target Node.js 20 but are being forced to run on Node.js 24: actions/upload-artifact@ea165f8d65b6e75b540449e92b4886f43607fa02. For more information see: https://github.blog/changelog/2025-09-19-deprecation-of-node-20-on-github-actions-runners/
