2026-10-03T05:43:11.4010282Z Current runner version: '2.337.0'
2026-10-03T05:43:11.4038207Z ##[group]Runner Image Provisioner
2026-10-03T05:43:11.4039069Z Hosted Compute Agent
2026-10-03T05:43:11.4039790Z Version: 20260901.588
2026-10-03T05:43:11.4040809Z Commit: f88ec8081b781fac6c440065ac7ff9e710ce3d0b
2026-10-03T05:43:11.4041682Z Build Date: 2026-09-01T19:56:44Z
2026-10-03T05:43:11.4042510Z Worker ID: {214d8a84-a43b-4189-a832-3482a421f626}
2026-10-03T05:43:11.4043242Z Azure Region: eastus
2026-10-03T05:43:11.4043887Z ##[endgroup]
2026-10-03T05:43:11.4045475Z ##[group]Operating System
2026-10-03T05:43:11.4046113Z Ubuntu
2026-10-03T05:43:11.4046786Z 22.04.5
2026-10-03T05:43:11.4047329Z LTS
2026-10-03T05:43:11.4047922Z ##[endgroup]
2026-10-03T05:43:11.4048525Z ##[group]Runner Image
2026-10-03T05:43:11.4049208Z Image: ubuntu-22.04
2026-10-03T05:43:11.4049890Z Version: 20260927.309.1
2026-10-03T05:43:11.4051593Z Included Software: https://github.com/actions/runner-images/blob/ubuntu22/20260927.309/images/ubuntu/Ubuntu2204-Readme.md
2026-10-03T05:43:11.4053317Z Image Release: https://github.com/actions/runner-images/releases/tag/ubuntu22%2F20260927.309
2026-10-03T05:43:11.4054378Z ##[endgroup]
2026-10-03T05:43:11.4055606Z ##[group]GITHUB_TOKEN Permissions
2026-10-03T05:43:11.4057589Z Contents: read
2026-10-03T05:43:11.4058341Z Metadata: read
2026-10-03T05:43:11.4058935Z ##[endgroup]
2026-10-03T05:43:11.4061678Z Secret source: Actions
2026-10-03T05:43:11.4062706Z Cache mode: write
2026-10-03T05:43:11.4063492Z Prepare workflow directory
2026-10-03T05:43:11.4408488Z Prepare all required actions
2026-10-03T05:43:11.4460124Z Getting action download info
2026-10-03T05:43:11.7193600Z Download action repository 'actions/checkout@d23441a48e516b6c34aea4fa41551a30e30af803' (SHA:d23441a48e516b6c34aea4fa41551a30e30af803)
2026-10-03T05:43:11.8483336Z Download action repository 'pnpm/action-setup@fc06bc1257f339d1d5d8b3a19a8cae5388b55320' (SHA:fc06bc1257f339d1d5d8b3a19a8cae5388b55320)
2026-10-03T05:43:12.0427033Z Download action repository 'actions/setup-node@249970729cb0ef3589644e2896645e5dc5ba9c38' (SHA:249970729cb0ef3589644e2896645e5dc5ba9c38)
2026-10-03T05:43:12.1806022Z Download action repository 'actions/upload-artifact@ea165f8d65b6e75b540449e92b4886f43607fa02' (SHA:ea165f8d65b6e75b540449e92b4886f43607fa02)
2026-10-03T05:43:12.4251230Z Complete job name: Remote Form API browser
2026-10-03T05:43:12.5290397Z ##[group]Run actions/checkout@d23441a48e516b6c34aea4fa41551a30e30af803
2026-10-03T05:43:12.5292679Z with:
2026-10-03T05:43:12.5293808Z   ref: 5741289e7da44257073a0ebd08887c5fe69928ec
2026-10-03T05:43:12.5295114Z   persist-credentials: false
2026-10-03T05:43:12.5296210Z   repository: sveltery/base
2026-10-03T05:43:12.5306473Z   token: ***
2026-10-03T05:43:12.5307431Z   ssh-strict: true
2026-10-03T05:43:12.5308491Z   ssh-user: git
2026-10-03T05:43:12.5309444Z   clean: true
2026-10-03T05:43:12.5310418Z   sparse-checkout-cone-mode: true
2026-10-03T05:43:12.5311878Z   fetch-depth: 1
2026-10-03T05:43:12.5312828Z   fetch-tags: false
2026-10-03T05:43:12.5313876Z   show-progress: true
2026-10-03T05:43:12.5314973Z   lfs: false
2026-10-03T05:43:12.5315891Z   submodules: false
2026-10-03T05:43:12.5316959Z   set-safe-directory: true
2026-10-03T05:43:12.5318115Z   allow-unsafe-pr-checkout: false
2026-10-03T05:43:12.5319664Z ##[endgroup]
2026-10-03T05:43:12.6461743Z Syncing repository: sveltery/base
2026-10-03T05:43:12.6465051Z ##[group]Getting Git version info
2026-10-03T05:43:12.6466455Z Working directory is '/home/runner/work/base/base'
2026-10-03T05:43:12.6468718Z [command]/usr/bin/git version
2026-10-03T05:43:12.6529577Z git version 2.55.0
2026-10-03T05:43:12.6557763Z ##[endgroup]
2026-10-03T05:43:12.6576187Z Temporarily overriding HOME='/home/runner/work/_temp/719745fe-56be-4489-a540-a37980a06c18' before making global git config changes
2026-10-03T05:43:12.6581773Z Adding repository directory to the temporary git global config as a safe directory
2026-10-03T05:43:12.6585799Z [command]/usr/bin/git config --global --add safe.directory /home/runner/work/base/base
2026-10-03T05:43:12.6627107Z Deleting the contents of '/home/runner/work/base/base'
2026-10-03T05:43:12.6640115Z ##[group]Determining repository object format
2026-10-03T05:43:12.6644361Z ##[endgroup]
2026-10-03T05:43:12.6647434Z ##[group]Initializing the repository
2026-10-03T05:43:12.6651949Z [command]/usr/bin/git init /home/runner/work/base/base
2026-10-03T05:43:12.6779606Z hint: Using 'master' as the name for the initial branch. This default branch name
2026-10-03T05:43:12.6786351Z hint: will change to "main" in Git 3.0. To configure the initial branch name
2026-10-03T05:43:12.6790109Z hint: to use in all of your new repositories, which will suppress this warning,
2026-10-03T05:43:12.6793409Z hint: call:
2026-10-03T05:43:12.6795416Z hint:
2026-10-03T05:43:12.6797481Z hint: 	git config --global init.defaultBranch <name>
2026-10-03T05:43:12.6800036Z hint:
2026-10-03T05:43:12.6802705Z hint: Names commonly chosen instead of 'master' are 'main', 'trunk' and
2026-10-03T05:43:12.6806444Z hint: 'development'. The just-created branch can be renamed via this command:
2026-10-03T05:43:12.6809722Z hint:
2026-10-03T05:43:12.6811890Z hint: 	git branch -m <name>
2026-10-03T05:43:12.6813867Z hint:
2026-10-03T05:43:12.6816326Z hint: Disable this message with "git config set advice.defaultBranchName false"
2026-10-03T05:43:12.6820171Z Initialized empty Git repository in /home/runner/work/base/base/.git/
2026-10-03T05:43:12.6826813Z [command]/usr/bin/git remote add origin https://github.com/sveltery/base
2026-10-03T05:43:12.6859511Z ##[endgroup]
2026-10-03T05:43:12.6863250Z ##[group]Disabling automatic garbage collection
2026-10-03T05:43:12.6865673Z [command]/usr/bin/git config --local gc.auto 0
2026-10-03T05:43:12.6909709Z ##[endgroup]
2026-10-03T05:43:12.6913573Z ##[group]Setting up auth
2026-10-03T05:43:12.6915806Z Removing SSH command configuration
2026-10-03T05:43:12.6918960Z [command]/usr/bin/git config --local --name-only --get-regexp core\.sshCommand
2026-10-03T05:43:12.6965083Z [command]/usr/bin/git submodule foreach --recursive sh -c "git config --local --name-only --get-regexp 'core\.sshCommand' && git config --local --unset-all 'core.sshCommand' || :"
2026-10-03T05:43:12.7376619Z Removing HTTP extra header
2026-10-03T05:43:12.7388693Z [command]/usr/bin/git config --local --name-only --get-regexp http\.https\:\/\/github\.com\/\.extraheader
2026-10-03T05:43:12.7432526Z [command]/usr/bin/git submodule foreach --recursive sh -c "git config --local --name-only --get-regexp 'http\.https\:\/\/github\.com\/\.extraheader' && git config --local --unset-all 'http.https://github.com/.extraheader' || :"
2026-10-03T05:43:12.7711500Z Removing includeIf entries pointing to credentials config files
2026-10-03T05:43:12.7717221Z [command]/usr/bin/git config --local --name-only --get-regexp ^includeIf\.gitdir:
2026-10-03T05:43:12.7759320Z [command]/usr/bin/git submodule foreach --recursive git config --local --show-origin --name-only --get-regexp remote.origin.url
2026-10-03T05:43:12.8048134Z [command]/usr/bin/git config --file /home/runner/work/_temp/git-credentials-13157aaf-30f0-4ac9-8705-beeed7ec90dd.config http.https://github.com/.extraheader AUTHORIZATION: basic ***
2026-10-03T05:43:12.8098671Z [command]/usr/bin/git config --local includeIf.gitdir:/home/runner/work/base/base/.git.path /home/runner/work/_temp/git-credentials-13157aaf-30f0-4ac9-8705-beeed7ec90dd.config
2026-10-03T05:43:12.8143588Z [command]/usr/bin/git config --local includeIf.gitdir:/home/runner/work/base/base/.git/worktrees/*.path /home/runner/work/_temp/git-credentials-13157aaf-30f0-4ac9-8705-beeed7ec90dd.config
2026-10-03T05:43:12.8249819Z [command]/usr/bin/git config --local includeIf.gitdir:/github/workspace/.git.path /github/runner_temp/git-credentials-13157aaf-30f0-4ac9-8705-beeed7ec90dd.config
2026-10-03T05:43:12.8258007Z [command]/usr/bin/git config --local includeIf.gitdir:/github/workspace/.git/worktrees/*.path /github/runner_temp/git-credentials-13157aaf-30f0-4ac9-8705-beeed7ec90dd.config
2026-10-03T05:43:12.8269096Z ##[endgroup]
2026-10-03T05:43:12.8270432Z ##[group]Fetching the repository
2026-10-03T05:43:12.8277974Z [command]/usr/bin/git -c protocol.version=2 fetch --no-tags --prune --no-recurse-submodules --depth=1 origin 5741289e7da44257073a0ebd08887c5fe69928ec
2026-10-03T05:43:13.2809038Z From https://github.com/sveltery/base
2026-10-03T05:43:13.2810896Z  * branch            5741289e7da44257073a0ebd08887c5fe69928ec -> FETCH_HEAD
2026-10-03T05:43:13.2822677Z [command]/usr/bin/git rev-parse --verify --quiet 5741289e7da44257073a0ebd08887c5fe69928ec^{object}
2026-10-03T05:43:13.2856977Z 5741289e7da44257073a0ebd08887c5fe69928ec
2026-10-03T05:43:13.2862740Z ##[endgroup]
2026-10-03T05:43:13.2863795Z ##[group]Determining the checkout info
2026-10-03T05:43:13.2865213Z ##[endgroup]
2026-10-03T05:43:13.2870172Z [command]/usr/bin/git sparse-checkout disable
2026-10-03T05:43:13.2936509Z [command]/usr/bin/git config --local --unset-all extensions.worktreeConfig
2026-10-03T05:43:13.2973385Z ##[group]Checking out the ref
2026-10-03T05:43:13.2978771Z [command]/usr/bin/git checkout --progress --force 5741289e7da44257073a0ebd08887c5fe69928ec
2026-10-03T05:43:13.3879864Z Note: switching to '5741289e7da44257073a0ebd08887c5fe69928ec'.
2026-10-03T05:43:13.3881426Z 
2026-10-03T05:43:13.3882233Z You are in 'detached HEAD' state. You can look around, make experimental
2026-10-03T05:43:13.3884222Z changes and commit them, and you can discard any commits you make in this
2026-10-03T05:43:13.3886299Z state without impacting any branches by switching back to a branch.
2026-10-03T05:43:13.3898810Z 
2026-10-03T05:43:13.3899497Z If you want to create a new branch to retain commits you create, you may
2026-10-03T05:43:13.3915656Z do so (now or later) by using -c with the switch command. Example:
2026-10-03T05:43:13.3916649Z 
2026-10-03T05:43:13.3917417Z   git switch -c <new-branch-name>
2026-10-03T05:43:13.3918252Z 
2026-10-03T05:43:13.3918845Z Or undo this operation with:
2026-10-03T05:43:13.3919607Z 
2026-10-03T05:43:13.3920148Z   git switch -
2026-10-03T05:43:13.3921195Z 
2026-10-03T05:43:13.3922098Z Turn off this advice by setting config variable advice.detachedHead to false
2026-10-03T05:43:13.3923368Z 
2026-10-03T05:43:13.3924199Z HEAD is now at 5741289 Merge canonical remote path type guard repair
2026-10-03T05:43:13.3928102Z ##[endgroup]
2026-10-03T05:43:13.3954955Z [command]/usr/bin/git log -1 --format=%H
2026-10-03T05:43:13.4009550Z 5741289e7da44257073a0ebd08887c5fe69928ec
2026-10-03T05:43:13.4023606Z ##[group]Removing auth
2026-10-03T05:43:13.4024450Z Removing SSH command configuration
2026-10-03T05:43:13.4029492Z [command]/usr/bin/git config --local --name-only --get-regexp core\.sshCommand
2026-10-03T05:43:13.4076384Z [command]/usr/bin/git submodule foreach --recursive sh -c "git config --local --name-only --get-regexp 'core\.sshCommand' && git config --local --unset-all 'core.sshCommand' || :"
2026-10-03T05:43:13.4388444Z Removing HTTP extra header
2026-10-03T05:43:13.4389578Z [command]/usr/bin/git config --local --name-only --get-regexp http\.https\:\/\/github\.com\/\.extraheader
2026-10-03T05:43:13.4434898Z [command]/usr/bin/git submodule foreach --recursive sh -c "git config --local --name-only --get-regexp 'http\.https\:\/\/github\.com\/\.extraheader' && git config --local --unset-all 'http.https://github.com/.extraheader' || :"
2026-10-03T05:43:13.4733116Z Removing includeIf entries pointing to credentials config files
2026-10-03T05:43:13.4735710Z [command]/usr/bin/git config --local --name-only --get-regexp ^includeIf\.gitdir:
2026-10-03T05:43:13.4770159Z includeif.gitdir:/home/runner/work/base/base/.git.path
2026-10-03T05:43:13.4771945Z includeif.gitdir:/home/runner/work/base/base/.git/worktrees/*.path
2026-10-03T05:43:13.4773351Z includeif.gitdir:/github/workspace/.git.path
2026-10-03T05:43:13.4774691Z includeif.gitdir:/github/workspace/.git/worktrees/*.path
2026-10-03T05:43:13.4781822Z [command]/usr/bin/git config --local --get-all includeif.gitdir:/home/runner/work/base/base/.git.path
2026-10-03T05:43:13.4812867Z /home/runner/work/_temp/git-credentials-13157aaf-30f0-4ac9-8705-beeed7ec90dd.config
2026-10-03T05:43:13.4824046Z [command]/usr/bin/git config --local --unset includeif.gitdir:/home/runner/work/base/base/.git.path /home/runner/work/_temp/git-credentials-13157aaf-30f0-4ac9-8705-beeed7ec90dd.config
2026-10-03T05:43:13.4867742Z [command]/usr/bin/git config --local --get-all includeif.gitdir:/home/runner/work/base/base/.git/worktrees/*.path
2026-10-03T05:43:13.4900940Z /home/runner/work/_temp/git-credentials-13157aaf-30f0-4ac9-8705-beeed7ec90dd.config
2026-10-03T05:43:13.4913914Z [command]/usr/bin/git config --local --unset includeif.gitdir:/home/runner/work/base/base/.git/worktrees/*.path /home/runner/work/_temp/git-credentials-13157aaf-30f0-4ac9-8705-beeed7ec90dd.config
2026-10-03T05:43:13.4964340Z [command]/usr/bin/git config --local --get-all includeif.gitdir:/github/workspace/.git.path
2026-10-03T05:43:13.4996972Z /github/runner_temp/git-credentials-13157aaf-30f0-4ac9-8705-beeed7ec90dd.config
2026-10-03T05:43:13.5005423Z [command]/usr/bin/git config --local --unset includeif.gitdir:/github/workspace/.git.path /github/runner_temp/git-credentials-13157aaf-30f0-4ac9-8705-beeed7ec90dd.config
2026-10-03T05:43:13.5053191Z [command]/usr/bin/git config --local --get-all includeif.gitdir:/github/workspace/.git/worktrees/*.path
2026-10-03T05:43:13.5082477Z /github/runner_temp/git-credentials-13157aaf-30f0-4ac9-8705-beeed7ec90dd.config
2026-10-03T05:43:13.5089537Z [command]/usr/bin/git config --local --unset includeif.gitdir:/github/workspace/.git/worktrees/*.path /github/runner_temp/git-credentials-13157aaf-30f0-4ac9-8705-beeed7ec90dd.config
2026-10-03T05:43:13.5130352Z [command]/usr/bin/git submodule foreach --recursive git config --local --show-origin --name-only --get-regexp remote.origin.url
2026-10-03T05:43:13.5397189Z Removing credentials config '/home/runner/work/_temp/git-credentials-13157aaf-30f0-4ac9-8705-beeed7ec90dd.config'
2026-10-03T05:43:13.5408213Z ##[endgroup]
2026-10-03T05:43:13.5651240Z ##[group]Run pnpm/action-setup@fc06bc1257f339d1d5d8b3a19a8cae5388b55320
2026-10-03T05:43:13.5651869Z with:
2026-10-03T05:43:13.5652209Z   version: 12.6.0
2026-10-03T05:43:13.5652562Z   run_install: false
2026-10-03T05:43:13.5652924Z   dest: ~/setup-pnpm
2026-10-03T05:43:13.5653279Z   cache: false
2026-10-03T05:43:13.5653667Z   cache_dependency_path: pnpm-lock.yaml
2026-10-03T05:43:13.5654114Z   package_json_file: package.json
2026-10-03T05:43:13.5654515Z   standalone: false
2026-10-03T05:43:13.5654864Z ##[endgroup]
2026-10-03T05:43:13.7232787Z ##[group]Running self-installer...
2026-10-03T05:43:14.1693850Z (node:2262) [DEP0169] DeprecationWarning: `url.parse()` behavior is not standardized and prone to errors that have security implications. Use the WHATWG URL API instead. CVEs are not issued for `url.parse()` vulnerabilities.
2026-10-03T05:43:14.1696161Z (Use `node --trace-deprecation ...` to show where the warning was created)
2026-10-03T05:43:14.3182109Z Progress: resolved 1, reused 0, downloaded 0, added 0
2026-10-03T05:43:14.4549841Z Packages: +3
2026-10-03T05:43:14.4550236Z +++
2026-10-03T05:43:15.2809982Z Progress: resolved 15, reused 0, downloaded 3, added 3, done
2026-10-03T05:43:15.3033511Z .../.pnpm/pnpm@12.6.0/node_modules/pnpm preinstall$ node install.js
2026-10-03T05:43:16.8669593Z .../.pnpm/pnpm@12.6.0/node_modules/pnpm preinstall: Done
2026-10-03T05:43:16.8674471Z .../.pnpm/pnpm@12.6.0/node_modules/pnpm postinstall$ node install.js
2026-10-03T05:43:16.9181399Z .../.pnpm/pnpm@12.6.0/node_modules/pnpm postinstall: Done
2026-10-03T05:43:18.3735235Z 
2026-10-03T05:43:18.3737287Z dependencies:
2026-10-03T05:43:18.3737845Z + pnpm 12.6.0 (12.8.1 is available)
2026-10-03T05:43:18.3738327Z 
2026-10-03T05:43:18.3764059Z Done in 4.4s
2026-10-03T05:43:18.4424111Z ##[endgroup]
2026-10-03T05:43:18.4424568Z Installation Completed!
2026-10-03T05:43:18.4624974Z ##[group]Run actions/setup-node@249970729cb0ef3589644e2896645e5dc5ba9c38
2026-10-03T05:43:18.4625391Z with:
2026-10-03T05:43:18.4625585Z   node-version: 24
2026-10-03T05:43:18.4625810Z   package-manager-cache: false
2026-10-03T05:43:18.4626056Z   check-latest: false
2026-10-03T05:43:18.4629022Z   token: ***
2026-10-03T05:43:18.4629219Z env:
2026-10-03T05:43:18.4629478Z   PNPM_HOME: /home/runner/setup-pnpm/node_modules/.bin
2026-10-03T05:43:18.4629791Z ##[endgroup]
2026-10-03T05:43:18.6184133Z Found in cache @ /opt/hostedtoolcache/node/24.21.0/x64
2026-10-03T05:43:18.6187066Z ##[group]Environment details
2026-10-03T05:43:20.8173068Z node: v24.21.0
2026-10-03T05:43:20.8173803Z npm: 11.19.0
2026-10-03T05:43:20.8174441Z yarn: 1.22.22
2026-10-03T05:43:20.8175433Z ##[endgroup]
2026-10-03T05:43:20.8314236Z ##[group]Run bash scripts/bootstrap.sh
2026-10-03T05:43:20.8314615Z [36;1mbash scripts/bootstrap.sh[0m
2026-10-03T05:43:20.8715809Z shell: /usr/bin/bash -e {0}
2026-10-03T05:43:20.8716128Z env:
2026-10-03T05:43:20.8716430Z   PNPM_HOME: /home/runner/setup-pnpm/node_modules/.bin
2026-10-03T05:43:20.8716760Z ##[endgroup]
2026-10-03T05:43:21.0248401Z Scope: all 3 workspace projects
2026-10-03T05:43:21.0457321Z ? Verifying lockfile against supply-chain policies (162 entries)...
2026-10-03T05:43:21.3452608Z Packages are hard linked from the content-addressable store to the virtual store.
2026-10-03T05:43:21.3481901Z   Content-addressable store is at: /home/runner/setup-pnpm/node_modules/.bin/store/v11
2026-10-03T05:43:21.3482884Z   Virtual store is at:             node_modules/.pnpm
2026-10-03T05:43:21.4198403Z Downloading @rolldown/binding-linux-x64-gnu@1.2.11: 0.00 B/7.94 MB
2026-10-03T05:43:22.3458842Z ✓ Lockfile passes supply-chain policies (162 entries in 1.3s)
2026-10-03T05:43:22.3482003Z Lockfile is up to date, resolution step is skipped
2026-10-03T05:43:22.4801316Z Packages: +137
2026-10-03T05:43:22.4805520Z ++++++++++++++++++++++++++++++++++++++++++++++++++++++++++++++++++++++++++++++++
2026-10-03T05:43:22.4990920Z Progress: resolved 137, reused 0, downloaded 137, added 137, done
2026-10-03T05:43:22.5418222Z 
2026-10-03T05:43:22.5418812Z devDependencies:
2026-10-03T05:43:22.5419160Z + @playwright/test 1.63.0
2026-10-03T05:43:22.5419340Z 
2026-10-03T05:43:22.5451665Z Done in 1.5s using pnpm v12.6.0
2026-10-03T05:43:22.5721255Z ##[group]Run pnpm --filter @sveltery/base build
2026-10-03T05:43:22.5721696Z [36;1mpnpm --filter @sveltery/base build[0m
2026-10-03T05:43:22.5793625Z shell: /usr/bin/bash -e {0}
2026-10-03T05:43:22.5793897Z env:
2026-10-03T05:43:22.5794179Z   PNPM_HOME: /home/runner/setup-pnpm/node_modules/.bin
2026-10-03T05:43:22.5794535Z ##[endgroup]
2026-10-03T05:43:22.6103457Z $ svelte-package -i src/lib -o dist
2026-10-03T05:43:30.1957288Z src/lib -> dist
2026-10-03T05:43:30.2903784Z ##[group]Run pnpm exec playwright install --with-deps chromium
2026-10-03T05:43:30.2904277Z [36;1mpnpm exec playwright install --with-deps chromium[0m
2026-10-03T05:43:30.2979208Z shell: /usr/bin/bash -e {0}
2026-10-03T05:43:30.2979574Z env:
2026-10-03T05:43:30.2979873Z   PNPM_HOME: /home/runner/setup-pnpm/node_modules/.bin
2026-10-03T05:43:30.2980197Z ##[endgroup]
2026-10-03T05:43:30.8657165Z Installing dependencies...
2026-10-03T05:43:30.8747907Z Switching to root user to install dependencies...
2026-10-03T05:43:30.9922767Z Get:1 file:/etc/apt/apt-mirrors.txt Mirrorlist [144 B]
2026-10-03T05:43:31.0147931Z Get:6 https://packages.microsoft.com/ubuntu/22.04/prod jammy InRelease [3632 B]
2026-10-03T05:43:31.0228452Z Hit:2 http://azure.archive.ubuntu.com/ubuntu jammy InRelease
2026-10-03T05:43:31.0254521Z Get:3 http://azure.archive.ubuntu.com/ubuntu jammy-updates InRelease [128 kB]
2026-10-03T05:43:31.0308737Z Get:4 http://azure.archive.ubuntu.com/ubuntu jammy-backports InRelease [127 kB]
2026-10-03T05:43:31.0334125Z Get:5 http://azure.archive.ubuntu.com/ubuntu jammy-security InRelease [129 kB]
2026-10-03T05:43:31.1042172Z Get:7 https://packages.microsoft.com/ubuntu/22.04/prod jammy/main arm64 Packages [551 kB]
2026-10-03T05:43:31.1298833Z Get:8 https://packages.microsoft.com/ubuntu/22.04/prod jammy/main amd64 Packages [793 kB]
2026-10-03T05:43:31.3011982Z Get:9 http://azure.archive.ubuntu.com/ubuntu jammy-updates/main amd64 Packages [3899 kB]
2026-10-03T05:43:31.3229657Z Get:10 http://azure.archive.ubuntu.com/ubuntu jammy-updates/main Translation-en [575 kB]
2026-10-03T05:43:31.3243454Z Get:11 http://azure.archive.ubuntu.com/ubuntu jammy-updates/restricted amd64 Packages [6701 kB]
2026-10-03T05:43:31.3579699Z Get:12 http://azure.archive.ubuntu.com/ubuntu jammy-updates/restricted Translation-en [1287 kB]
2026-10-03T05:43:31.3653685Z Get:13 http://azure.archive.ubuntu.com/ubuntu jammy-updates/universe amd64 Packages [1285 kB]
2026-10-03T05:43:31.3721506Z Get:14 http://azure.archive.ubuntu.com/ubuntu jammy-updates/universe Translation-en [325 kB]
2026-10-03T05:43:31.4957276Z Get:15 http://azure.archive.ubuntu.com/ubuntu jammy-security/main amd64 Packages [3598 kB]
2026-10-03T05:43:31.5145158Z Get:16 http://azure.archive.ubuntu.com/ubuntu jammy-security/main Translation-en [504 kB]
2026-10-03T05:43:31.5181340Z Get:17 http://azure.archive.ubuntu.com/ubuntu jammy-security/restricted amd64 Packages [6410 kB]
2026-10-03T05:43:31.5458193Z Get:18 http://azure.archive.ubuntu.com/ubuntu jammy-security/restricted Translation-en [1232 kB]
2026-10-03T05:43:31.5939294Z Get:19 http://azure.archive.ubuntu.com/ubuntu jammy-security/universe amd64 Packages [1052 kB]
2026-10-03T05:43:31.5995475Z Get:20 http://azure.archive.ubuntu.com/ubuntu jammy-security/universe Translation-en [236 kB]
2026-10-03T05:43:37.7479366Z Fetched 28.8 MB in 3s (9002 kB/s)
2026-10-03T05:43:39.1346603Z Reading package lists...
2026-10-03T05:43:39.1993613Z Reading package lists...
2026-10-03T05:43:39.4577762Z Building dependency tree...
2026-10-03T05:43:39.4589591Z Reading state information...
2026-10-03T05:43:39.6361505Z fonts-liberation is already the newest version (1:1.07.4-11).
2026-10-03T05:43:39.6362156Z fonts-liberation set to manually installed.
2026-10-03T05:43:39.6362695Z libatk-bridge2.0-0 is already the newest version (2.38.0-3).
2026-10-03T05:43:39.6363208Z libatk-bridge2.0-0 set to manually installed.
2026-10-03T05:43:39.6363729Z libatk1.0-0 is already the newest version (2.36.0-3build1).
2026-10-03T05:43:39.6364224Z libatk1.0-0 set to manually installed.
2026-10-03T05:43:39.6364685Z libatspi2.0-0 is already the newest version (2.44.0-3).
2026-10-03T05:43:39.6365144Z libatspi2.0-0 set to manually installed.
2026-10-03T05:43:39.6365659Z libfontconfig1 is already the newest version (2.13.1-4.2ubuntu5).
2026-10-03T05:43:39.6366170Z libfontconfig1 set to manually installed.
2026-10-03T05:43:39.6366633Z libxcb1 is already the newest version (1.14-3ubuntu3).
2026-10-03T05:43:39.6367062Z libxcb1 set to manually installed.
2026-10-03T05:43:39.6368256Z libxcomposite1 is already the newest version (1:0.4.5-1build2).
2026-10-03T05:43:39.6368934Z libxcomposite1 set to manually installed.
2026-10-03T05:43:39.6369716Z libxdamage1 is already the newest version (1:1.1.5-2build2).
2026-10-03T05:43:39.6370215Z libxdamage1 set to manually installed.
2026-10-03T05:43:39.6371113Z libxext6 is already the newest version (2:1.3.4-1build1).
2026-10-03T05:43:39.6371579Z libxext6 set to manually installed.
2026-10-03T05:43:39.6372071Z libxfixes3 is already the newest version (1:6.0.0-1).
2026-10-03T05:43:39.6372519Z libxfixes3 set to manually installed.
2026-10-03T05:43:39.6372968Z libxkbcommon0 is already the newest version (1.4.0-1).
2026-10-03T05:43:39.6373423Z libxkbcommon0 set to manually installed.
2026-10-03T05:43:39.6373914Z libxrandr2 is already the newest version (2:1.5.2-1build1).
2026-10-03T05:43:39.6374378Z libxrandr2 set to manually installed.
2026-10-03T05:43:39.6374958Z fonts-noto-color-emoji is already the newest version (2.047-0ubuntu0.22.04.1).
2026-10-03T05:43:39.6375614Z libasound2 is already the newest version (1.2.6.1-1ubuntu1.2).
2026-10-03T05:43:39.6376089Z libasound2 set to manually installed.
2026-10-03T05:43:39.6376562Z libcairo2 is already the newest version (1.16.0-5ubuntu2.1).
2026-10-03T05:43:39.6377017Z libcairo2 set to manually installed.
2026-10-03T05:43:39.6377490Z libcups2 is already the newest version (2.4.1op1-1ubuntu4.21).
2026-10-03T05:43:39.6377953Z libcups2 set to manually installed.
2026-10-03T05:43:39.6378630Z libdbus-1-3 is already the newest version (1.12.20-2ubuntu4.1).
2026-10-03T05:43:39.6379100Z libdbus-1-3 set to manually installed.
2026-10-03T05:43:39.6379603Z libdrm2 is already the newest version (2.4.113-2~ubuntu0.22.04.1).
2026-10-03T05:43:39.6380070Z libdrm2 set to manually installed.
2026-10-03T05:43:39.6380929Z libfreetype6 is already the newest version (2.11.1+dfsg-1ubuntu0.3).
2026-10-03T05:43:39.6381369Z libfreetype6 set to manually installed.
2026-10-03T05:43:39.6381795Z libgbm1 is already the newest version (23.2.1-1ubuntu3.1~22.04.4).
2026-10-03T05:43:39.6382186Z libgbm1 set to manually installed.
2026-10-03T05:43:39.6382577Z libglib2.0-0 is already the newest version (2.72.4-0ubuntu2.10).
2026-10-03T05:43:39.6382969Z libglib2.0-0 set to manually installed.
2026-10-03T05:43:39.6383383Z libnspr4 is already the newest version (2:4.35-0ubuntu0.22.04.1).
2026-10-03T05:43:39.6383849Z libnss3 is already the newest version (2:3.98-0ubuntu0.22.04.4).
2026-10-03T05:43:39.6384322Z libpango-1.0-0 is already the newest version (1.50.6+ds-2ubuntu1).
2026-10-03T05:43:39.6384721Z libpango-1.0-0 set to manually installed.
2026-10-03T05:43:39.6385155Z libwayland-client0 is already the newest version (1.20.0-1ubuntu0.1).
2026-10-03T05:43:39.6385599Z libwayland-client0 set to manually installed.
2026-10-03T05:43:39.6386013Z libx11-6 is already the newest version (2:1.7.5-1ubuntu0.3).
2026-10-03T05:43:39.6386384Z libx11-6 set to manually installed.
2026-10-03T05:43:39.6386793Z xvfb is already the newest version (2:21.1.4-2ubuntu1.7~22.04.16).
2026-10-03T05:43:39.6387249Z The following additional packages will be installed:
2026-10-03T05:43:39.6387599Z   xfonts-encodings xfonts-utils
2026-10-03T05:43:39.6387881Z Recommended packages:
2026-10-03T05:43:39.6388146Z   fonts-ipafont-mincho fonts-tlwg-loma
2026-10-03T05:43:39.6606789Z The following NEW packages will be installed:
2026-10-03T05:43:39.6607568Z   fonts-freefont-ttf fonts-ipafont-gothic fonts-tlwg-loma-otf fonts-unifont
2026-10-03T05:43:39.6616278Z   fonts-wqy-zenhei xfonts-cyrillic xfonts-encodings xfonts-scalable
2026-10-03T05:43:39.6616819Z   xfonts-utils
2026-10-03T05:43:39.6816329Z 0 upgraded, 9 newly installed, 0 to remove and 20 not upgraded.
2026-10-03T05:43:39.6817331Z Need to get 18.4 MB of archives.
2026-10-03T05:43:39.6818335Z After this operation, 56.8 MB of additional disk space will be used.
2026-10-03T05:43:39.6819371Z Get:1 file:/etc/apt/apt-mirrors.txt Mirrorlist [144 B]
2026-10-03T05:43:39.7864795Z Get:2 http://azure.archive.ubuntu.com/ubuntu jammy/universe amd64 fonts-ipafont-gothic all 00303-21ubuntu1 [3513 kB]
2026-10-03T05:43:40.1843135Z Get:3 http://azure.archive.ubuntu.com/ubuntu jammy/main amd64 fonts-freefont-ttf all 20120503-10build1 [2388 kB]
2026-10-03T05:43:40.3033183Z Get:4 http://azure.archive.ubuntu.com/ubuntu jammy/universe amd64 fonts-tlwg-loma-otf all 1:0.7.3-1 [107 kB]
2026-10-03T05:43:40.3865734Z Get:5 http://azure.archive.ubuntu.com/ubuntu jammy/universe amd64 fonts-unifont all 1:14.0.01-1 [3551 kB]
2026-10-03T05:43:40.5559327Z Get:6 http://azure.archive.ubuntu.com/ubuntu jammy/universe amd64 fonts-wqy-zenhei all 0.9.45-8 [7472 kB]
2026-10-03T05:43:40.8112490Z Get:7 http://azure.archive.ubuntu.com/ubuntu jammy/main amd64 xfonts-encodings all 1:1.0.5-0ubuntu2 [578 kB]
2026-10-03T05:43:40.8980401Z Get:8 http://azure.archive.ubuntu.com/ubuntu jammy/main amd64 xfonts-utils amd64 1:7.7+6build2 [94.6 kB]
2026-10-03T05:43:40.9809849Z Get:9 http://azure.archive.ubuntu.com/ubuntu jammy/universe amd64 xfonts-cyrillic all 1:1.0.5 [386 kB]
2026-10-03T05:43:41.0658475Z Get:10 http://azure.archive.ubuntu.com/ubuntu jammy/main amd64 xfonts-scalable all 1:1.0.3-1.2ubuntu1 [306 kB]
2026-10-03T05:43:41.3983762Z Fetched 18.4 MB in 1s (13.1 MB/s)
2026-10-03T05:43:41.4263488Z Selecting previously unselected package fonts-ipafont-gothic.
2026-10-03T05:43:41.4629593Z (Reading database ... 
2026-10-03T05:43:41.4630774Z (Reading database ... 5%
2026-10-03T05:43:41.4631546Z (Reading database ... 10%
2026-10-03T05:43:41.4632108Z (Reading database ... 15%
2026-10-03T05:43:41.4633064Z (Reading database ... 20%
2026-10-03T05:43:41.4633533Z (Reading database ... 25%
2026-10-03T05:43:41.4633995Z (Reading database ... 30%
2026-10-03T05:43:41.4634590Z (Reading database ... 35%
2026-10-03T05:43:41.4634955Z (Reading database ... 40%
2026-10-03T05:43:41.4635268Z (Reading database ... 45%
2026-10-03T05:43:41.4635574Z (Reading database ... 50%
2026-10-03T05:43:41.5378995Z (Reading database ... 55%
2026-10-03T05:43:41.7370141Z (Reading database ... 60%
2026-10-03T05:43:41.9350095Z (Reading database ... 65%
2026-10-03T05:43:42.1601729Z (Reading database ... 70%
2026-10-03T05:43:42.3415661Z (Reading database ... 75%
2026-10-03T05:43:42.4907649Z (Reading database ... 80%
2026-10-03T05:43:42.7157186Z (Reading database ... 85%
2026-10-03T05:43:42.9462916Z (Reading database ... 90%
2026-10-03T05:43:43.1451640Z (Reading database ... 95%
2026-10-03T05:43:43.1452206Z (Reading database ... 100%
2026-10-03T05:43:43.1452738Z (Reading database ... 260411 files and directories currently installed.)
2026-10-03T05:43:43.1504595Z Preparing to unpack .../0-fonts-ipafont-gothic_00303-21ubuntu1_all.deb ...
2026-10-03T05:43:43.1618252Z Unpacking fonts-ipafont-gothic (00303-21ubuntu1) ...
2026-10-03T05:43:43.4035803Z Selecting previously unselected package fonts-freefont-ttf.
2026-10-03T05:43:43.4238259Z Preparing to unpack .../1-fonts-freefont-ttf_20120503-10build1_all.deb ...
2026-10-03T05:43:43.4245870Z Unpacking fonts-freefont-ttf (20120503-10build1) ...
2026-10-03T05:43:43.6149317Z Selecting previously unselected package fonts-tlwg-loma-otf.
2026-10-03T05:43:43.6351901Z Preparing to unpack .../2-fonts-tlwg-loma-otf_1%3a0.7.3-1_all.deb ...
2026-10-03T05:43:43.6362701Z Unpacking fonts-tlwg-loma-otf (1:0.7.3-1) ...
2026-10-03T05:43:43.6600648Z Selecting previously unselected package fonts-unifont.
2026-10-03T05:43:43.6802302Z Preparing to unpack .../3-fonts-unifont_1%3a14.0.01-1_all.deb ...
2026-10-03T05:43:43.6809274Z Unpacking fonts-unifont (1:14.0.01-1) ...
2026-10-03T05:43:43.7741255Z Selecting previously unselected package fonts-wqy-zenhei.
2026-10-03T05:43:43.7945337Z Preparing to unpack .../4-fonts-wqy-zenhei_0.9.45-8_all.deb ...
2026-10-03T05:43:43.8063150Z Unpacking fonts-wqy-zenhei (0.9.45-8) ...
2026-10-03T05:43:44.3256601Z Selecting previously unselected package xfonts-encodings.
2026-10-03T05:43:44.3463105Z Preparing to unpack .../5-xfonts-encodings_1%3a1.0.5-0ubuntu2_all.deb ...
2026-10-03T05:43:44.3471205Z Unpacking xfonts-encodings (1:1.0.5-0ubuntu2) ...
2026-10-03T05:43:44.3807819Z Selecting previously unselected package xfonts-utils.
2026-10-03T05:43:44.4018398Z Preparing to unpack .../6-xfonts-utils_1%3a7.7+6build2_amd64.deb ...
2026-10-03T05:43:44.4027104Z Unpacking xfonts-utils (1:7.7+6build2) ...
2026-10-03T05:43:44.4403499Z Selecting previously unselected package xfonts-cyrillic.
2026-10-03T05:43:44.4613524Z Preparing to unpack .../7-xfonts-cyrillic_1%3a1.0.5_all.deb ...
2026-10-03T05:43:44.4620930Z Unpacking xfonts-cyrillic (1:1.0.5) ...
2026-10-03T05:43:44.5106448Z Selecting previously unselected package xfonts-scalable.
2026-10-03T05:43:44.5311393Z Preparing to unpack .../8-xfonts-scalable_1%3a1.0.3-1.2ubuntu1_all.deb ...
2026-10-03T05:43:44.5317125Z Unpacking xfonts-scalable (1:1.0.3-1.2ubuntu1) ...
2026-10-03T05:43:44.5866313Z Setting up fonts-wqy-zenhei (0.9.45-8) ...
2026-10-03T05:43:44.5986535Z Setting up fonts-freefont-ttf (20120503-10build1) ...
2026-10-03T05:43:44.6005347Z Setting up fonts-tlwg-loma-otf (1:0.7.3-1) ...
2026-10-03T05:43:44.6023042Z Setting up xfonts-encodings (1:1.0.5-0ubuntu2) ...
2026-10-03T05:43:44.6040728Z Setting up fonts-ipafont-gothic (00303-21ubuntu1) ...
2026-10-03T05:43:44.6121766Z update-alternatives: using /usr/share/fonts/opentype/ipafont-gothic/ipag.ttf to provide /usr/share/fonts/truetype/fonts-japanese-gothic.ttf (fonts-japanese-gothic.ttf) in auto mode
2026-10-03T05:43:44.6141291Z Setting up fonts-unifont (1:14.0.01-1) ...
2026-10-03T05:43:44.6163261Z Setting up xfonts-utils (1:7.7+6build2) ...
2026-10-03T05:43:44.6206062Z Setting up xfonts-cyrillic (1:1.0.5) ...
2026-10-03T05:43:44.6538488Z Setting up xfonts-scalable (1:1.0.3-1.2ubuntu1) ...
2026-10-03T05:43:44.6843119Z Processing triggers for man-db (2.10.2-1) ...
2026-10-03T05:43:44.6865305Z Not building database; man-db/auto-update is not 'true'.
2026-10-03T05:43:44.6875982Z Processing triggers for fontconfig (2.13.1-4.2ubuntu5) ...
2026-10-03T05:43:45.3838297Z 
2026-10-03T05:43:45.3838955Z Running kernel seems to be up-to-date.
2026-10-03T05:43:45.3839372Z 
2026-10-03T05:43:45.3839682Z No services need to be restarted.
2026-10-03T05:43:45.3840007Z 
2026-10-03T05:43:45.3840280Z No containers need to be restarted.
2026-10-03T05:43:45.3841307Z 
2026-10-03T05:43:45.3841544Z No user sessions are running outdated binaries.
2026-10-03T05:43:45.3841822Z 
2026-10-03T05:43:45.3842182Z No VM guests are running outdated hypervisor (qemu) binaries on this host.
2026-10-03T05:43:47.2906326Z Downloading Chrome for Testing 153.0.8010.12 (playwright chromium v1243) from https://cdn.playwright.dev/builds/cft/153.0.8010.12/linux64/chrome-linux64.zip
2026-10-03T05:43:47.7820035Z |                                                                                |   0% of 186.8 MiB
2026-10-03T05:43:47.9529167Z |■■■■■■■■                                                                        |  10% of 186.8 MiB
2026-10-03T05:43:48.0577661Z |■■■■■■■■■■■■■■■■                                                                |  20% of 186.8 MiB
2026-10-03T05:43:48.1665376Z |■■■■■■■■■■■■■■■■■■■■■■■■                                                        |  30% of 186.8 MiB
2026-10-03T05:43:48.2325904Z |■■■■■■■■■■■■■■■■■■■■■■■■■■■■■■■■                                                |  40% of 186.8 MiB
2026-10-03T05:43:48.3156218Z |■■■■■■■■■■■■■■■■■■■■■■■■■■■■■■■■■■■■■■■■                                        |  50% of 186.8 MiB
2026-10-03T05:43:48.3951261Z |■■■■■■■■■■■■■■■■■■■■■■■■■■■■■■■■■■■■■■■■■■■■■■■■                                |  60% of 186.8 MiB
2026-10-03T05:43:48.4634846Z |■■■■■■■■■■■■■■■■■■■■■■■■■■■■■■■■■■■■■■■■■■■■■■■■■■■■■■■■                        |  70% of 186.8 MiB
2026-10-03T05:43:48.5476972Z |■■■■■■■■■■■■■■■■■■■■■■■■■■■■■■■■■■■■■■■■■■■■■■■■■■■■■■■■■■■■■■■■                |  80% of 186.8 MiB
2026-10-03T05:43:48.6332700Z |■■■■■■■■■■■■■■■■■■■■■■■■■■■■■■■■■■■■■■■■■■■■■■■■■■■■■■■■■■■■■■■■■■■■■■■■        |  90% of 186.8 MiB
2026-10-03T05:43:48.7157106Z |■■■■■■■■■■■■■■■■■■■■■■■■■■■■■■■■■■■■■■■■■■■■■■■■■■■■■■■■■■■■■■■■■■■■■■■■■■■■■■■■| 100% of 186.8 MiB
2026-10-03T05:43:51.7051205Z Chrome for Testing 153.0.8010.12 (playwright chromium v1243) downloaded to /home/runner/.cache/ms-playwright/chromium-1243
2026-10-03T05:43:51.7055692Z Downloading FFmpeg (playwright ffmpeg v1011) from https://cdn.playwright.dev/dbazure/download/playwright/builds/ffmpeg/1011/ffmpeg-linux.zip
2026-10-03T05:43:52.0749376Z |                                                                                |   0% of 2.3 MiB
2026-10-03T05:43:52.0814379Z |■■■■■■■■                                                                        |  10% of 2.3 MiB
2026-10-03T05:43:52.0854965Z |■■■■■■■■■■■■■■■■                                                                |  20% of 2.3 MiB
2026-10-03T05:43:52.0874034Z |■■■■■■■■■■■■■■■■■■■■■■■■                                                        |  30% of 2.3 MiB
2026-10-03T05:43:52.0891726Z |■■■■■■■■■■■■■■■■■■■■■■■■■■■■■■■■                                                |  40% of 2.3 MiB
2026-10-03T05:43:52.0902774Z |■■■■■■■■■■■■■■■■■■■■■■■■■■■■■■■■■■■■■■■■                                        |  50% of 2.3 MiB
2026-10-03T05:43:52.0918748Z |■■■■■■■■■■■■■■■■■■■■■■■■■■■■■■■■■■■■■■■■■■■■■■■■                                |  60% of 2.3 MiB
2026-10-03T05:43:52.0933581Z |■■■■■■■■■■■■■■■■■■■■■■■■■■■■■■■■■■■■■■■■■■■■■■■■■■■■■■■■                        |  70% of 2.3 MiB
2026-10-03T05:43:52.0945811Z |■■■■■■■■■■■■■■■■■■■■■■■■■■■■■■■■■■■■■■■■■■■■■■■■■■■■■■■■■■■■■■■■                |  80% of 2.3 MiB
2026-10-03T05:43:52.0960315Z |■■■■■■■■■■■■■■■■■■■■■■■■■■■■■■■■■■■■■■■■■■■■■■■■■■■■■■■■■■■■■■■■■■■■■■■■        |  90% of 2.3 MiB
2026-10-03T05:43:52.0971614Z |■■■■■■■■■■■■■■■■■■■■■■■■■■■■■■■■■■■■■■■■■■■■■■■■■■■■■■■■■■■■■■■■■■■■■■■■■■■■■■■■| 100% of 2.3 MiB
2026-10-03T05:43:52.1567671Z FFmpeg (playwright ffmpeg v1011) downloaded to /home/runner/.cache/ms-playwright/ffmpeg-1011
2026-10-03T05:43:52.1572091Z Downloading Chrome Headless Shell 153.0.8010.12 (playwright chromium-headless-shell v1243) from https://cdn.playwright.dev/builds/cft/153.0.8010.12/linux64/chrome-headless-shell-linux64.zip
2026-10-03T05:43:52.5426735Z |                                                                                |   0% of 114.3 MiB
2026-10-03T05:43:52.6569059Z |■■■■■■■■                                                                        |  10% of 114.3 MiB
2026-10-03T05:43:52.7270278Z |■■■■■■■■■■■■■■■■                                                                |  20% of 114.3 MiB
2026-10-03T05:43:52.7795652Z |■■■■■■■■■■■■■■■■■■■■■■■■                                                        |  30% of 114.3 MiB
2026-10-03T05:43:52.8443679Z |■■■■■■■■■■■■■■■■■■■■■■■■■■■■■■■■                                                |  40% of 114.3 MiB
2026-10-03T05:43:52.9158762Z |■■■■■■■■■■■■■■■■■■■■■■■■■■■■■■■■■■■■■■■■                                        |  50% of 114.3 MiB
2026-10-03T05:43:52.9635409Z |■■■■■■■■■■■■■■■■■■■■■■■■■■■■■■■■■■■■■■■■■■■■■■■■                                |  60% of 114.3 MiB
2026-10-03T05:43:53.0002173Z |■■■■■■■■■■■■■■■■■■■■■■■■■■■■■■■■■■■■■■■■■■■■■■■■■■■■■■■■                        |  70% of 114.3 MiB
2026-10-03T05:43:53.0551325Z |■■■■■■■■■■■■■■■■■■■■■■■■■■■■■■■■■■■■■■■■■■■■■■■■■■■■■■■■■■■■■■■■                |  80% of 114.3 MiB
2026-10-03T05:43:53.1144843Z |■■■■■■■■■■■■■■■■■■■■■■■■■■■■■■■■■■■■■■■■■■■■■■■■■■■■■■■■■■■■■■■■■■■■■■■■        |  90% of 114.3 MiB
2026-10-03T05:43:53.2124816Z |■■■■■■■■■■■■■■■■■■■■■■■■■■■■■■■■■■■■■■■■■■■■■■■■■■■■■■■■■■■■■■■■■■■■■■■■■■■■■■■■| 100% of 114.3 MiB
2026-10-03T05:43:55.3593179Z Chrome Headless Shell 153.0.8010.12 (playwright chromium-headless-shell v1243) downloaded to /home/runner/.cache/ms-playwright/chromium_headless_shell-1243
2026-10-03T05:43:55.3863491Z ##[group]Run set -o pipefail
2026-10-03T05:43:55.3863952Z [36;1mset -o pipefail[0m
2026-10-03T05:43:55.3864221Z [36;1mmkdir -p .checks/remote-form-api[0m
2026-10-03T05:43:55.3865168Z [36;1mpnpm exec playwright test tests/browser/remote-form-api.spec.ts tests/browser/field-form-remote.spec.ts tests/browser/remote-native-propagation.spec.ts --reporter=list,json | tee .checks/remote-form-api/browser.log[0m
2026-10-03T05:43:55.3937700Z shell: /usr/bin/bash -e {0}
2026-10-03T05:43:55.3937955Z env:
2026-10-03T05:43:55.3938216Z   PNPM_HOME: /home/runner/setup-pnpm/node_modules/.bin
2026-10-03T05:43:55.3938691Z   PLAYWRIGHT_JSON_OUTPUT_NAME: .checks/remote-form-api/browser-results.json
2026-10-03T05:43:55.3939103Z ##[endgroup]
2026-10-03T05:43:59.0630150Z 
2026-10-03T05:43:59.0631118Z Running 45 tests using 1 worker
2026-10-03T05:43:59.0631575Z 
2026-10-03T05:44:01.7221872Z   ✓   1 tests/browser/field-form-remote.spec.ts:32:3 › Kit default direct descriptors serialize each trusted edit and programmatic updates (2.0s)
2026-10-03T05:44:03.0078027Z   ✓   2 tests/browser/field-form-remote.spec.ts:43:3 › Kit default server failure leaves input/result/reset state intact and surfaces issues (1.3s)
2026-10-03T05:44:03.6177003Z   ✓   3 tests/browser/field-form-remote.spec.ts:52:3 › Kit default native and canceled reset retain their actual framework semantics (595ms)
2026-10-03T05:44:04.3900089Z   ✓   4 tests/browser/field-form-remote.spec.ts:57:3 › Kit default direct validate publishes server issues without a server operation or reset (756ms)
2026-10-03T05:44:05.0941295Z   ✓   5 tests/browser/field-form-remote.spec.ts:32:3 › Kit replacement direct descriptors serialize each trusted edit and programmatic updates (683ms)
2026-10-03T05:44:05.8774922Z   ✓   6 tests/browser/field-form-remote.spec.ts:43:3 › Kit replacement server failure leaves input/result/reset state intact and surfaces issues (765ms)
2026-10-03T05:44:06.9733271Z   ✓   7 tests/browser/field-form-remote.spec.ts:52:3 › Kit replacement native and canceled reset retain their actual framework semantics (1.1s)
2026-10-03T05:44:07.7275438Z   ✓   8 tests/browser/field-form-remote.spec.ts:57:3 › Kit replacement direct validate publishes server issues without a server operation or reset (742ms)
2026-10-03T05:44:08.4157976Z   ✓   9 tests/browser/field-form-remote.spec.ts:32:3 › Kit formReplacement direct descriptors serialize each trusted edit and programmatic updates (673ms)
2026-10-03T05:44:09.6567047Z   ✓  10 tests/browser/field-form-remote.spec.ts:43:3 › Kit formReplacement server failure leaves input/result/reset state intact and surfaces issues (1.2s)
2026-10-03T05:44:10.2087433Z   ✓  11 tests/browser/field-form-remote.spec.ts:52:3 › Kit formReplacement native and canceled reset retain their actual framework semantics (539ms)
2026-10-03T05:44:10.9835549Z   ✓  12 tests/browser/field-form-remote.spec.ts:57:3 › Kit formReplacement direct validate publishes server issues without a server operation or reset (762ms)
2026-10-03T05:44:11.6953689Z   ✓  13 tests/browser/field-form-remote.spec.ts:32:3 › Kit native direct descriptors serialize each trusted edit and programmatic updates (700ms)
2026-10-03T05:44:12.4228821Z   ✓  14 tests/browser/field-form-remote.spec.ts:43:3 › Kit native server failure leaves input/result/reset state intact and surfaces issues (717ms)
2026-10-03T05:44:12.9888252Z   ✓  15 tests/browser/field-form-remote.spec.ts:52:3 › Kit native native and canceled reset retain their actual framework semantics (554ms)
2026-10-03T05:44:13.7254825Z   ✓  16 tests/browser/field-form-remote.spec.ts:57:3 › Kit native direct validate publishes server issues without a server operation or reset (723ms)
2026-10-03T05:44:14.6939125Z   ✓  17 tests/browser/field-form-remote.spec.ts:66:1 › diagnostic Kit Form invalid submit preserves raw request, listener and server-effect observations (960ms)
2026-10-03T05:44:15.6330273Z   ✓  18 tests/browser/field-form-remote.spec.ts:85:36 › diagnostic Kit native ordinary preventDefault cancellation preserves enhancement outcome (928ms)
2026-10-03T05:44:16.5827560Z   ✓  19 tests/browser/field-form-remote.spec.ts:85:36 › diagnostic Kit Form ordinary preventDefault cancellation preserves enhancement outcome (939ms)
2026-10-03T05:44:17.6062572Z   ✓  20 tests/browser/field-form-remote.spec.ts:98:60 › acceptance Kit default invalid contextual Field submits zero requests and performs zero server operations (1.0s)
2026-10-03T05:44:18.6532888Z   ✓  21 tests/browser/field-form-remote.spec.ts:98:60 › acceptance Kit replacement invalid contextual Field submits zero requests and performs zero server operations (1.0s)
2026-10-03T05:44:19.6726948Z   ✓  22 tests/browser/field-form-remote.spec.ts:98:60 › acceptance Kit formReplacement invalid contextual Field submits zero requests and performs zero server operations (1.0s)
2026-10-03T05:44:20.9321592Z   ✓  23 tests/browser/field-form-remote.spec.ts:109:45 › acceptance Kit default named controls preserve invalid blocking and the next valid native submit (1.2s)
2026-10-03T05:44:22.4652681Z   ✓  24 tests/browser/field-form-remote.spec.ts:109:45 › acceptance Kit formReplacement named controls preserve invalid blocking and the next valid native submit (1.5s)
2026-10-03T05:44:23.5057882Z   ✓  25 tests/browser/field-form-remote.spec.ts:132:89 › diagnostic Kit Form target _blank preserves actual request and propagation observations (1.0s)
2026-10-03T05:44:24.5389170Z   ✓  26 tests/browser/field-form-remote.spec.ts:132:89 › diagnostic Kit Form target _BLANK preserves actual request and propagation observations (1.0s)
2026-10-03T05:44:25.5363664Z   ✓  27 tests/browser/field-form-remote.spec.ts:132:89 › diagnostic Kit Form target _Blank preserves actual request and propagation observations (987ms)
2026-10-03T05:44:26.5522960Z   ✓  28 tests/browser/field-form-remote.spec.ts:132:89 › diagnostic Kit native target _blank preserves actual request and propagation observations (1.0s)
2026-10-03T05:44:27.6197902Z   ✓  29 tests/browser/field-form-remote.spec.ts:132:89 › diagnostic Kit native target _BLANK preserves actual request and propagation observations (1.1s)
2026-10-03T05:44:29.0852760Z   ✓  30 tests/browser/field-form-remote.spec.ts:132:89 › diagnostic Kit native target _Blank preserves actual request and propagation observations (1.5s)
2026-10-03T05:44:30.2374115Z   ✓  31 tests/browser/field-form-remote.spec.ts:147:1 › acceptance Kit synthetic DIV submitter override attributes retain ordinary later listeners and the next valid submit (1.1s)
2026-10-03T05:44:31.4952873Z   ✓  32 tests/browser/field-form-remote.spec.ts:163:89 › acceptance Kit default empty formaction follows ordinary document despite remote base and the next valid submit (1.2s)
2026-10-03T05:44:38.1849787Z   ✘  33 tests/browser/field-form-remote.spec.ts:163:89 › acceptance Kit default empty formaction follows remote document despite ordinary base and the next valid submit (6.6s)
2026-10-03T05:44:40.1510716Z   ✓  34 tests/browser/field-form-remote.spec.ts:163:89 › acceptance Kit formReplacement empty formaction follows ordinary document despite remote base and the next valid submit (1.4s)
2026-10-03T05:44:46.3428804Z   ✘  35 tests/browser/field-form-remote.spec.ts:163:89 › acceptance Kit formReplacement empty formaction follows remote document despite ordinary base and the next valid submit (6.1s)
2026-10-03T05:44:53.3755475Z   ✘  36 tests/browser/field-form-remote.spec.ts:185:49 › acceptance Kit native button submitter reflected overrides preserve method action target selection and the next valid submit (6.4s)
2026-10-03T05:44:59.9292817Z   ✘  37 tests/browser/field-form-remote.spec.ts:185:49 › acceptance Kit native input submitter reflected overrides preserve method action target selection and the next valid submit (5.9s)
2026-10-03T05:45:08.5741095Z   ✘  38 tests/browser/remote-form-api.spec.ts:13:1 › typed remote namespace hydrates and renders one semantic Switch input (8.0s)
2026-10-03T05:45:10.4284456Z   ✓  39 tests/browser/remote-form-api.spec.ts:40:1 › checked cancellation precedes native input and Kit ownership (1.3s)
2026-10-03T05:45:17.0333129Z   ✘  40 tests/browser/remote-form-api.spec.ts:59:39 › remote source cancellation makes zero POST before next valid submission (authored=false) (6.5s)
2026-10-03T05:45:24.3456610Z   ✘  41 tests/browser/remote-form-api.spec.ts:59:39 › remote source cancellation makes zero POST before next valid submission (authored=true) (6.7s)
2026-10-03T05:45:26.2222689Z   ✓  42 tests/browser/remote-native-propagation.spec.ts:45:58 › literal Kit cancellation oracle for default empty formaction keeps later listeners (1.3s)
2026-10-03T05:45:27.4271553Z   ✓  43 tests/browser/remote-native-propagation.spec.ts:45:58 › literal Kit cancellation oracle for formReplacement empty formaction keeps later listeners (1.2s)
2026-10-03T05:45:28.7002169Z   ✓  44 tests/browser/remote-native-propagation.spec.ts:61:40 › literal Kit button submitter override oracle keeps every later listener (1.3s)
2026-10-03T05:45:29.9194348Z   ✓  45 tests/browser/remote-native-propagation.spec.ts:61:40 › literal Kit input submitter override oracle keeps every later listener (1.2s)
2026-10-03T05:45:30.0276989Z 
2026-10-03T05:45:30.0283898Z 
2026-10-03T05:45:30.0296373Z   1) tests/browser/field-form-remote.spec.ts:163:89 › acceptance Kit default empty formaction follows remote document despite ordinary base and the next valid submit 
2026-10-03T05:45:30.0297361Z 
2026-10-03T05:45:30.0297620Z     Error: expect(locator).toHaveAttribute(expected) failed
2026-10-03T05:45:30.0297929Z 
2026-10-03T05:45:30.0298093Z     Locator:  locator('#remote-form')
2026-10-03T05:45:30.0298583Z     Expected: "0"
2026-10-03T05:45:30.0299005Z     Received: "1"
2026-10-03T05:45:30.0299448Z     Timeout:  5000ms
2026-10-03T05:45:30.0299923Z 
2026-10-03T05:45:30.0300085Z     Call log:
2026-10-03T05:45:30.0300931Z       - Expect "toHaveAttribute" locator('#remote-form') with timeout 5000ms
2026-10-03T05:45:30.0301810Z       - waiting for locator('#remote-form')
2026-10-03T05:45:30.0303426Z         14 × locator resolved to <form novalidate="" method="POST" id="remote-form" data-boundary-later="1" data-boundary-bubbling="1" action="?/remote=uo9nm0%2FsaveFieldForm">…</form>
2026-10-03T05:45:30.0304936Z            - unexpected value "1"
2026-10-03T05:45:30.0305258Z 
2026-10-03T05:45:30.0305267Z 
2026-10-03T05:45:30.0305421Z       20 | }
2026-10-03T05:45:30.0306039Z       21 | async function expectLaterListeners(page: Page, count: number) {
2026-10-03T05:45:30.0307275Z     > 22 |   await expect(page.locator('#remote-form')).toHaveAttribute('data-boundary-later', String(count));
2026-10-03T05:45:30.0308298Z          |                                              ^
2026-10-03T05:45:30.0309275Z       23 |   await expect(page.locator('#remote-form')).toHaveAttribute('data-boundary-bubbling', String(count));
2026-10-03T05:45:30.0309877Z       24 | }
2026-10-03T05:45:30.0311135Z       25 | async function expectNextValidSubmit(page: Page, input: ReturnType<Page['locator']>, before: number, requests: string[], previousListeners = 0) {
2026-10-03T05:45:30.0312724Z         at expectLaterListeners (/home/runner/work/base/base/tests/browser/field-form-remote.spec.ts:22:46)
2026-10-03T05:45:30.0313411Z         at /home/runner/work/base/base/tests/browser/field-form-remote.spec.ts:177:93
2026-10-03T05:45:30.0313729Z 
2026-10-03T05:45:30.0314152Z     Error Context: test-results/field-form-remote-acceptan-1c87a-e-and-the-next-valid-submit/error-context.md
2026-10-03T05:45:30.0314607Z 
2026-10-03T05:45:30.0315131Z     attachment #2: trace (application/zip) ─────────────────────────────────────────────────────────
2026-10-03T05:45:30.0316355Z     test-results/field-form-remote-acceptan-1c87a-e-and-the-next-valid-submit/trace.zip
2026-10-03T05:45:30.0317159Z     Usage:
2026-10-03T05:45:30.0317337Z 
2026-10-03T05:45:30.0318175Z         pnpm exec playwright show-trace test-results/field-form-remote-acceptan-1c87a-e-and-the-next-valid-submit/trace.zip
2026-10-03T05:45:30.0319063Z 
2026-10-03T05:45:30.0319689Z     ────────────────────────────────────────────────────────────────────────────────────────────────
2026-10-03T05:45:30.0321148Z 
2026-10-03T05:45:30.0322286Z   2) tests/browser/field-form-remote.spec.ts:163:89 › acceptance Kit formReplacement empty formaction follows remote document despite ordinary base and the next valid submit 
2026-10-03T05:45:30.0322948Z 
2026-10-03T05:45:30.0323163Z     Error: expect(locator).toHaveAttribute(expected) failed
2026-10-03T05:45:30.0323417Z 
2026-10-03T05:45:30.0323548Z     Locator:  locator('#remote-form')
2026-10-03T05:45:30.0323814Z     Expected: "0"
2026-10-03T05:45:30.0324017Z     Received: "1"
2026-10-03T05:45:30.0324216Z     Timeout:  5000ms
2026-10-03T05:45:30.0324344Z 
2026-10-03T05:45:30.0324426Z     Call log:
2026-10-03T05:45:30.0324784Z       - Expect "toHaveAttribute" locator('#remote-form') with timeout 5000ms
2026-10-03T05:45:30.0325592Z       - waiting for locator('#remote-form')
2026-10-03T05:45:30.0326679Z         14 × locator resolved to <form novalidate="" method="POST" id="remote-form" data-boundary-later="1" data-boundary-bubbling="1" action="?/remote=uo9nm0%2FsaveFieldForm">…</form>
2026-10-03T05:45:30.0327471Z            - unexpected value "1"
2026-10-03T05:45:30.0327638Z 
2026-10-03T05:45:30.0327644Z 
2026-10-03T05:45:30.0327726Z       20 | }
2026-10-03T05:45:30.0328073Z       21 | async function expectLaterListeners(page: Page, count: number) {
2026-10-03T05:45:30.0328715Z     > 22 |   await expect(page.locator('#remote-form')).toHaveAttribute('data-boundary-later', String(count));
2026-10-03T05:45:30.0329243Z          |                                              ^
2026-10-03T05:45:30.0329793Z       23 |   await expect(page.locator('#remote-form')).toHaveAttribute('data-boundary-bubbling', String(count));
2026-10-03T05:45:30.0330366Z       24 | }
2026-10-03T05:45:30.0331665Z       25 | async function expectNextValidSubmit(page: Page, input: ReturnType<Page['locator']>, before: number, requests: string[], previousListeners = 0) {
2026-10-03T05:45:30.0332628Z         at expectLaterListeners (/home/runner/work/base/base/tests/browser/field-form-remote.spec.ts:22:46)
2026-10-03T05:45:30.0333310Z         at /home/runner/work/base/base/tests/browser/field-form-remote.spec.ts:177:93
2026-10-03T05:45:30.0333625Z 
2026-10-03T05:45:30.0334044Z     Error Context: test-results/field-form-remote-acceptan-0b5f2-e-and-the-next-valid-submit/error-context.md
2026-10-03T05:45:30.0334497Z 
2026-10-03T05:45:30.0334961Z     attachment #2: trace (application/zip) ─────────────────────────────────────────────────────────
2026-10-03T05:45:30.0335707Z     test-results/field-form-remote-acceptan-0b5f2-e-and-the-next-valid-submit/trace.zip
2026-10-03T05:45:30.0336154Z     Usage:
2026-10-03T05:45:30.0336258Z 
2026-10-03T05:45:30.0336718Z         pnpm exec playwright show-trace test-results/field-form-remote-acceptan-0b5f2-e-and-the-next-valid-submit/trace.zip
2026-10-03T05:45:30.0337207Z 
2026-10-03T05:45:30.0337554Z     ────────────────────────────────────────────────────────────────────────────────────────────────
2026-10-03T05:45:30.0337840Z 
2026-10-03T05:45:30.0338824Z   3) tests/browser/field-form-remote.spec.ts:185:49 › acceptance Kit native button submitter reflected overrides preserve method action target selection and the next valid submit 
2026-10-03T05:45:30.0339636Z 
2026-10-03T05:45:30.0339841Z     Error: expect(locator).toHaveAttribute(expected) failed
2026-10-03T05:45:30.0340091Z 
2026-10-03T05:45:30.0340215Z     Locator:  locator('#remote-form')
2026-10-03T05:45:30.0340717Z     Expected: "4"
2026-10-03T05:45:30.0340965Z     Received: "5"
2026-10-03T05:45:30.0341164Z     Timeout:  5000ms
2026-10-03T05:45:30.0341294Z 
2026-10-03T05:45:30.0341378Z     Call log:
2026-10-03T05:45:30.0341734Z       - Expect "toHaveAttribute" locator('#remote-form') with timeout 5000ms
2026-10-03T05:45:30.0342154Z       - waiting for locator('#remote-form')
2026-10-03T05:45:30.0343110Z         14 × locator resolved to <form novalidate="" method="POST" id="remote-form" data-boundary-later="5" data-boundary-bubbling="5" action="?/remote=uo9nm0%2FsaveFieldForm">…</form>
2026-10-03T05:45:30.0344042Z            - unexpected value "5"
2026-10-03T05:45:30.0344222Z 
2026-10-03T05:45:30.0344228Z 
2026-10-03T05:45:30.0344309Z       20 | }
2026-10-03T05:45:30.0344738Z       21 | async function expectLaterListeners(page: Page, count: number) {
2026-10-03T05:45:30.0345421Z     > 22 |   await expect(page.locator('#remote-form')).toHaveAttribute('data-boundary-later', String(count));
2026-10-03T05:45:30.0345946Z          |                                              ^
2026-10-03T05:45:30.0346499Z       23 |   await expect(page.locator('#remote-form')).toHaveAttribute('data-boundary-bubbling', String(count));
2026-10-03T05:45:30.0346972Z       24 | }
2026-10-03T05:45:30.0348117Z       25 | async function expectNextValidSubmit(page: Page, input: ReturnType<Page['locator']>, before: number, requests: string[], previousListeners = 0) {
2026-10-03T05:45:30.0349577Z         at expectLaterListeners (/home/runner/work/base/base/tests/browser/field-form-remote.spec.ts:22:46)
2026-10-03T05:45:30.0350762Z         at /home/runner/work/base/base/tests/browser/field-form-remote.spec.ts:207:38
2026-10-03T05:45:30.0351162Z 
2026-10-03T05:45:30.0351585Z     Error Context: test-results/field-form-remote-acceptan-99429-n-and-the-next-valid-submit/error-context.md
2026-10-03T05:45:30.0352041Z 
2026-10-03T05:45:30.0352487Z     attachment #2: trace (application/zip) ─────────────────────────────────────────────────────────
2026-10-03T05:45:30.0353146Z     test-results/field-form-remote-acceptan-99429-n-and-the-next-valid-submit/trace.zip
2026-10-03T05:45:30.0353595Z     Usage:
2026-10-03T05:45:30.0353707Z 
2026-10-03T05:45:30.0354161Z         pnpm exec playwright show-trace test-results/field-form-remote-acceptan-99429-n-and-the-next-valid-submit/trace.zip
2026-10-03T05:45:30.0354653Z 
2026-10-03T05:45:30.0354998Z     ────────────────────────────────────────────────────────────────────────────────────────────────
2026-10-03T05:45:30.0355271Z 
2026-10-03T05:45:30.0356069Z   4) tests/browser/field-form-remote.spec.ts:185:49 › acceptance Kit native input submitter reflected overrides preserve method action target selection and the next valid submit 
2026-10-03T05:45:30.0356753Z 
2026-10-03T05:45:30.0356944Z     Error: expect(locator).toHaveAttribute(expected) failed
2026-10-03T05:45:30.0357183Z 
2026-10-03T05:45:30.0357312Z     Locator:  locator('#remote-form')
2026-10-03T05:45:30.0357573Z     Expected: "4"
2026-10-03T05:45:30.0357772Z     Received: "5"
2026-10-03T05:45:30.0357967Z     Timeout:  5000ms
2026-10-03T05:45:30.0358102Z 
2026-10-03T05:45:30.0358183Z     Call log:
2026-10-03T05:45:30.0358530Z       - Expect "toHaveAttribute" locator('#remote-form') with timeout 5000ms
2026-10-03T05:45:30.0358947Z       - waiting for locator('#remote-form')
2026-10-03T05:45:30.0359884Z         14 × locator resolved to <form novalidate="" method="POST" id="remote-form" data-boundary-later="5" data-boundary-bubbling="5" action="?/remote=uo9nm0%2FsaveFieldForm">…</form>
2026-10-03T05:45:30.0360947Z            - unexpected value "5"
2026-10-03T05:45:30.0361330Z 
2026-10-03T05:45:30.0361452Z 
2026-10-03T05:45:30.0361541Z       20 | }
2026-10-03T05:45:30.0361881Z       21 | async function expectLaterListeners(page: Page, count: number) {
2026-10-03T05:45:30.0362519Z     > 22 |   await expect(page.locator('#remote-form')).toHaveAttribute('data-boundary-later', String(count));
2026-10-03T05:45:30.0363040Z          |                                              ^
2026-10-03T05:45:30.0363594Z       23 |   await expect(page.locator('#remote-form')).toHaveAttribute('data-boundary-bubbling', String(count));
2026-10-03T05:45:30.0364063Z       24 | }
2026-10-03T05:45:30.0364697Z       25 | async function expectNextValidSubmit(page: Page, input: ReturnType<Page['locator']>, before: number, requests: string[], previousListeners = 0) {
2026-10-03T05:45:30.0365606Z         at expectLaterListeners (/home/runner/work/base/base/tests/browser/field-form-remote.spec.ts:22:46)
2026-10-03T05:45:30.0366284Z         at /home/runner/work/base/base/tests/browser/field-form-remote.spec.ts:207:38
2026-10-03T05:45:30.0366599Z 
2026-10-03T05:45:30.0367012Z     Error Context: test-results/field-form-remote-acceptan-c8244-n-and-the-next-valid-submit/error-context.md
2026-10-03T05:45:30.0367460Z 
2026-10-03T05:45:30.0367870Z     attachment #2: trace (application/zip) ─────────────────────────────────────────────────────────
2026-10-03T05:45:30.0368519Z     test-results/field-form-remote-acceptan-c8244-n-and-the-next-valid-submit/trace.zip
2026-10-03T05:45:30.0368965Z     Usage:
2026-10-03T05:45:30.0369069Z 
2026-10-03T05:45:30.0369524Z         pnpm exec playwright show-trace test-results/field-form-remote-acceptan-c8244-n-and-the-next-valid-submit/trace.zip
2026-10-03T05:45:30.0370012Z 
2026-10-03T05:45:30.0370351Z     ────────────────────────────────────────────────────────────────────────────────────────────────
2026-10-03T05:45:30.0370999Z 
2026-10-03T05:45:30.0371517Z   5) tests/browser/remote-form-api.spec.ts:13:1 › typed remote namespace hydrates and renders one semantic Switch input 
2026-10-03T05:45:30.0372117Z 
2026-10-03T05:45:30.0372391Z     Error: expect(locator).toHaveAttribute(expected) failed
2026-10-03T05:45:30.0372675Z 
2026-10-03T05:45:30.0372877Z     Locator:  getByRole('switch')
2026-10-03T05:45:30.0373399Z     Expected: "false"
2026-10-03T05:45:30.0373744Z     Received: "true"
2026-10-03T05:45:30.0374108Z     Timeout:  5000ms
2026-10-03T05:45:30.0374639Z 
2026-10-03T05:45:30.0374877Z     Call log:
2026-10-03T05:45:30.0375452Z       - Expect "toHaveAttribute" getByRole('switch') with timeout 5000ms
2026-10-03T05:45:30.0376140Z       - waiting for getByRole('switch')
2026-10-03T05:45:30.0377292Z         14 × locator resolved to <span tabindex="0" role="switch" data-dirty="" data-filled="" id="base-ui-s8" data-touched="" data-checked="" aria-checked="true" aria-labelledby="base-ui-s7">…</span>
2026-10-03T05:45:30.0378197Z            - unexpected value "true"
2026-10-03T05:45:30.0378539Z 
2026-10-03T05:45:30.0378545Z 
2026-10-03T05:45:30.0378907Z       33 |   await page.getByRole('button', { name: 'Reset', exact: true }).click();
2026-10-03T05:45:30.0379507Z       34 |   await expect(input).toHaveValue('seed');
2026-10-03T05:45:30.0380180Z     > 35 |   await expect(page.getByRole('switch')).toHaveAttribute('aria-checked', 'false');
2026-10-03T05:45:30.0393903Z          |                                          ^
2026-10-03T05:45:30.0395221Z       36 |   expect(await page.locator('#survey-form').evaluate((node: HTMLFormElement) => new FormData(node).has('b:enabled'))).toBe(false);
2026-10-03T05:45:30.0396497Z       37 |   expect(await value(page, 'changes')).toEqual([{ checked: true, type: 'click' }]);
2026-10-03T05:45:30.0397106Z       38 | });
2026-10-03T05:45:30.0397524Z         at /home/runner/work/base/base/tests/browser/remote-form-api.spec.ts:35:42
2026-10-03T05:45:30.0397861Z 
2026-10-03T05:45:30.0398296Z     Error Context: test-results/remote-form-api-typed-remo-9a745-s-one-semantic-Switch-input/error-context.md
2026-10-03T05:45:30.0399002Z 
2026-10-03T05:45:30.0399899Z     attachment #2: trace (application/zip) ─────────────────────────────────────────────────────────
2026-10-03T05:45:30.0401006Z     test-results/remote-form-api-typed-remo-9a745-s-one-semantic-Switch-input/trace.zip
2026-10-03T05:45:30.0401786Z     Usage:
2026-10-03T05:45:30.0401909Z 
2026-10-03T05:45:30.0402379Z         pnpm exec playwright show-trace test-results/remote-form-api-typed-remo-9a745-s-one-semantic-Switch-input/trace.zip
2026-10-03T05:45:30.0402876Z 
2026-10-03T05:45:30.0403260Z     ────────────────────────────────────────────────────────────────────────────────────────────────
2026-10-03T05:45:30.0403551Z 
2026-10-03T05:45:30.0404146Z   6) tests/browser/remote-form-api.spec.ts:59:39 › remote source cancellation makes zero POST before next valid submission (authored=false) 
2026-10-03T05:45:30.0404672Z 
2026-10-03T05:45:30.0404852Z     Error: expect(locator).toHaveValue(expected) failed
2026-10-03T05:45:30.0405076Z 
2026-10-03T05:45:30.0405238Z     Locator:  locator('input[name="storageType"]')
2026-10-03T05:45:30.0405561Z     Expected: "seed"
2026-10-03T05:45:30.0405781Z     Received: "valid"
2026-10-03T05:45:30.0405996Z     Timeout:  5000ms
2026-10-03T05:45:30.0406126Z 
2026-10-03T05:45:30.0406209Z     Call log:
2026-10-03T05:45:30.0406730Z       - Expect "toHaveValue" locator('input[name="storageType"]') with timeout 5000ms
2026-10-03T05:45:30.0407584Z       - waiting for locator('input[name="storageType"]')
2026-10-03T05:45:30.0409827Z         14 × locator resolved to <input required="" value="seed" data-dirty="" data-valid="" data-filled="" id="base-ui-s1" data-touched="" name="storageType" aria-labelledby="base-ui-s2" aria-describedby="base-ui-s3"/>
2026-10-03T05:45:30.0411155Z            - unexpected value "valid"
2026-10-03T05:45:30.0411485Z 
2026-10-03T05:45:30.0411495Z 
2026-10-03T05:45:30.0411724Z       76 |   expect(requests).toHaveLength(1);
2026-10-03T05:45:30.0412195Z       77 |   expect(await value(page, 'enhancement')).toEqual(['caller', 'settled']);
2026-10-03T05:45:30.0412678Z     > 78 |   await expect(input).toHaveValue('seed');
2026-10-03T05:45:30.0413148Z          |                       ^
2026-10-03T05:45:30.0413612Z       79 |   await expect(page.getByRole('switch')).toHaveAttribute('aria-checked', 'false');
2026-10-03T05:45:30.0414033Z       80 | });
2026-10-03T05:45:30.0414225Z       81 |
2026-10-03T05:45:30.0414592Z         at /home/runner/work/base/base/tests/browser/remote-form-api.spec.ts:78:23
2026-10-03T05:45:30.0414908Z 
2026-10-03T05:45:30.0415324Z     Error Context: test-results/remote-form-api-remote-sou-a38be--submission-authored-false-/error-context.md
2026-10-03T05:45:30.0415777Z 
2026-10-03T05:45:30.0416212Z     attachment #2: trace (application/zip) ─────────────────────────────────────────────────────────
2026-10-03T05:45:30.0416867Z     test-results/remote-form-api-remote-sou-a38be--submission-authored-false-/trace.zip
2026-10-03T05:45:30.0417312Z     Usage:
2026-10-03T05:45:30.0417424Z 
2026-10-03T05:45:30.0417885Z         pnpm exec playwright show-trace test-results/remote-form-api-remote-sou-a38be--submission-authored-false-/trace.zip
2026-10-03T05:45:30.0418591Z 
2026-10-03T05:45:30.0418941Z     ────────────────────────────────────────────────────────────────────────────────────────────────
2026-10-03T05:45:30.0419221Z 
2026-10-03T05:45:30.0419802Z   7) tests/browser/remote-form-api.spec.ts:59:39 › remote source cancellation makes zero POST before next valid submission (authored=true) 
2026-10-03T05:45:30.0420315Z 
2026-10-03T05:45:30.0420763Z     Error: expect(locator).toHaveValue(expected) failed
2026-10-03T05:45:30.0421002Z 
2026-10-03T05:45:30.0421163Z     Locator:  locator('input[name="storageType"]')
2026-10-03T05:45:30.0421463Z     Expected: "seed"
2026-10-03T05:45:30.0421683Z     Received: "valid"
2026-10-03T05:45:30.0421897Z     Timeout:  5000ms
2026-10-03T05:45:30.0422028Z 
2026-10-03T05:45:30.0422106Z     Call log:
2026-10-03T05:45:30.0422485Z       - Expect "toHaveValue" locator('input[name="storageType"]') with timeout 5000ms
2026-10-03T05:45:30.0423154Z       - waiting for locator('input[name="storageType"]')
2026-10-03T05:45:30.0424310Z         14 × locator resolved to <input required="" value="seed" data-valid="" data-dirty="" data-filled="" id="base-ui-s1" data-touched="" name="storageType" aria-labelledby="base-ui-s2" aria-describedby="base-ui-s3"/>
2026-10-03T05:45:30.0425184Z            - unexpected value "valid"
2026-10-03T05:45:30.0425369Z 
2026-10-03T05:45:30.0425375Z 
2026-10-03T05:45:30.0425512Z       76 |   expect(requests).toHaveLength(1);
2026-10-03T05:45:30.0425967Z       77 |   expect(await value(page, 'enhancement')).toEqual(['caller', 'settled']);
2026-10-03T05:45:30.0426414Z     > 78 |   await expect(input).toHaveValue('seed');
2026-10-03T05:45:30.0426719Z          |                       ^
2026-10-03T05:45:30.0427161Z       79 |   await expect(page.getByRole('switch')).toHaveAttribute('aria-checked', 'false');
2026-10-03T05:45:30.0427575Z       80 | });
2026-10-03T05:45:30.0427766Z       81 |
2026-10-03T05:45:30.0428134Z         at /home/runner/work/base/base/tests/browser/remote-form-api.spec.ts:78:23
2026-10-03T05:45:30.0428440Z 
2026-10-03T05:45:30.0428854Z     Error Context: test-results/remote-form-api-remote-sou-a58ca-d-submission-authored-true-/error-context.md
2026-10-03T05:45:30.0429404Z 
2026-10-03T05:45:30.0429879Z     attachment #2: trace (application/zip) ─────────────────────────────────────────────────────────
2026-10-03T05:45:30.0431028Z     test-results/remote-form-api-remote-sou-a58ca-d-submission-authored-true-/trace.zip
2026-10-03T05:45:30.0431755Z     Usage:
2026-10-03T05:45:30.0431919Z 
2026-10-03T05:45:30.0432707Z         pnpm exec playwright show-trace test-results/remote-form-api-remote-sou-a58ca-d-submission-authored-true-/trace.zip
2026-10-03T05:45:30.0433557Z 
2026-10-03T05:45:30.0434157Z     ────────────────────────────────────────────────────────────────────────────────────────────────
2026-10-03T05:45:30.0434641Z 
2026-10-03T05:45:30.0434772Z   7 failed
2026-10-03T05:45:30.0436186Z     tests/browser/field-form-remote.spec.ts:163:89 › acceptance Kit default empty formaction follows remote document despite ordinary base and the next valid submit 
2026-10-03T05:45:30.0438543Z     tests/browser/field-form-remote.spec.ts:163:89 › acceptance Kit formReplacement empty formaction follows remote document despite ordinary base and the next valid submit 
2026-10-03T05:45:30.0441131Z     tests/browser/field-form-remote.spec.ts:185:49 › acceptance Kit native button submitter reflected overrides preserve method action target selection and the next valid submit 
2026-10-03T05:45:30.0443536Z     tests/browser/field-form-remote.spec.ts:185:49 › acceptance Kit native input submitter reflected overrides preserve method action target selection and the next valid submit 
2026-10-03T05:45:30.0445517Z     tests/browser/remote-form-api.spec.ts:13:1 › typed remote namespace hydrates and renders one semantic Switch input 
2026-10-03T05:45:30.0447470Z     tests/browser/remote-form-api.spec.ts:59:39 › remote source cancellation makes zero POST before next valid submission (authored=false) 
2026-10-03T05:45:30.0449495Z     tests/browser/remote-form-api.spec.ts:59:39 › remote source cancellation makes zero POST before next valid submission (authored=true) 
2026-10-03T05:45:30.0450755Z   38 passed (1.6m)
2026-10-03T05:45:30.0642272Z ##[error]Process completed with exit code 1.
2026-10-03T05:45:30.0717707Z ##[group]Run actions/upload-artifact@ea165f8d65b6e75b540449e92b4886f43607fa02
2026-10-03T05:45:30.0718140Z with:
2026-10-03T05:45:30.0718367Z   name: remote-form-api-browser-evidence
2026-10-03T05:45:30.0719073Z   path: .checks/remote-form-api/
test-results/field-form-remote-*/
test-results/remote-form-api-*/
test-results/remote-native-propagation-*/

2026-10-03T05:45:30.0719710Z   if-no-files-found: warn
2026-10-03T05:45:30.0719939Z   retention-days: 14
2026-10-03T05:45:30.0720150Z   compression-level: 6
2026-10-03T05:45:30.0720363Z   overwrite: false
2026-10-03T05:45:30.0720875Z   include-hidden-files: false
2026-10-03T05:45:30.0721131Z env:
2026-10-03T05:45:30.0721362Z   PNPM_HOME: /home/runner/setup-pnpm/node_modules/.bin
2026-10-03T05:45:30.0721660Z ##[endgroup]
2026-10-03T05:45:30.2617939Z (node:4505) [DEP0040] DeprecationWarning: The `punycode` module is deprecated. Please use a userland alternative instead.
2026-10-03T05:45:30.2619159Z (Use `node --trace-deprecation ...` to show where the warning was created)
2026-10-03T05:45:30.2798323Z Multiple search paths detected. Calculating the least common ancestor of all paths
2026-10-03T05:45:30.2801345Z The least common ancestor is /home/runner/work/base/base. This will be the root directory of the artifact
2026-10-03T05:45:30.2802503Z With the provided path, there will be 16 files uploaded
2026-10-03T05:45:30.2821137Z Artifact name is valid!
2026-10-03T05:45:30.2821756Z Root directory input is valid!
2026-10-03T05:45:30.4678433Z Beginning upload of artifact content to blob storage
2026-10-03T05:45:30.5989282Z (node:4505) [DEP0169] DeprecationWarning: `url.parse()` behavior is not standardized and prone to errors that have security implications. Use the WHATWG URL API instead. CVEs are not issued for `url.parse()` vulnerabilities.
2026-10-03T05:45:30.6829770Z Uploaded bytes 2821612
2026-10-03T05:45:30.6995096Z Finished uploading artifact content to blob storage!
2026-10-03T05:45:30.6996525Z SHA256 digest of uploaded artifact zip is 453f592bbc45c8df4dcad92774e10d961891e61225fd6c14d98a6e895e4b9d8d
2026-10-03T05:45:30.6997673Z Finalizing artifact upload
2026-10-03T05:45:30.9322270Z Artifact remote-form-api-browser-evidence.zip successfully finalized. Artifact ID 11266255753
2026-10-03T05:45:30.9324333Z Artifact remote-form-api-browser-evidence has been successfully uploaded! Final size is 2821612 bytes. Artifact ID is 11266255753
2026-10-03T05:45:30.9331681Z Artifact download URL: https://github.com/sveltery/base/actions/runs/37100471734/artifacts/11266255753
2026-10-03T05:45:30.9515146Z Post job cleanup.
2026-10-03T05:45:31.1102039Z Pruning is unnecessary.
2026-10-03T05:45:31.1252004Z Post job cleanup.
2026-10-03T05:45:31.2190895Z [command]/usr/bin/git version
2026-10-03T05:45:31.2242552Z git version 2.55.0
2026-10-03T05:45:31.2286598Z Temporarily overriding HOME='/home/runner/work/_temp/ea9e5dd1-8a0b-40bf-867b-799f7078ba8b' before making global git config changes
2026-10-03T05:45:31.2288096Z Adding repository directory to the temporary git global config as a safe directory
2026-10-03T05:45:31.2292745Z [command]/usr/bin/git config --global --add safe.directory /home/runner/work/base/base
2026-10-03T05:45:31.2330238Z Removing SSH command configuration
2026-10-03T05:45:31.2337950Z [command]/usr/bin/git config --local --name-only --get-regexp core\.sshCommand
2026-10-03T05:45:31.2415179Z [command]/usr/bin/git submodule foreach --recursive sh -c "git config --local --name-only --get-regexp 'core\.sshCommand' && git config --local --unset-all 'core.sshCommand' || :"
2026-10-03T05:45:31.2707277Z Removing HTTP extra header
2026-10-03T05:45:31.2713181Z [command]/usr/bin/git config --local --name-only --get-regexp http\.https\:\/\/github\.com\/\.extraheader
2026-10-03T05:45:31.2757733Z [command]/usr/bin/git submodule foreach --recursive sh -c "git config --local --name-only --get-regexp 'http\.https\:\/\/github\.com\/\.extraheader' && git config --local --unset-all 'http.https://github.com/.extraheader' || :"
2026-10-03T05:45:31.3042794Z Removing includeIf entries pointing to credentials config files
2026-10-03T05:45:31.3053126Z [command]/usr/bin/git config --local --name-only --get-regexp ^includeIf\.gitdir:
2026-10-03T05:45:31.3099425Z [command]/usr/bin/git submodule foreach --recursive git config --local --show-origin --name-only --get-regexp remote.origin.url
2026-10-03T05:45:31.3546746Z Cleaning up orphan processes
2026-10-03T05:45:31.3918145Z ##[warning]Node.js 20 is deprecated. The following actions target Node.js 20 but are being forced to run on Node.js 24: actions/upload-artifact@ea165f8d65b6e75b540449e92b4886f43607fa02. For more information see: https://github.blog/changelog/2025-09-19-deprecation-of-node-20-on-github-actions-runners/
