2026-10-03T04:33:53.2815145Z Running 47 tests using 1 worker
2026-10-03T04:33:53.2815395Z 
2026-10-03T04:33:55.4029260Z   ✓   1 tests/browser/boolean-controls.spec.ts:34:5 › Svelte switch native click owns one checked Field, labels and successful controls (1.8s)
2026-10-03T04:33:55.9123653Z   ✓   2 tests/browser/boolean-controls.spec.ts:71:5 › Svelte switch canceled checked activation records the native input phase and Field state (504ms)
2026-10-03T04:33:56.7488614Z   ✓   3 tests/browser/boolean-controls.spec.ts:89:5 › Svelte switch controlled owner and required validation preserve boolean registration (831ms)
2026-10-03T04:33:57.3089697Z   ✓   4 tests/browser/boolean-controls.spec.ts:109:5 › Svelte switch source external errors clear on accepted checked change and registration cleans up (553ms)
2026-10-03T04:33:57.7317264Z   ✓   5 tests/browser/boolean-controls.spec.ts:125:5 › Svelte switch keyboard Space checks root and Enter follows component semantics (416ms)
2026-10-03T04:33:58.1779713Z   ✓   6 tests/browser/boolean-controls.spec.ts:141:5 › Svelte switch custom native button has one hidden input and keyboard activation (440ms)
2026-10-03T04:33:58.8837643Z   ✓   7 tests/browser/boolean-controls.spec.ts:159:5 › Svelte switch readonly and disabled controls exclude checked changes (700ms)
2026-10-03T04:33:59.6754973Z   ✓   8 tests/browser/boolean-controls.spec.ts:170:5 › Svelte switch authored native defaults and reset have an explicit framework boundary (786ms)
2026-10-03T04:34:00.4085747Z   ✓   9 tests/browser/boolean-controls.spec.ts:212:5 › Svelte switch canceled form reset and rejected controlled owner are measured (726ms)
2026-10-03T04:34:00.8758070Z   ✓  10 tests/browser/boolean-controls.spec.ts:34:5 › Svelte checkbox native click owns one checked Field, labels and successful controls (462ms)
2026-10-03T04:34:01.3779142Z   ✓  11 tests/browser/boolean-controls.spec.ts:71:5 › Svelte checkbox canceled checked activation records the native input phase and Field state (496ms)
2026-10-03T04:34:02.1096683Z   ✓  12 tests/browser/boolean-controls.spec.ts:89:5 › Svelte checkbox controlled owner and required validation preserve boolean registration (725ms)
2026-10-03T04:34:02.6247294Z   ✓  13 tests/browser/boolean-controls.spec.ts:109:5 › Svelte checkbox source external errors clear on accepted checked change and registration cleans up (508ms)
2026-10-03T04:34:03.1079582Z   ✓  14 tests/browser/boolean-controls.spec.ts:125:5 › Svelte checkbox keyboard Space checks root and Enter follows component semantics (477ms)
2026-10-03T04:34:03.5634460Z   ✓  15 tests/browser/boolean-controls.spec.ts:141:5 › Svelte checkbox custom native button has one hidden input and keyboard activation (448ms)
2026-10-03T04:34:04.2813133Z   ✓  16 tests/browser/boolean-controls.spec.ts:159:5 › Svelte checkbox readonly and disabled controls exclude checked changes (712ms)
2026-10-03T04:34:05.2762765Z   ✓  17 tests/browser/boolean-controls.spec.ts:170:5 › Svelte checkbox authored native defaults and reset have an explicit framework boundary (988ms)
2026-10-03T04:34:06.1078016Z   ✓  18 tests/browser/boolean-controls.spec.ts:212:5 › Svelte checkbox canceled form reset and rejected controlled owner are measured (827ms)
2026-10-03T04:34:07.2434371Z   ✓  19 tests/browser/boolean-controls.spec.ts:34:5 › React19.2.8 switch native click owns one checked Field, labels and successful controls (1.1s)
2026-10-03T04:34:08.3789363Z   ✓  20 tests/browser/boolean-controls.spec.ts:71:5 › React19.2.8 switch canceled checked activation records the native input phase and Field state (1.1s)
2026-10-03T04:34:09.9248045Z   ✓  21 tests/browser/boolean-controls.spec.ts:89:5 › React19.2.8 switch controlled owner and required validation preserve boolean registration (1.5s)
2026-10-03T04:34:11.1084974Z   ✓  22 tests/browser/boolean-controls.spec.ts:109:5 › React19.2.8 switch source external errors clear on accepted checked change and registration cleans up (1.2s)
2026-10-03T04:34:12.1756755Z   ✓  23 tests/browser/boolean-controls.spec.ts:125:5 › React19.2.8 switch keyboard Space checks root and Enter follows component semantics (1.1s)
2026-10-03T04:34:13.2931896Z   ✓  24 tests/browser/boolean-controls.spec.ts:141:5 › React19.2.8 switch custom native button has one hidden input and keyboard activation (1.1s)
2026-10-03T04:34:14.6683022Z   ✓  25 tests/browser/boolean-controls.spec.ts:159:5 › React19.2.8 switch readonly and disabled controls exclude checked changes (1.4s)
2026-10-03T04:34:15.7099193Z   ✓  26 tests/browser/boolean-controls.spec.ts:170:5 › React19.2.8 switch authored native defaults and reset have an explicit framework boundary (1.0s)
2026-10-03T04:34:17.1092468Z   ✓  27 tests/browser/boolean-controls.spec.ts:212:5 › React19.2.8 switch canceled form reset and rejected controlled owner are measured (1.4s)
2026-10-03T04:34:18.1624493Z   ✓  28 tests/browser/boolean-controls.spec.ts:34:5 › React19.2.8 checkbox native click owns one checked Field, labels and successful controls (1.0s)
2026-10-03T04:34:19.2643695Z   ✓  29 tests/browser/boolean-controls.spec.ts:71:5 › React19.2.8 checkbox canceled checked activation records the native input phase and Field state (1.1s)
2026-10-03T04:34:20.8423969Z   ✓  30 tests/browser/boolean-controls.spec.ts:89:5 › React19.2.8 checkbox controlled owner and required validation preserve boolean registration (1.6s)
2026-10-03T04:34:22.0403703Z   ✓  31 tests/browser/boolean-controls.spec.ts:109:5 › React19.2.8 checkbox source external errors clear on accepted checked change and registration cleans up (1.2s)
2026-10-03T04:34:23.1141039Z   ✓  32 tests/browser/boolean-controls.spec.ts:125:5 › React19.2.8 checkbox keyboard Space checks root and Enter follows component semantics (1.1s)
2026-10-03T04:34:24.1280957Z   ✓  33 tests/browser/boolean-controls.spec.ts:141:5 › React19.2.8 checkbox custom native button has one hidden input and keyboard activation (1.0s)
2026-10-03T04:34:25.5291568Z   ✓  34 tests/browser/boolean-controls.spec.ts:159:5 › React19.2.8 checkbox readonly and disabled controls exclude checked changes (1.4s)
2026-10-03T04:34:27.0463618Z   ✓  35 tests/browser/boolean-controls.spec.ts:170:5 › React19.2.8 checkbox authored native defaults and reset have an explicit framework boundary (1.5s)
2026-10-03T04:34:28.5891008Z   ✓  36 tests/browser/boolean-controls.spec.ts:212:5 › React19.2.8 checkbox canceled form reset and rejected controlled owner are measured (1.5s)
2026-10-03T04:34:29.0918431Z   ✓  37 tests/browser/boolean-controls.spec.ts:249:3 › Svelte CheckboxGroup retains owned selection while native reset changes successful values (497ms)
2026-10-03T04:34:29.5910243Z   ✓  38 tests/browser/boolean-controls.spec.ts:270:3 › Svelte CheckboxGroup parent and children share one array Field registration (493ms)
2026-10-03T04:34:30.1854004Z   ✓  39 tests/browser/boolean-controls.spec.ts:289:3 › Svelte ancestor default prevention cancels Checkbox Enter submission (588ms)
2026-10-03T04:34:30.8192725Z   ✓  40 tests/browser/boolean-controls.spec.ts:301:3 › Svelte actual stopPropagation native boundary is recorded separately (628ms)
2026-10-03T04:34:31.2670719Z   ✓  41 tests/browser/boolean-controls.spec.ts:319:3 › Svelte later native window handler cannot retroactively change Svelte submission (442ms)
2026-10-03T04:34:32.3262856Z   ✓  42 tests/browser/boolean-controls.spec.ts:249:3 › React19.2.8 CheckboxGroup retains owned selection while native reset changes successful values (1.1s)
2026-10-03T04:34:32.9687311Z   ✓  43 tests/browser/boolean-controls.spec.ts:270:3 › React19.2.8 CheckboxGroup parent and children share one array Field registration (634ms)
2026-10-03T04:34:34.0169788Z   ✓  44 tests/browser/boolean-controls.spec.ts:289:3 › React19.2.8 ancestor default prevention cancels Checkbox Enter submission (1.0s)
2026-10-03T04:34:35.3009696Z   ✓  45 tests/browser/boolean-controls.spec.ts:301:3 › React19.2.8 actual stopPropagation native boundary is recorded separately (1.3s)
2026-10-03T04:34:36.3713995Z   ✓  46 tests/browser/boolean-controls.spec.ts:319:3 › React19.2.8 later native window handler cannot retroactively change Svelte submission (1.1s)
2026-10-03T04:34:36.8786290Z   ✓  47 tests/browser/boolean-controls.spec.ts:332:1 › literal Svelte binding measures canceled native reset button separately from imperative reset (501ms)
2026-10-03T04:34:36.9807364Z 
2026-10-03T04:34:36.9809918Z   47 passed (45.5s)
