
Running 46 tests using 1 worker

NumberField secured Chromium 153.0.8010.12, workers=1, retries=0
  ✓   1 tests/browser/number-field.spec.ts:14:3 › react source native controls preserve label, logical registry and numeric serialization (2.2s)
  ✓   2 tests/browser/number-field.spec.ts:24:3 › react source dirty text clamps numeric state and blur commits the stored value (1.1s)
  ✓   3 tests/browser/number-field.spec.ts:32:3 › react source allowOutOfRange preserves direct entry and still clamps keyboard steps (1.0s)
  ✓   4 tests/browser/number-field.spec.ts:38:3 › react source modifiers, bounds and boundary no-op commit order (1.3s)
  ✓   5 tests/browser/number-field.spec.ts:45:3 › react source cancellation suppresses keyboard changes and commits (1.2s)
  ✓   6 tests/browser/number-field.spec.ts:50:3 › react source controlled owner accepts changes and external replacements (1.1s)
  ✓   7 tests/browser/number-field.spec.ts:54:3 › react source controlled owner rejects keyboard changes (1.0s)
  ✓   8 tests/browser/number-field.spec.ts:58:3 › react source focus/blur and stepping retain precision beyond display rounding (1.1s)
  ✓   9 tests/browser/number-field.spec.ts:64:3 › react source empty negative range seeds the value nearest zero (1.2s)
  ✓  10 tests/browser/number-field.spec.ts:69:52 › react source readonly blocks wheel, pointer and keyboard changes (1.3s)
  ✓  11 tests/browser/number-field.spec.ts:69:52 › react source disabled blocks wheel, pointer and keyboard changes (1.0s)
  ✓  12 tests/browser/number-field.spec.ts:76:3 › react source wheel discrete commits ignore pinch and horizontal gestures (1.0s)
  ✓  13 tests/browser/number-field.spec.ts:83:3 › react source held pointer changes repeat and release commits once (1.9s)
  ✓  14 tests/browser/number-field.spec.ts:90:3 › react source paste splices the selection and restores the caret (1.0s)
  ✓  15 tests/browser/number-field.spec.ts:96:51 › react source currency formatted strings parse to numeric submission (1.0s)
  ✓  16 tests/browser/number-field.spec.ts:96:51 › react source percent formatted strings parse to numeric submission (1.0s)
  ✓  17 tests/browser/number-field.spec.ts:101:3 › react source required and custom Field validation focus the visible input (1.8s)
  ✓  18 tests/browser/number-field.spec.ts:107:3 › react source external native form owns the hidden numeric input (1.2s)
  ✓  19 tests/browser/number-field.spec.ts:111:3 › react source replacement hosts preserve numeric state and ref cleanup (1.1s)
  ✓  20 tests/browser/number-field.spec.ts:117:3 › react source scrub uses actual movement and pointer release commits once (1.0s)
  ✓  21 tests/browser/number-field.spec.ts:129:3 › react native prevented text edits retain each renderer's visible value (946ms)
  ✓  22 tests/browser/number-field.spec.ts:14:3 › svelte source native controls preserve label, logical registry and numeric serialization (550ms)
  ✓  23 tests/browser/number-field.spec.ts:24:3 › svelte source dirty text clamps numeric state and blur commits the stored value (535ms)
  ✓  24 tests/browser/number-field.spec.ts:32:3 › svelte source allowOutOfRange preserves direct entry and still clamps keyboard steps (572ms)
  ✓  25 tests/browser/number-field.spec.ts:38:3 › svelte source modifiers, bounds and boundary no-op commit order (571ms)
  ✓  26 tests/browser/number-field.spec.ts:45:3 › svelte source cancellation suppresses keyboard changes and commits (521ms)
  ✓  27 tests/browser/number-field.spec.ts:50:3 › svelte source controlled owner accepts changes and external replacements (1.0s)
  ✓  28 tests/browser/number-field.spec.ts:54:3 › svelte source controlled owner rejects keyboard changes (945ms)
  ✓  29 tests/browser/number-field.spec.ts:58:3 › svelte source focus/blur and stepping retain precision beyond display rounding (618ms)
  ✓  30 tests/browser/number-field.spec.ts:64:3 › svelte source empty negative range seeds the value nearest zero (532ms)
  ✓  31 tests/browser/number-field.spec.ts:69:52 › svelte source readonly blocks wheel, pointer and keyboard changes (582ms)
  ✓  32 tests/browser/number-field.spec.ts:69:52 › svelte source disabled blocks wheel, pointer and keyboard changes (534ms)
  ✓  33 tests/browser/number-field.spec.ts:76:3 › svelte source wheel discrete commits ignore pinch and horizontal gestures (548ms)
  ✓  34 tests/browser/number-field.spec.ts:83:3 › svelte source held pointer changes repeat and release commits once (1.4s)
  ✓  35 tests/browser/number-field.spec.ts:90:3 › svelte source paste splices the selection and restores the caret (516ms)
  ✓  36 tests/browser/number-field.spec.ts:96:51 › svelte source currency formatted strings parse to numeric submission (569ms)
  ✓  37 tests/browser/number-field.spec.ts:96:51 › svelte source percent formatted strings parse to numeric submission (543ms)
  ✓  38 tests/browser/number-field.spec.ts:101:3 › svelte source required and custom Field validation focus the visible input (844ms)
  ✓  39 tests/browser/number-field.spec.ts:107:3 › svelte source external native form owns the hidden numeric input (545ms)
  ✓  40 tests/browser/number-field.spec.ts:111:3 › svelte source replacement hosts preserve numeric state and ref cleanup (567ms)
  ✓  41 tests/browser/number-field.spec.ts:117:3 › svelte source scrub uses actual movement and pointer release commits once (530ms)
  ✓  42 tests/browser/number-field.spec.ts:129:3 › svelte native prevented text edits retain each renderer's visible value (522ms)
  ✓  43 tests/browser/number-field.spec.ts:138:1 › Svelte native SSR hydration retains value, labels, IDs and emits no hydration warning (519ms)
  ✓  44 tests/browser/number-field.spec.ts:144:1 › Svelte actual Kit typed Form namespace composes authored source NumberField with native descriptor names and owner values (2.2s)
  ✓  45 tests/browser/number-field.spec.ts:155:1 › Svelte actual Kit invalid and canceled source submissions emit zero POSTs and a later valid submit emits one (1.2s)
  ✓  46 tests/browser/number-field.spec.ts:165:1 › Svelte actual Kit source change cancellation retains owner and live server issues remain Field-owned (1.2s)

  46 passed (48.5s)
