✔ complete original Menu family runtime and test/helper archives preserve the immutable pin (367.537575ms)
✖ current Menu family reachability resolves actual native counterparts while preserving historical provenance without new acceptance credit (123.788792ms)
✔ Original assertion declarations and conformance stay independently uncredited (11.459219ms)
✔ native rendering retirement preserves every exact predecessor body and Source declaration scope (74.544387ms)
✔ live public native rendering excludes the retired root/subpath API and keeps real secured acceptance (2.840911ms)
✔ actual current native Source import graph and retirement exclusions remain coherent (2011.861684ms)
ℹ tests 6
ℹ suites 0
ℹ pass 5
ℹ fail 1
ℹ cancelled 0
ℹ skipped 0
ℹ todo 0
ℹ duration_ms 3101.287011

✖ failing tests:

test at scripts/tests/menu-family-provenance.test.mjs:35:1
✖ current Menu family reachability resolves actual native counterparts while preserving historical provenance without new acceptance credit (123.788792ms)
  AssertionError [ERR_ASSERTION]: Current native family projection is stale
  + actual - expected
  ... Skipped lines
  
    {
      'menu-family': {
        external: [
          'external:@floating-ui/dom',
          'external:@floating-ui/utils',
  ...
          path: 'parity/native-snippets/native-graph.json',
  +       sha256: '5dfb01f21528cd00ea215a2ea027ee04187f9e3da98f9d68333a3deae9385d2c'
  -       sha256: '181d2a3ba4267cb600628121b1236437ddd8dcff17c9249671eadd23f320974d'
        },
        hostComposition: {
          contracts: [
            {
              local: 'packages/base/src/lib/context-menu/Trigger.svelte',
  ...
          path: 'parity/native-snippets/native-graph.json',
  +       sha256: '5dfb01f21528cd00ea215a2ea027ee04187f9e3da98f9d68333a3deae9385d2c'
  -       sha256: '181d2a3ba4267cb600628121b1236437ddd8dcff17c9249671eadd23f320974d'
        },
        hostComposition: {
          contracts: [
            {
              local: 'packages/base/src/lib/internals/composite/item/CompositeItem.svelte',
  
      at verifyCurrentFamilyProjections (file:///workspace/scratch/2bab9a276da0/number-field-integration/scripts/native-family-projection.mjs:177:10)
      at TestContext.<anonymous> (file:///workspace/scratch/2bab9a276da0/number-field-integration/scripts/tests/menu-family-provenance.test.mjs:36:3)
      at Test.runInAsyncScope (node:async_hooks:227:14)
      at Test.run (node:internal/test_runner/test:1382:25)
      at Test.processPendingSubtests (node:internal/test_runner/test:960:18)
      at Test.postRun (node:internal/test_runner/test:1522:19)
      at Test.run (node:internal/test_runner/test:1447:12)
      at async startSubtestAfterBootstrap (node:internal/test_runner/harness:387:3) {
    generatedMessage: false,
    code: 'ERR_ASSERTION',
    actual: { 'toggle-toolbar': { pin: '47b40521eab921c2756bf9bdb0b0f07fbfdb8c8c', scope: 'Conservative current runtime-or-mixed/type reachability over the exact public native graph. This projection neither classifies AST-only execution edges nor grants Source review, assertion or receipt credit.', roots: [Array], graph: [Object], predecessor: [Object], originalGraph: [Object], modules: [Array], external: [Array], records: [Array], nativeRepresentationModules: [Array], hostComposition: [Object], unchangedParityCredit: 0 }, 'menu-family': { pin: '47b40521eab921c2756bf9bdb0b0f07fbfdb8c8c', scope: 'Conservative current runtime-or-mixed/type reachability over the exact public native graph. This projection neither classifies AST-only execution edges nor grants Source review, assertion or receipt credit.', roots: [Array], graph: [Object], predecessor: [Object], originalGraph: [Object], modules: [Array], external: [Array], records: [Array], nativeRepresentationModules: [Array], hostComposition: [Object], unchangedParityCredit: 0 } },
    expected: { 'toggle-toolbar': { pin: '47b40521eab921c2756bf9bdb0b0f07fbfdb8c8c', scope: 'Conservative current runtime-or-mixed/type reachability over the exact public native graph. This projection neither classifies AST-only execution edges nor grants Source review, assertion or receipt credit.', roots: [Array], graph: [Object], predecessor: [Object], originalGraph: [Object], modules: [Array], external: [Array], records: [Array], nativeRepresentationModules: [Array], hostComposition: [Object], unchangedParityCredit: 0 }, 'menu-family': { pin: '47b40521eab921c2756bf9bdb0b0f07fbfdb8c8c', scope: 'Conservative current runtime-or-mixed/type reachability over the exact public native graph. This projection neither classifies AST-only execution edges nor grants Source review, assertion or receipt credit.', roots: [Array], graph: [Object], predecessor: [Object], originalGraph: [Object], modules: [Array], external: [Array], records: [Array], nativeRepresentationModules: [Array], hostComposition: [Object], unchangedParityCredit: 0 } },
    operator: 'deepStrictEqual',
    diff: 'simple'
  }
