✖ matching pnpm builds native packages after the frozen bootstrap install (0.869216ms)
✖ replaces default pnpm 11 for direct and nested package-script commands (0.147574ms)
✖ Corepack fallback builds native packages after the frozen bootstrap install (0.117718ms)
✖ rejects mismatched pnpm without Corepack before running commands (0.149797ms)
✖ rejects a fallback that fails to select the pinned version (0.125059ms)
ℹ tests 5
ℹ suites 0
ℹ pass 0
ℹ fail 5
ℹ cancelled 0
ℹ skipped 0
ℹ todo 0
ℹ duration_ms 197.599495

✖ failing tests:

test at scripts/tests/toolchain.test.mjs:67:1
✖ matching pnpm builds native packages after the frozen bootstrap install (0.869216ms)
  Error: ENOENT: no such file or directory, mkdtemp '/tmp/sveltery-toolchain-test.XXXXXX'
      at mkdtempSync (node:fs:3111:18)
      at run (file:///workspace/scratch/2bab9a276da0/number-field-integration/scripts/tests/toolchain.test.mjs:20:19)
      at TestContext.<anonymous> (file:///workspace/scratch/2bab9a276da0/number-field-integration/scripts/tests/toolchain.test.mjs:68:18)
      at Test.runInAsyncScope (node:async_hooks:227:14)
      at Test.run (node:internal/test_runner/test:1382:25)
      at Test.start (node:internal/test_runner/test:1242:17)
      at startSubtestAfterBootstrap (node:internal/test_runner/harness:387:17) {
    errno: -2,
    code: 'ENOENT',
    syscall: 'mkdtemp',
    path: '/tmp/sveltery-toolchain-test.XXXXXX'
  }

test at scripts/tests/toolchain.test.mjs:73:1
✖ replaces default pnpm 11 for direct and nested package-script commands (0.147574ms)
  Error: ENOENT: no such file or directory, mkdtemp '/tmp/sveltery-toolchain-test.XXXXXX'
      at mkdtempSync (node:fs:3111:18)
      at run (file:///workspace/scratch/2bab9a276da0/number-field-integration/scripts/tests/toolchain.test.mjs:20:19)
      at TestContext.<anonymous> (file:///workspace/scratch/2bab9a276da0/number-field-integration/scripts/tests/toolchain.test.mjs:74:18)
      at Test.runInAsyncScope (node:async_hooks:227:14)
      at Test.run (node:internal/test_runner/test:1382:25)
      at Test.processPendingSubtests (node:internal/test_runner/test:960:18)
      at Test.postRun (node:internal/test_runner/test:1522:19)
      at Test.run (node:internal/test_runner/test:1447:12)
      at async startSubtestAfterBootstrap (node:internal/test_runner/harness:387:3) {
    errno: -2,
    code: 'ENOENT',
    syscall: 'mkdtemp',
    path: '/tmp/sveltery-toolchain-test.XXXXXX'
  }

test at scripts/tests/toolchain.test.mjs:79:1
✖ Corepack fallback builds native packages after the frozen bootstrap install (0.117718ms)
  Error: ENOENT: no such file or directory, mkdtemp '/tmp/sveltery-toolchain-test.XXXXXX'
      at mkdtempSync (node:fs:3111:18)
      at run (file:///workspace/scratch/2bab9a276da0/number-field-integration/scripts/tests/toolchain.test.mjs:20:19)
      at TestContext.<anonymous> (file:///workspace/scratch/2bab9a276da0/number-field-integration/scripts/tests/toolchain.test.mjs:80:18)
      at Test.runInAsyncScope (node:async_hooks:227:14)
      at Test.run (node:internal/test_runner/test:1382:25)
      at Test.processPendingSubtests (node:internal/test_runner/test:960:18)
      at Test.postRun (node:internal/test_runner/test:1522:19)
      at Test.run (node:internal/test_runner/test:1447:12)
      at async Test.processPendingSubtests (node:internal/test_runner/test:960:7) {
    errno: -2,
    code: 'ENOENT',
    syscall: 'mkdtemp',
    path: '/tmp/sveltery-toolchain-test.XXXXXX'
  }

test at scripts/tests/toolchain.test.mjs:88:1
✖ rejects mismatched pnpm without Corepack before running commands (0.149797ms)
  Error: ENOENT: no such file or directory, mkdtemp '/tmp/sveltery-toolchain-test.XXXXXX'
      at mkdtempSync (node:fs:3111:18)
      at run (file:///workspace/scratch/2bab9a276da0/number-field-integration/scripts/tests/toolchain.test.mjs:20:19)
      at TestContext.<anonymous> (file:///workspace/scratch/2bab9a276da0/number-field-integration/scripts/tests/toolchain.test.mjs:89:18)
      at Test.runInAsyncScope (node:async_hooks:227:14)
      at Test.run (node:internal/test_runner/test:1382:25)
      at Test.processPendingSubtests (node:internal/test_runner/test:960:18)
      at Test.postRun (node:internal/test_runner/test:1522:19)
      at Test.run (node:internal/test_runner/test:1447:12)
      at async Test.processPendingSubtests (node:internal/test_runner/test:960:7) {
    errno: -2,
    code: 'ENOENT',
    syscall: 'mkdtemp',
    path: '/tmp/sveltery-toolchain-test.XXXXXX'
  }

test at scripts/tests/toolchain.test.mjs:95:1
✖ rejects a fallback that fails to select the pinned version (0.125059ms)
  Error: ENOENT: no such file or directory, mkdtemp '/tmp/sveltery-toolchain-test.XXXXXX'
      at mkdtempSync (node:fs:3111:18)
      at run (file:///workspace/scratch/2bab9a276da0/number-field-integration/scripts/tests/toolchain.test.mjs:20:19)
      at TestContext.<anonymous> (file:///workspace/scratch/2bab9a276da0/number-field-integration/scripts/tests/toolchain.test.mjs:96:18)
      at Test.runInAsyncScope (node:async_hooks:227:14)
      at Test.run (node:internal/test_runner/test:1382:25)
      at Test.processPendingSubtests (node:internal/test_runner/test:960:18)
      at Test.postRun (node:internal/test_runner/test:1522:19)
      at Test.run (node:internal/test_runner/test:1447:12)
      at async Test.processPendingSubtests (node:internal/test_runner/test:960:7) {
    errno: -2,
    code: 'ENOENT',
    syscall: 'mkdtemp',
    path: '/tmp/sveltery-toolchain-test.XXXXXX'
  }
