2026-10-06T20:53:01.3691471Z Current runner version: '2.337.0'
2026-10-06T20:53:01.3719538Z ##[group]Runner Image Provisioner
2026-10-06T20:53:01.3720442Z Hosted Compute Agent
2026-10-06T20:53:01.3721081Z Version: 20260901.588
2026-10-06T20:53:01.3721873Z Commit: f88ec8081b781fac6c440065ac7ff9e710ce3d0b
2026-10-06T20:53:01.3722646Z Build Date: 2026-09-01T19:56:44Z
2026-10-06T20:53:01.3723437Z Worker ID: {1d333bfa-8d7b-4a4e-bf7a-3257b2ca8c3f}
2026-10-06T20:53:01.3724261Z Azure Region: northcentralus
2026-10-06T20:53:01.3724941Z ##[endgroup]
2026-10-06T20:53:01.3726471Z ##[group]Operating System
2026-10-06T20:53:01.3727225Z Ubuntu
2026-10-06T20:53:01.3727868Z 22.04.5
2026-10-06T20:53:01.3728743Z LTS
2026-10-06T20:53:01.3729344Z ##[endgroup]
2026-10-06T20:53:01.3730038Z ##[group]Runner Image
2026-10-06T20:53:01.3730709Z Image: ubuntu-22.04
2026-10-06T20:53:01.3731307Z Version: 20260927.309.1
2026-10-06T20:53:01.3732778Z Included Software: https://github.com/actions/runner-images/blob/ubuntu22/20260927.309/images/ubuntu/Ubuntu2204-Readme.md
2026-10-06T20:53:01.3734447Z Image Release: https://github.com/actions/runner-images/releases/tag/ubuntu22%2F20260927.309
2026-10-06T20:53:01.3735501Z ##[endgroup]
2026-10-06T20:53:01.3736763Z ##[group]GITHUB_TOKEN Permissions
2026-10-06T20:53:01.3739375Z Contents: read
2026-10-06T20:53:01.3740007Z Metadata: read
2026-10-06T20:53:01.3740737Z ##[endgroup]
2026-10-06T20:53:01.3742962Z Secret source: Actions
2026-10-06T20:53:01.3744125Z Cache mode: write
2026-10-06T20:53:01.3744871Z Prepare workflow directory
2026-10-06T20:53:01.4160196Z Prepare all required actions
2026-10-06T20:53:01.4210618Z Getting action download info
2026-10-06T20:53:01.6980502Z Download action repository 'actions/checkout@d23441a48e516b6c34aea4fa41551a30e30af803' (SHA:d23441a48e516b6c34aea4fa41551a30e30af803)
2026-10-06T20:53:01.9188935Z Download action repository 'pnpm/action-setup@fc06bc1257f339d1d5d8b3a19a8cae5388b55320' (SHA:fc06bc1257f339d1d5d8b3a19a8cae5388b55320)
2026-10-06T20:53:02.3053503Z Download action repository 'actions/setup-node@249970729cb0ef3589644e2896645e5dc5ba9c38' (SHA:249970729cb0ef3589644e2896645e5dc5ba9c38)
2026-10-06T20:53:02.4765859Z Download action repository 'actions/upload-artifact@ea165f8d65b6e75b540449e92b4886f43607fa02' (SHA:ea165f8d65b6e75b540449e92b4886f43607fa02)
2026-10-06T20:53:02.7343473Z Complete job name: Private leaves installed types SSR hydration secured browser
2026-10-06T20:53:02.8290693Z ##[group]Run actions/checkout@d23441a48e516b6c34aea4fa41551a30e30af803
2026-10-06T20:53:02.8292309Z with:
2026-10-06T20:53:02.8293195Z   ref: 9ed64b87854771663d2cf8f64704cd7598828074
2026-10-06T20:53:02.8294227Z   persist-credentials: false
2026-10-06T20:53:02.8295126Z   repository: sveltery/base
2026-10-06T20:53:02.8304035Z   token: ***
2026-10-06T20:53:02.8304711Z   ssh-strict: true
2026-10-06T20:53:02.8305533Z   ssh-user: git
2026-10-06T20:53:02.8306217Z   clean: true
2026-10-06T20:53:02.8306996Z   sparse-checkout-cone-mode: true
2026-10-06T20:53:02.8307899Z   fetch-depth: 1
2026-10-06T20:53:02.8308787Z   fetch-tags: false
2026-10-06T20:53:02.8309762Z   show-progress: true
2026-10-06T20:53:02.8310512Z   lfs: false
2026-10-06T20:53:02.8311250Z   submodules: false
2026-10-06T20:53:02.8312012Z   set-safe-directory: true
2026-10-06T20:53:02.8312890Z   allow-unsafe-pr-checkout: false
2026-10-06T20:53:02.8314208Z env:
2026-10-06T20:53:02.8315101Z   NODE_OPTIONS: --max-old-space-size=768
2026-10-06T20:53:02.8316106Z ##[endgroup]
2026-10-06T20:53:02.9507940Z Syncing repository: sveltery/base
2026-10-06T20:53:02.9511304Z ##[group]Getting Git version info
2026-10-06T20:53:02.9512643Z Working directory is '/home/runner/work/base/base'
2026-10-06T20:53:02.9514653Z [command]/usr/bin/git version
2026-10-06T20:53:02.9515648Z git version 2.55.0
2026-10-06T20:53:02.9518985Z ##[endgroup]
2026-10-06T20:53:02.9535066Z Temporarily overriding HOME='/home/runner/work/_temp/afe20d18-d12a-4b44-a9d9-ba83954b239a' before making global git config changes
2026-10-06T20:53:02.9540319Z Adding repository directory to the temporary git global config as a safe directory
2026-10-06T20:53:02.9544303Z [command]/usr/bin/git config --global --add safe.directory /home/runner/work/base/base
2026-10-06T20:53:02.9601581Z Deleting the contents of '/home/runner/work/base/base'
2026-10-06T20:53:02.9605857Z ##[group]Determining repository object format
2026-10-06T20:53:02.9607941Z ##[endgroup]
2026-10-06T20:53:02.9609531Z ##[group]Initializing the repository
2026-10-06T20:53:02.9612817Z [command]/usr/bin/git init /home/runner/work/base/base
2026-10-06T20:53:02.9723557Z hint: Using 'master' as the name for the initial branch. This default branch name
2026-10-06T20:53:02.9726497Z hint: will change to "main" in Git 3.0. To configure the initial branch name
2026-10-06T20:53:02.9729265Z hint: to use in all of your new repositories, which will suppress this warning,
2026-10-06T20:53:02.9731306Z hint: call:
2026-10-06T20:53:02.9732469Z hint:
2026-10-06T20:53:02.9733610Z hint: 	git config --global init.defaultBranch <name>
2026-10-06T20:53:02.9734902Z hint:
2026-10-06T20:53:02.9736161Z hint: Names commonly chosen instead of 'master' are 'main', 'trunk' and
2026-10-06T20:53:02.9738780Z hint: 'development'. The just-created branch can be renamed via this command:
2026-10-06T20:53:02.9740366Z hint:
2026-10-06T20:53:02.9740915Z hint: 	git branch -m <name>
2026-10-06T20:53:02.9741536Z hint:
2026-10-06T20:53:02.9742492Z hint: Disable this message with "git config set advice.defaultBranchName false"
2026-10-06T20:53:02.9744495Z Initialized empty Git repository in /home/runner/work/base/base/.git/
2026-10-06T20:53:02.9747036Z [command]/usr/bin/git remote add origin https://github.com/sveltery/base
2026-10-06T20:53:02.9796370Z ##[endgroup]
2026-10-06T20:53:02.9797864Z ##[group]Disabling automatic garbage collection
2026-10-06T20:53:02.9801195Z [command]/usr/bin/git config --local gc.auto 0
2026-10-06T20:53:02.9841582Z ##[endgroup]
2026-10-06T20:53:02.9844081Z ##[group]Setting up auth
2026-10-06T20:53:02.9845725Z Removing SSH command configuration
2026-10-06T20:53:02.9851760Z [command]/usr/bin/git config --local --name-only --get-regexp core\.sshCommand
2026-10-06T20:53:02.9895764Z [command]/usr/bin/git submodule foreach --recursive sh -c "git config --local --name-only --get-regexp 'core\.sshCommand' && git config --local --unset-all 'core.sshCommand' || :"
2026-10-06T20:53:03.0301288Z Removing HTTP extra header
2026-10-06T20:53:03.0310015Z [command]/usr/bin/git config --local --name-only --get-regexp http\.https\:\/\/github\.com\/\.extraheader
2026-10-06T20:53:03.0355521Z [command]/usr/bin/git submodule foreach --recursive sh -c "git config --local --name-only --get-regexp 'http\.https\:\/\/github\.com\/\.extraheader' && git config --local --unset-all 'http.https://github.com/.extraheader' || :"
2026-10-06T20:53:03.0637687Z Removing includeIf entries pointing to credentials config files
2026-10-06T20:53:03.0644882Z [command]/usr/bin/git config --local --name-only --get-regexp ^includeIf\.gitdir:
2026-10-06T20:53:03.0688072Z [command]/usr/bin/git submodule foreach --recursive git config --local --show-origin --name-only --get-regexp remote.origin.url
2026-10-06T20:53:03.0969745Z [command]/usr/bin/git config --file /home/runner/work/_temp/git-credentials-59831372-eb28-436d-8420-3ba615489c62.config http.https://github.com/.extraheader AUTHORIZATION: basic ***
2026-10-06T20:53:03.1017808Z [command]/usr/bin/git config --local includeIf.gitdir:/home/runner/work/base/base/.git.path /home/runner/work/_temp/git-credentials-59831372-eb28-436d-8420-3ba615489c62.config
2026-10-06T20:53:03.1057821Z [command]/usr/bin/git config --local includeIf.gitdir:/home/runner/work/base/base/.git/worktrees/*.path /home/runner/work/_temp/git-credentials-59831372-eb28-436d-8420-3ba615489c62.config
2026-10-06T20:53:03.1099699Z [command]/usr/bin/git config --local includeIf.gitdir:/github/workspace/.git.path /github/runner_temp/git-credentials-59831372-eb28-436d-8420-3ba615489c62.config
2026-10-06T20:53:03.1139020Z [command]/usr/bin/git config --local includeIf.gitdir:/github/workspace/.git/worktrees/*.path /github/runner_temp/git-credentials-59831372-eb28-436d-8420-3ba615489c62.config
2026-10-06T20:53:03.1174850Z ##[endgroup]
2026-10-06T20:53:03.1176230Z ##[group]Fetching the repository
2026-10-06T20:53:03.1183279Z [command]/usr/bin/git -c protocol.version=2 fetch --no-tags --prune --no-recurse-submodules --depth=1 origin 9ed64b87854771663d2cf8f64704cd7598828074
2026-10-06T20:53:03.9863467Z From https://github.com/sveltery/base
2026-10-06T20:53:03.9865701Z  * branch            9ed64b87854771663d2cf8f64704cd7598828074 -> FETCH_HEAD
2026-10-06T20:53:03.9876077Z [command]/usr/bin/git rev-parse --verify --quiet 9ed64b87854771663d2cf8f64704cd7598828074^{object}
2026-10-06T20:53:03.9911925Z 9ed64b87854771663d2cf8f64704cd7598828074
2026-10-06T20:53:03.9916734Z ##[endgroup]
2026-10-06T20:53:03.9917456Z ##[group]Determining the checkout info
2026-10-06T20:53:03.9918685Z ##[endgroup]
2026-10-06T20:53:03.9923671Z [command]/usr/bin/git sparse-checkout disable
2026-10-06T20:53:03.9979571Z [command]/usr/bin/git config --local --unset-all extensions.worktreeConfig
2026-10-06T20:53:04.0017497Z ##[group]Checking out the ref
2026-10-06T20:53:04.0021685Z [command]/usr/bin/git checkout --progress --force 9ed64b87854771663d2cf8f64704cd7598828074
2026-10-06T20:53:04.4914779Z Note: switching to '9ed64b87854771663d2cf8f64704cd7598828074'.
2026-10-06T20:53:04.4915404Z 
2026-10-06T20:53:04.4915878Z You are in 'detached HEAD' state. You can look around, make experimental
2026-10-06T20:53:04.4916763Z changes and commit them, and you can discard any commits you make in this
2026-10-06T20:53:04.4917638Z state without impacting any branches by switching back to a branch.
2026-10-06T20:53:04.4918163Z 
2026-10-06T20:53:04.4918722Z If you want to create a new branch to retain commits you create, you may
2026-10-06T20:53:04.4919561Z do so (now or later) by using -c with the switch command. Example:
2026-10-06T20:53:04.4920068Z 
2026-10-06T20:53:04.4920274Z   git switch -c <new-branch-name>
2026-10-06T20:53:04.4920616Z 
2026-10-06T20:53:04.4920893Z Or undo this operation with:
2026-10-06T20:53:04.4921243Z 
2026-10-06T20:53:04.4921412Z   git switch -
2026-10-06T20:53:04.4921711Z 
2026-10-06T20:53:04.4922110Z Turn off this advice by setting config variable advice.detachedHead to false
2026-10-06T20:53:04.4922660Z 
2026-10-06T20:53:04.4923682Z HEAD is now at 9ed64b8 Integrate private Select prerequisites with accepted native main and installed acceptance gates
2026-10-06T20:53:04.4960430Z ##[endgroup]
2026-10-06T20:53:04.5017853Z [command]/usr/bin/git log -1 --format=%H
2026-10-06T20:53:04.5057325Z 9ed64b87854771663d2cf8f64704cd7598828074
2026-10-06T20:53:04.5088664Z ##[group]Removing auth
2026-10-06T20:53:04.5089253Z Removing SSH command configuration
2026-10-06T20:53:04.5090020Z [command]/usr/bin/git config --local --name-only --get-regexp core\.sshCommand
2026-10-06T20:53:04.5120583Z [command]/usr/bin/git submodule foreach --recursive sh -c "git config --local --name-only --get-regexp 'core\.sshCommand' && git config --local --unset-all 'core.sshCommand' || :"
2026-10-06T20:53:04.5435301Z Removing HTTP extra header
2026-10-06T20:53:04.5442771Z [command]/usr/bin/git config --local --name-only --get-regexp http\.https\:\/\/github\.com\/\.extraheader
2026-10-06T20:53:04.5496565Z [command]/usr/bin/git submodule foreach --recursive sh -c "git config --local --name-only --get-regexp 'http\.https\:\/\/github\.com\/\.extraheader' && git config --local --unset-all 'http.https://github.com/.extraheader' || :"
2026-10-06T20:53:04.5803663Z Removing includeIf entries pointing to credentials config files
2026-10-06T20:53:04.5807036Z [command]/usr/bin/git config --local --name-only --get-regexp ^includeIf\.gitdir:
2026-10-06T20:53:04.5840741Z includeif.gitdir:/home/runner/work/base/base/.git.path
2026-10-06T20:53:04.5842305Z includeif.gitdir:/home/runner/work/base/base/.git/worktrees/*.path
2026-10-06T20:53:04.5842795Z includeif.gitdir:/github/workspace/.git.path
2026-10-06T20:53:04.5843214Z includeif.gitdir:/github/workspace/.git/worktrees/*.path
2026-10-06T20:53:04.5851201Z [command]/usr/bin/git config --local --get-all includeif.gitdir:/home/runner/work/base/base/.git.path
2026-10-06T20:53:04.5883178Z /home/runner/work/_temp/git-credentials-59831372-eb28-436d-8420-3ba615489c62.config
2026-10-06T20:53:04.5893847Z [command]/usr/bin/git config --local --unset includeif.gitdir:/home/runner/work/base/base/.git.path /home/runner/work/_temp/git-credentials-59831372-eb28-436d-8420-3ba615489c62.config
2026-10-06T20:53:04.5937145Z [command]/usr/bin/git config --local --get-all includeif.gitdir:/home/runner/work/base/base/.git/worktrees/*.path
2026-10-06T20:53:04.5968154Z /home/runner/work/_temp/git-credentials-59831372-eb28-436d-8420-3ba615489c62.config
2026-10-06T20:53:04.5976942Z [command]/usr/bin/git config --local --unset includeif.gitdir:/home/runner/work/base/base/.git/worktrees/*.path /home/runner/work/_temp/git-credentials-59831372-eb28-436d-8420-3ba615489c62.config
2026-10-06T20:53:04.6023458Z [command]/usr/bin/git config --local --get-all includeif.gitdir:/github/workspace/.git.path
2026-10-06T20:53:04.6063498Z /github/runner_temp/git-credentials-59831372-eb28-436d-8420-3ba615489c62.config
2026-10-06T20:53:04.6070947Z [command]/usr/bin/git config --local --unset includeif.gitdir:/github/workspace/.git.path /github/runner_temp/git-credentials-59831372-eb28-436d-8420-3ba615489c62.config
2026-10-06T20:53:04.6119389Z [command]/usr/bin/git config --local --get-all includeif.gitdir:/github/workspace/.git/worktrees/*.path
2026-10-06T20:53:04.6150199Z /github/runner_temp/git-credentials-59831372-eb28-436d-8420-3ba615489c62.config
2026-10-06T20:53:04.6157461Z [command]/usr/bin/git config --local --unset includeif.gitdir:/github/workspace/.git/worktrees/*.path /github/runner_temp/git-credentials-59831372-eb28-436d-8420-3ba615489c62.config
2026-10-06T20:53:04.6199239Z [command]/usr/bin/git submodule foreach --recursive git config --local --show-origin --name-only --get-regexp remote.origin.url
2026-10-06T20:53:04.6483973Z Removing credentials config '/home/runner/work/_temp/git-credentials-59831372-eb28-436d-8420-3ba615489c62.config'
2026-10-06T20:53:04.6495613Z ##[endgroup]
2026-10-06T20:53:04.6778222Z ##[group]Run actions/checkout@d23441a48e516b6c34aea4fa41551a30e30af803
2026-10-06T20:53:04.6778902Z with:
2026-10-06T20:53:04.6779167Z   repository: mui/base-ui
2026-10-06T20:53:04.6779488Z   ref: 47b40521eab921c2756bf9bdb0b0f07fbfdb8c8c
2026-10-06T20:53:04.6779858Z   path: .checks/select-leaves/upstream
2026-10-06T20:53:04.6780212Z   persist-credentials: false
2026-10-06T20:53:04.6782975Z   token: ***
2026-10-06T20:53:04.6783254Z   ssh-strict: true
2026-10-06T20:53:04.6783519Z   ssh-user: git
2026-10-06T20:53:04.6783773Z   clean: true
2026-10-06T20:53:04.6784044Z   sparse-checkout-cone-mode: true
2026-10-06T20:53:04.6784365Z   fetch-depth: 1
2026-10-06T20:53:04.6784624Z   fetch-tags: false
2026-10-06T20:53:04.6784896Z   show-progress: true
2026-10-06T20:53:04.6785159Z   lfs: false
2026-10-06T20:53:04.6785409Z   submodules: false
2026-10-06T20:53:04.6785682Z   set-safe-directory: true
2026-10-06T20:53:04.6786019Z   allow-unsafe-pr-checkout: false
2026-10-06T20:53:04.6786336Z env:
2026-10-06T20:53:04.6786654Z   NODE_OPTIONS: --max-old-space-size=768
2026-10-06T20:53:04.6786998Z ##[endgroup]
2026-10-06T20:53:04.7753395Z Syncing repository: mui/base-ui
2026-10-06T20:53:04.7754574Z ##[group]Getting Git version info
2026-10-06T20:53:04.7755443Z Working directory is '/home/runner/work/base/base/.checks/select-leaves/upstream'
2026-10-06T20:53:04.7784907Z [command]/usr/bin/git version
2026-10-06T20:53:04.7833725Z git version 2.55.0
2026-10-06T20:53:04.7859615Z ##[endgroup]
2026-10-06T20:53:04.7874375Z Temporarily overriding HOME='/home/runner/work/_temp/83df0bf6-2f92-49c5-a465-3f518de2f7cd' before making global git config changes
2026-10-06T20:53:04.7875465Z Adding repository directory to the temporary git global config as a safe directory
2026-10-06T20:53:04.7881233Z [command]/usr/bin/git config --global --add safe.directory /home/runner/work/base/base/.checks/select-leaves/upstream
2026-10-06T20:53:04.7927526Z ##[group]Determining repository object format
2026-10-06T20:53:04.7930904Z ##[endgroup]
2026-10-06T20:53:04.7931671Z ##[group]Initializing the repository
2026-10-06T20:53:04.7936582Z [command]/usr/bin/git init /home/runner/work/base/base/.checks/select-leaves/upstream
2026-10-06T20:53:04.7988107Z hint: Using 'master' as the name for the initial branch. This default branch name
2026-10-06T20:53:04.7989578Z hint: will change to "main" in Git 3.0. To configure the initial branch name
2026-10-06T20:53:04.7990895Z hint: to use in all of your new repositories, which will suppress this warning,
2026-10-06T20:53:04.7991844Z hint: call:
2026-10-06T20:53:04.7992432Z hint:
2026-10-06T20:53:04.7993127Z hint: 	git config --global init.defaultBranch <name>
2026-10-06T20:53:04.7993902Z hint:
2026-10-06T20:53:04.7994686Z hint: Names commonly chosen instead of 'master' are 'main', 'trunk' and
2026-10-06T20:53:04.7995946Z hint: 'development'. The just-created branch can be renamed via this command:
2026-10-06T20:53:04.7996812Z hint:
2026-10-06T20:53:04.7997440Z hint: 	git branch -m <name>
2026-10-06T20:53:04.7998098Z hint:
2026-10-06T20:53:04.7999193Z hint: Disable this message with "git config set advice.defaultBranchName false"
2026-10-06T20:53:04.8008562Z Initialized empty Git repository in /home/runner/work/base/base/.checks/select-leaves/upstream/.git/
2026-10-06T20:53:04.8010490Z [command]/usr/bin/git remote add origin https://github.com/mui/base-ui
2026-10-06T20:53:04.8043416Z ##[endgroup]
2026-10-06T20:53:04.8044198Z ##[group]Disabling automatic garbage collection
2026-10-06T20:53:04.8049116Z [command]/usr/bin/git config --local gc.auto 0
2026-10-06T20:53:04.8086534Z ##[endgroup]
2026-10-06T20:53:04.8087232Z ##[group]Setting up auth
2026-10-06T20:53:04.8088424Z Removing SSH command configuration
2026-10-06T20:53:04.8095410Z [command]/usr/bin/git config --local --name-only --get-regexp core\.sshCommand
2026-10-06T20:53:04.8135786Z [command]/usr/bin/git submodule foreach --recursive sh -c "git config --local --name-only --get-regexp 'core\.sshCommand' && git config --local --unset-all 'core.sshCommand' || :"
2026-10-06T20:53:04.8432746Z Removing HTTP extra header
2026-10-06T20:53:04.8440822Z [command]/usr/bin/git config --local --name-only --get-regexp http\.https\:\/\/github\.com\/\.extraheader
2026-10-06T20:53:04.8484394Z [command]/usr/bin/git submodule foreach --recursive sh -c "git config --local --name-only --get-regexp 'http\.https\:\/\/github\.com\/\.extraheader' && git config --local --unset-all 'http.https://github.com/.extraheader' || :"
2026-10-06T20:53:04.8781947Z Removing includeIf entries pointing to credentials config files
2026-10-06T20:53:04.8790653Z [command]/usr/bin/git config --local --name-only --get-regexp ^includeIf\.gitdir:
2026-10-06T20:53:04.8855237Z [command]/usr/bin/git submodule foreach --recursive git config --local --show-origin --name-only --get-regexp remote.origin.url
2026-10-06T20:53:04.9168640Z [command]/usr/bin/git config --file /home/runner/work/_temp/git-credentials-ea8fa385-ef00-47a1-90ce-b5c6395a9cb4.config http.https://github.com/.extraheader AUTHORIZATION: basic ***
2026-10-06T20:53:04.9222509Z [command]/usr/bin/git config --local includeIf.gitdir:/home/runner/work/base/base/.checks/select-leaves/upstream/.git.path /home/runner/work/_temp/git-credentials-ea8fa385-ef00-47a1-90ce-b5c6395a9cb4.config
2026-10-06T20:53:04.9265678Z [command]/usr/bin/git config --local includeIf.gitdir:/home/runner/work/base/base/.checks/select-leaves/upstream/.git/worktrees/*.path /home/runner/work/_temp/git-credentials-ea8fa385-ef00-47a1-90ce-b5c6395a9cb4.config
2026-10-06T20:53:04.9310623Z [command]/usr/bin/git config --local includeIf.gitdir:/github/workspace/.checks/select-leaves/upstream/.git.path /github/runner_temp/git-credentials-ea8fa385-ef00-47a1-90ce-b5c6395a9cb4.config
2026-10-06T20:53:04.9352359Z [command]/usr/bin/git config --local includeIf.gitdir:/github/workspace/.checks/select-leaves/upstream/.git/worktrees/*.path /github/runner_temp/git-credentials-ea8fa385-ef00-47a1-90ce-b5c6395a9cb4.config
2026-10-06T20:53:04.9390380Z ##[endgroup]
2026-10-06T20:53:04.9391123Z ##[group]Fetching the repository
2026-10-06T20:53:04.9401118Z [command]/usr/bin/git -c protocol.version=2 fetch --no-tags --prune --no-recurse-submodules --depth=1 origin 47b40521eab921c2756bf9bdb0b0f07fbfdb8c8c
2026-10-06T20:53:06.0818073Z From https://github.com/mui/base-ui
2026-10-06T20:53:06.0821394Z  * branch            47b40521eab921c2756bf9bdb0b0f07fbfdb8c8c -> FETCH_HEAD
2026-10-06T20:53:06.0831668Z [command]/usr/bin/git rev-parse --verify --quiet 47b40521eab921c2756bf9bdb0b0f07fbfdb8c8c^{object}
2026-10-06T20:53:06.0866267Z 47b40521eab921c2756bf9bdb0b0f07fbfdb8c8c
2026-10-06T20:53:06.0871868Z ##[endgroup]
2026-10-06T20:53:06.0872582Z ##[group]Determining the checkout info
2026-10-06T20:53:06.0873302Z ##[endgroup]
2026-10-06T20:53:06.0878756Z [command]/usr/bin/git sparse-checkout disable
2026-10-06T20:53:06.0937879Z [command]/usr/bin/git config --local --unset-all extensions.worktreeConfig
2026-10-06T20:53:06.0979367Z ##[group]Checking out the ref
2026-10-06T20:53:06.0984152Z [command]/usr/bin/git checkout --progress --force 47b40521eab921c2756bf9bdb0b0f07fbfdb8c8c
2026-10-06T20:53:06.2882496Z Note: switching to '47b40521eab921c2756bf9bdb0b0f07fbfdb8c8c'.
2026-10-06T20:53:06.2882991Z 
2026-10-06T20:53:06.2883319Z You are in 'detached HEAD' state. You can look around, make experimental
2026-10-06T20:53:06.2884094Z changes and commit them, and you can discard any commits you make in this
2026-10-06T20:53:06.2884842Z state without impacting any branches by switching back to a branch.
2026-10-06T20:53:06.2885289Z 
2026-10-06T20:53:06.2885574Z If you want to create a new branch to retain commits you create, you may
2026-10-06T20:53:06.2886116Z do so (now or later) by using -c with the switch command. Example:
2026-10-06T20:53:06.2886373Z 
2026-10-06T20:53:06.2886485Z   git switch -c <new-branch-name>
2026-10-06T20:53:06.2886730Z 
2026-10-06T20:53:06.2886848Z Or undo this operation with:
2026-10-06T20:53:06.2887012Z 
2026-10-06T20:53:06.2887110Z   git switch -
2026-10-06T20:53:06.2887266Z 
2026-10-06T20:53:06.2887805Z Turn off this advice by setting config variable advice.detachedHead to false
2026-10-06T20:53:06.2888112Z 
2026-10-06T20:53:06.2888249Z HEAD is now at 47b4052 [release] v1.8.0 (#5609)
2026-10-06T20:53:06.2897352Z ##[endgroup]
2026-10-06T20:53:06.2953023Z [command]/usr/bin/git log -1 --format=%H
2026-10-06T20:53:06.2990383Z 47b40521eab921c2756bf9bdb0b0f07fbfdb8c8c
2026-10-06T20:53:06.3000115Z ##[group]Removing auth
2026-10-06T20:53:06.3000545Z Removing SSH command configuration
2026-10-06T20:53:06.3003903Z [command]/usr/bin/git config --local --name-only --get-regexp core\.sshCommand
2026-10-06T20:53:06.3045864Z [command]/usr/bin/git submodule foreach --recursive sh -c "git config --local --name-only --get-regexp 'core\.sshCommand' && git config --local --unset-all 'core.sshCommand' || :"
2026-10-06T20:53:06.3334504Z Removing HTTP extra header
2026-10-06T20:53:06.3341017Z [command]/usr/bin/git config --local --name-only --get-regexp http\.https\:\/\/github\.com\/\.extraheader
2026-10-06T20:53:06.3386232Z [command]/usr/bin/git submodule foreach --recursive sh -c "git config --local --name-only --get-regexp 'http\.https\:\/\/github\.com\/\.extraheader' && git config --local --unset-all 'http.https://github.com/.extraheader' || :"
2026-10-06T20:53:06.3668527Z Removing includeIf entries pointing to credentials config files
2026-10-06T20:53:06.3674159Z [command]/usr/bin/git config --local --name-only --get-regexp ^includeIf\.gitdir:
2026-10-06T20:53:06.3708065Z includeif.gitdir:/home/runner/work/base/base/.checks/select-leaves/upstream/.git.path
2026-10-06T20:53:06.3709289Z includeif.gitdir:/home/runner/work/base/base/.checks/select-leaves/upstream/.git/worktrees/*.path
2026-10-06T20:53:06.3710268Z includeif.gitdir:/github/workspace/.checks/select-leaves/upstream/.git.path
2026-10-06T20:53:06.3711154Z includeif.gitdir:/github/workspace/.checks/select-leaves/upstream/.git/worktrees/*.path
2026-10-06T20:53:06.3717792Z [command]/usr/bin/git config --local --get-all includeif.gitdir:/home/runner/work/base/base/.checks/select-leaves/upstream/.git.path
2026-10-06T20:53:06.3749231Z /home/runner/work/_temp/git-credentials-ea8fa385-ef00-47a1-90ce-b5c6395a9cb4.config
2026-10-06T20:53:06.3760083Z [command]/usr/bin/git config --local --unset includeif.gitdir:/home/runner/work/base/base/.checks/select-leaves/upstream/.git.path /home/runner/work/_temp/git-credentials-ea8fa385-ef00-47a1-90ce-b5c6395a9cb4.config
2026-10-06T20:53:06.3803591Z [command]/usr/bin/git config --local --get-all includeif.gitdir:/home/runner/work/base/base/.checks/select-leaves/upstream/.git/worktrees/*.path
2026-10-06T20:53:06.3834143Z /home/runner/work/_temp/git-credentials-ea8fa385-ef00-47a1-90ce-b5c6395a9cb4.config
2026-10-06T20:53:06.3843711Z [command]/usr/bin/git config --local --unset includeif.gitdir:/home/runner/work/base/base/.checks/select-leaves/upstream/.git/worktrees/*.path /home/runner/work/_temp/git-credentials-ea8fa385-ef00-47a1-90ce-b5c6395a9cb4.config
2026-10-06T20:53:06.3889713Z [command]/usr/bin/git config --local --get-all includeif.gitdir:/github/workspace/.checks/select-leaves/upstream/.git.path
2026-10-06T20:53:06.3927331Z /github/runner_temp/git-credentials-ea8fa385-ef00-47a1-90ce-b5c6395a9cb4.config
2026-10-06T20:53:06.3936034Z [command]/usr/bin/git config --local --unset includeif.gitdir:/github/workspace/.checks/select-leaves/upstream/.git.path /github/runner_temp/git-credentials-ea8fa385-ef00-47a1-90ce-b5c6395a9cb4.config
2026-10-06T20:53:06.3982117Z [command]/usr/bin/git config --local --get-all includeif.gitdir:/github/workspace/.checks/select-leaves/upstream/.git/worktrees/*.path
2026-10-06T20:53:06.4013111Z /github/runner_temp/git-credentials-ea8fa385-ef00-47a1-90ce-b5c6395a9cb4.config
2026-10-06T20:53:06.4021851Z [command]/usr/bin/git config --local --unset includeif.gitdir:/github/workspace/.checks/select-leaves/upstream/.git/worktrees/*.path /github/runner_temp/git-credentials-ea8fa385-ef00-47a1-90ce-b5c6395a9cb4.config
2026-10-06T20:53:06.4064459Z [command]/usr/bin/git submodule foreach --recursive git config --local --show-origin --name-only --get-regexp remote.origin.url
2026-10-06T20:53:06.4341506Z Removing credentials config '/home/runner/work/_temp/git-credentials-ea8fa385-ef00-47a1-90ce-b5c6395a9cb4.config'
2026-10-06T20:53:06.4351462Z ##[endgroup]
2026-10-06T20:53:06.4507713Z ##[group]Run pnpm/action-setup@fc06bc1257f339d1d5d8b3a19a8cae5388b55320
2026-10-06T20:53:06.4508105Z with:
2026-10-06T20:53:06.4508633Z   version: 12.6.0
2026-10-06T20:53:06.4508852Z   run_install: false
2026-10-06T20:53:06.4509074Z   dest: ~/setup-pnpm
2026-10-06T20:53:06.4509298Z   cache: false
2026-10-06T20:53:06.4509525Z   cache_dependency_path: pnpm-lock.yaml
2026-10-06T20:53:06.4509819Z   package_json_file: package.json
2026-10-06T20:53:06.4510071Z   standalone: false
2026-10-06T20:53:06.4510275Z env:
2026-10-06T20:53:06.4510489Z   NODE_OPTIONS: --max-old-space-size=768
2026-10-06T20:53:06.4510764Z ##[endgroup]
2026-10-06T20:53:06.6036284Z ##[group]Running self-installer...
2026-10-06T20:53:07.0321645Z (node:2332) [DEP0169] DeprecationWarning: `url.parse()` behavior is not standardized and prone to errors that have security implications. Use the WHATWG URL API instead. CVEs are not issued for `url.parse()` vulnerabilities.
2026-10-06T20:53:07.0323387Z (Use `node --trace-deprecation ...` to show where the warning was created)
2026-10-06T20:53:07.1917994Z Progress: resolved 1, reused 0, downloaded 0, added 0
2026-10-06T20:53:07.3539460Z Packages: +3
2026-10-06T20:53:07.3540138Z +++
2026-10-06T20:53:08.1023864Z Progress: resolved 15, reused 0, downloaded 3, added 3, done
2026-10-06T20:53:08.1184525Z .../.pnpm/pnpm@12.6.0/node_modules/pnpm preinstall$ node install.js
2026-10-06T20:53:08.3953567Z .../.pnpm/pnpm@12.6.0/node_modules/pnpm preinstall: Done
2026-10-06T20:53:08.3960407Z .../.pnpm/pnpm@12.6.0/node_modules/pnpm postinstall$ node install.js
2026-10-06T20:53:08.4618871Z .../.pnpm/pnpm@12.6.0/node_modules/pnpm postinstall: Done
2026-10-06T20:53:09.9717803Z 
2026-10-06T20:53:09.9718843Z dependencies:
2026-10-06T20:53:09.9719266Z + pnpm 12.6.0 (12.9.1 is available)
2026-10-06T20:53:09.9719562Z 
2026-10-06T20:53:09.9745241Z Done in 3.1s
2026-10-06T20:53:10.0399344Z ##[endgroup]
2026-10-06T20:53:10.0399875Z Installation Completed!
2026-10-06T20:53:10.0596900Z ##[group]Run actions/setup-node@249970729cb0ef3589644e2896645e5dc5ba9c38
2026-10-06T20:53:10.0597291Z with:
2026-10-06T20:53:10.0597496Z   node-version: 24
2026-10-06T20:53:10.0597731Z   package-manager-cache: false
2026-10-06T20:53:10.0597992Z   check-latest: false
2026-10-06T20:53:10.0600799Z   token: ***
2026-10-06T20:53:10.0601015Z env:
2026-10-06T20:53:10.0601238Z   NODE_OPTIONS: --max-old-space-size=768
2026-10-06T20:53:10.0601598Z   PNPM_HOME: /home/runner/setup-pnpm/node_modules/.bin
2026-10-06T20:53:10.0601925Z ##[endgroup]
2026-10-06T20:53:10.2452044Z Found in cache @ /opt/hostedtoolcache/node/24.21.0/x64
2026-10-06T20:53:10.2456052Z ##[group]Environment details
2026-10-06T20:53:16.9062021Z node: v24.21.0
2026-10-06T20:53:16.9062477Z npm: 11.19.0
2026-10-06T20:53:16.9062766Z yarn: 1.22.22
2026-10-06T20:53:16.9063421Z ##[endgroup]
2026-10-06T20:53:16.9217215Z ##[group]Run bash scripts/bootstrap.sh
2026-10-06T20:53:16.9217605Z [36;1mbash scripts/bootstrap.sh[0m
2026-10-06T20:53:16.9617449Z shell: /usr/bin/bash -e {0}
2026-10-06T20:53:16.9617733Z env:
2026-10-06T20:53:16.9617973Z   NODE_OPTIONS: --max-old-space-size=768
2026-10-06T20:53:16.9618497Z   PNPM_HOME: /home/runner/setup-pnpm/node_modules/.bin
2026-10-06T20:53:16.9618811Z ##[endgroup]
2026-10-06T20:53:17.1176708Z Scope: all 4 workspace projects
2026-10-06T20:53:17.1394536Z ? Verifying lockfile against supply-chain policies (344 entries)...
2026-10-06T20:53:17.4049839Z Packages are hard linked from the content-addressable store to the virtual store.
2026-10-06T20:53:17.4050897Z   Content-addressable store is at: /home/runner/setup-pnpm/node_modules/.bin/store/v11
2026-10-06T20:53:17.4051429Z   Virtual store is at:             node_modules/.pnpm
2026-10-06T20:53:17.4163057Z Downloading @rolldown/binding-linux-x64-gnu@1.2.11: 0.00 B/7.94 MB
2026-10-06T20:53:18.5771624Z Downloading @rolldown/binding-linux-x64-gnu@1.2.11: 4.51 MB/7.94 MB
2026-10-06T20:53:19.0501095Z ✓ Lockfile passes supply-chain policies (344 entries in 1.9s)
2026-10-06T20:53:19.0501647Z Lockfile is up to date, resolution step is skipped
2026-10-06T20:53:19.0546636Z Packages: +322
2026-10-06T20:53:19.0547094Z ++++++++++++++++++++++++++++++++++++++++++++++++++++++++++++++++++++++++++++++++
2026-10-06T20:53:19.0981060Z Progress: resolved 322, reused 0, downloaded 319, added 322, done
2026-10-06T20:53:19.1538012Z packages/base prepare$ svelte-kit sync
2026-10-06T20:53:21.3543771Z packages/base prepare: Done
2026-10-06T20:53:21.3570929Z apps/fixtures prepare$ svelte-kit sync
2026-10-06T20:53:22.3269510Z apps/fixtures prepare: Done
2026-10-06T20:53:22.3281993Z 
2026-10-06T20:53:22.3282274Z devDependencies:
2026-10-06T20:53:22.3282771Z + @arethetypeswrong/cli 0.18.5
2026-10-06T20:53:22.3283264Z + @arethetypeswrong/core 0.18.5
2026-10-06T20:53:22.3283695Z + @eslint/js 10.0.1
2026-10-06T20:53:22.3284195Z + @playwright/test 1.63.0
2026-10-06T20:53:22.3284517Z + eslint 10.11.0
2026-10-06T20:53:22.3284869Z + eslint-config-prettier 10.1.8
2026-10-06T20:53:22.3285245Z + eslint-plugin-svelte 3.23.0
2026-10-06T20:53:22.3285606Z + globals 17.12.0
2026-10-06T20:53:22.3285908Z + prettier 3.9.9
2026-10-06T20:53:22.3286264Z + prettier-plugin-svelte 4.1.1
2026-10-06T20:53:22.3286601Z + publint 0.3.25
2026-10-06T20:53:22.3286888Z + svelte 5.57.1
2026-10-06T20:53:22.3287198Z + typescript 6.0.3
2026-10-06T20:53:22.3287521Z + typescript-eslint 8.71.0
2026-10-06T20:53:22.3287743Z 
2026-10-06T20:53:22.3441332Z Done in 5.2s using pnpm v12.6.0
2026-10-06T20:53:22.3939559Z $ pnpm --recursive --filter './packages/*' --sort --workspace-concurrency 1 --if-present run prepack
2026-10-06T20:53:22.4155095Z Scope: 2 of 4 workspace projects
2026-10-06T20:53:22.4191137Z $ pnpm run build && publint --strict
2026-10-06T20:53:22.4412823Z $ svelte-package
2026-10-06T20:53:24.6139310Z src/lib -> dist
2026-10-06T20:53:24.7218522Z Running [1mpublint v0.3.25[22m for [1m@sveltery/utils[22m...
2026-10-06T20:53:24.7266519Z Packing files with `pnpm pack`...
2026-10-06T20:53:24.7682119Z Linting...
2026-10-06T20:53:24.7855446Z [1m[32mAll good![39m[22m
2026-10-06T20:53:24.7916308Z $ svelte-kit sync && svelte-package && publint --strict
2026-10-06T20:53:37.9805173Z src/lib -> dist
2026-10-06T20:53:38.1728623Z Running [1mpublint v0.3.25[22m for [1m@sveltery/base[22m...
2026-10-06T20:53:38.1782369Z Packing files with `pnpm pack`...
2026-10-06T20:53:38.2748831Z Linting...
2026-10-06T20:53:38.3739853Z [1m[32mAll good![39m[22m
2026-10-06T20:53:38.3957669Z ##[group]Run set -o pipefail
2026-10-06T20:53:38.3957988Z [36;1mset -o pipefail[0m
2026-10-06T20:53:38.3958816Z [36;1mmkdir -p .checks/select-canonical-leaves[0m
2026-10-06T20:53:38.3959596Z [36;1mnode scripts/select-canonical-leaves/check-original.mjs .checks/select-leaves/upstream 2>&1 | tee .checks/select-canonical-leaves/original.log[0m
2026-10-06T20:53:38.4036356Z shell: /usr/bin/bash -e {0}
2026-10-06T20:53:38.4036635Z env:
2026-10-06T20:53:38.4036876Z   NODE_OPTIONS: --max-old-space-size=768
2026-10-06T20:53:38.4037221Z   PNPM_HOME: /home/runner/setup-pnpm/node_modules/.bin
2026-10-06T20:53:38.4037529Z ##[endgroup]
2026-10-06T20:53:38.4690407Z Immutable 47b40521eab921c2756bf9bdb0b0f07fbfdb8c8c: all 24 closure modules, both Original helper tests and MIT license byte-identical
2026-10-06T20:53:38.4786610Z ##[group]Run set -o pipefail
2026-10-06T20:53:38.4787084Z [36;1mset -o pipefail[0m
2026-10-06T20:53:38.4787539Z [36;1mmkdir -p .checks/select-canonical-leaves[0m
2026-10-06T20:53:38.4789250Z [36;1mpnpm --recursive --filter-prod '@sveltery/base...' --sort --workspace-concurrency 1 build 2>&1 | tee .checks/select-canonical-leaves/build.log[0m
2026-10-06T20:53:38.4891961Z shell: /usr/bin/bash -e {0}
2026-10-06T20:53:38.4892367Z env:
2026-10-06T20:53:38.4892715Z   NODE_OPTIONS: --max-old-space-size=768
2026-10-06T20:53:38.4893281Z   PNPM_HOME: /home/runner/setup-pnpm/node_modules/.bin
2026-10-06T20:53:38.4893773Z ##[endgroup]
2026-10-06T20:53:38.5296973Z $ svelte-package
2026-10-06T20:53:40.9584325Z src/lib -> dist
2026-10-06T20:53:41.0052376Z $ vite build && pnpm run prepack
2026-10-06T20:53:41.8831793Z [36mvite v8.3.1 [32mbuilding ssr environment for production...[36m[39m
2026-10-06T20:53:41.8976066Z transforming...
2026-10-06T20:53:43.2459735Z ✓ 667 modules transformed.
2026-10-06T20:53:43.2693596Z rendering chunks...
2026-10-06T20:53:43.2951055Z computing gzip size...
2026-10-06T20:53:43.2979977Z .svelte-kit/output/server/.vite/manifest.json                   4.32 kB │ gzip:  0.58 kB
2026-10-06T20:53:43.2981260Z .svelte-kit/output/server/chunks/index-server.js                0.03 kB │ gzip:  0.05 kB
2026-10-06T20:53:43.2982552Z .svelte-kit/output/server/env.js                                0.31 kB │ gzip:  0.19 kB │ map:   0.57 kB
2026-10-06T20:53:43.2983715Z .svelte-kit/output/server/entries/fallbacks/layout.svelte.js    0.46 kB │ gzip:  0.32 kB │ map:   0.49 kB
2026-10-06T20:53:43.2985602Z .svelte-kit/output/server/entries/fallbacks/error.svelte.js     1.39 kB │ gzip:  0.52 kB │ map:   2.88 kB
2026-10-06T20:53:43.2986874Z .svelte-kit/output/server/index.js                              2.41 kB │ gzip:  1.00 kB │ map:   3.48 kB
2026-10-06T20:53:43.2988045Z .svelte-kit/output/server/entries/pages/_page.svelte.js        18.68 kB │ gzip:  5.57 kB │ map: 132.06 kB
2026-10-06T20:53:43.2989689Z .svelte-kit/output/server/chunks/uneval.js                     19.43 kB │ gzip:  5.37 kB │ map:  40.89 kB
2026-10-06T20:53:43.2990987Z .svelte-kit/output/server/chunks/server-errors.js              24.29 kB │ gzip:  4.61 kB │ map:  35.03 kB
2026-10-06T20:53:43.2992281Z .svelte-kit/output/server/remote-entry.js                      55.38 kB │ gzip: 11.93 kB │ map:  90.81 kB
2026-10-06T20:53:43.2993555Z .svelte-kit/output/server/chunks/internal.js                  110.21 kB │ gzip: 28.81 kB │ map: 238.91 kB
2026-10-06T20:53:43.2995354Z .svelte-kit/output/server/chunks/server.js                    117.87 kB │ gzip: 30.79 kB │ map: 362.84 kB
2026-10-06T20:53:43.2996695Z .svelte-kit/output/server/chunks/instance.js                  131.13 kB │ gzip: 34.72 kB │ map: 260.11 kB
2026-10-06T20:53:43.2997274Z 
2026-10-06T20:53:43.2997597Z [32m✓ built in 1.41s[39m
2026-10-06T20:53:43.3082353Z Analysing routes
2026-10-06T20:53:44.0867345Z Building app
2026-10-06T20:53:44.0874480Z [36mvite v8.3.1 [32mbuilding client environment for production...[36m[39m
2026-10-06T20:53:44.0967205Z transforming...
2026-10-06T20:53:45.2769077Z ✓ 645 modules transformed.
2026-10-06T20:53:45.2954228Z rendering chunks...
2026-10-06T20:53:45.3152663Z computing gzip size...
2026-10-06T20:53:45.3164800Z .svelte-kit/output/client/_app/version.json                          0.02 kB │ gzip:  0.04 kB
2026-10-06T20:53:45.3165805Z .svelte-kit/output/client/.vite/manifest.json                        4.60 kB │ gzip:  0.65 kB
2026-10-06T20:53:45.3166659Z .svelte-kit/output/client/_app/immutable/entry/payload.DSmR2FwN.js   0.06 kB │ gzip:  0.07 kB
2026-10-06T20:53:45.3167628Z .svelte-kit/output/client/_app/immutable/nodes/0.CQhCqX9K.js         0.14 kB │ gzip:  0.14 kB
2026-10-06T20:53:45.3168802Z .svelte-kit/output/client/_app/immutable/nodes/1.BJ8CTyGc.js         0.32 kB │ gzip:  0.24 kB
2026-10-06T20:53:45.3169631Z .svelte-kit/output/client/_app/immutable/entry/start.DXLxX9ae.js     0.52 kB │ gzip:  0.30 kB
2026-10-06T20:53:45.3170758Z .svelte-kit/output/client/_app/immutable/entry/app.CzXA1i9p.js       1.06 kB │ gzip:  0.54 kB
2026-10-06T20:53:45.3171529Z .svelte-kit/output/client/_app/immutable/chunks/uBIymjUX.js          1.23 kB │ gzip:  0.68 kB
2026-10-06T20:53:45.3172284Z .svelte-kit/output/client/_app/immutable/chunks/Bjy-W4x2.js          1.36 kB │ gzip:  0.65 kB
2026-10-06T20:53:45.3173031Z .svelte-kit/output/client/_app/immutable/chunks/DmNJdhUR.js          4.29 kB │ gzip:  1.93 kB
2026-10-06T20:53:45.3173782Z .svelte-kit/output/client/_app/immutable/nodes/2.CzDjGK68.js         7.54 kB │ gzip:  3.21 kB
2026-10-06T20:53:45.3174564Z .svelte-kit/output/client/_app/immutable/chunks/BXTKzKKp.js         39.66 kB │ gzip: 14.64 kB
2026-10-06T20:53:45.3175314Z .svelte-kit/output/client/_app/immutable/chunks/CJJuJfBA.js         42.09 kB │ gzip: 16.24 kB
2026-10-06T20:53:45.3175661Z 
2026-10-06T20:53:45.3175884Z [32m✓ built in 1.23s[39m
2026-10-06T20:53:46.0492167Z 
2026-10-06T20:53:46.0493117Z Run npm run preview to preview your production build locally.
2026-10-06T20:53:46.0493600Z 
2026-10-06T20:53:46.0494097Z > Using @sveltejs/adapter-auto
2026-10-06T20:53:46.0500511Z Could not detect a supported production environment. See https://svelte.dev/docs/kit/adapters to learn how to configure your app to run on the platform of your choosing
2026-10-06T20:53:46.0501949Z ✔ done
2026-10-06T20:53:46.1801025Z $ svelte-kit sync && svelte-package && publint --strict
2026-10-06T20:53:59.3420922Z src/lib -> dist
2026-10-06T20:53:59.4911406Z Running [1mpublint v0.3.25[22m for [1m@sveltery/base[22m...
2026-10-06T20:53:59.4958250Z Packing files with `pnpm pack`...
2026-10-06T20:53:59.5932653Z Linting...
2026-10-06T20:53:59.6777816Z [1m[32mAll good![39m[22m
2026-10-06T20:53:59.6952737Z ##[group]Run pnpm exec playwright install --with-deps chromium
2026-10-06T20:53:59.6953220Z [36;1mpnpm exec playwright install --with-deps chromium[0m
2026-10-06T20:53:59.7029114Z shell: /usr/bin/bash -e {0}
2026-10-06T20:53:59.7029384Z env:
2026-10-06T20:53:59.7029625Z   NODE_OPTIONS: --max-old-space-size=768
2026-10-06T20:53:59.7029992Z   PNPM_HOME: /home/runner/setup-pnpm/node_modules/.bin
2026-10-06T20:53:59.7030312Z ##[endgroup]
2026-10-06T20:54:00.2560616Z Installing dependencies...
2026-10-06T20:54:00.2644508Z Switching to root user to install dependencies...
2026-10-06T20:54:00.3888560Z Get:1 file:/etc/apt/apt-mirrors.txt Mirrorlist [144 B]
2026-10-06T20:54:00.4166995Z Get:6 https://packages.microsoft.com/ubuntu/22.04/prod jammy InRelease [3632 B]
2026-10-06T20:54:00.4321308Z Hit:2 http://azure.archive.ubuntu.com/ubuntu jammy InRelease
2026-10-06T20:54:00.4338003Z Get:3 http://azure.archive.ubuntu.com/ubuntu jammy-updates InRelease [128 kB]
2026-10-06T20:54:00.4386153Z Get:4 http://azure.archive.ubuntu.com/ubuntu jammy-backports InRelease [127 kB]
2026-10-06T20:54:00.4433500Z Get:5 http://azure.archive.ubuntu.com/ubuntu jammy-security InRelease [129 kB]
2026-10-06T20:54:00.4836299Z Get:7 https://packages.microsoft.com/ubuntu/22.04/prod jammy/main arm64 Packages [556 kB]
2026-10-06T20:54:00.5101075Z Get:8 https://packages.microsoft.com/ubuntu/22.04/prod jammy/main amd64 Packages [803 kB]
2026-10-06T20:54:00.6918769Z Get:9 http://azure.archive.ubuntu.com/ubuntu jammy-updates/main amd64 Packages [3907 kB]
2026-10-06T20:54:00.7157463Z Get:10 http://azure.archive.ubuntu.com/ubuntu jammy-updates/main Translation-en [576 kB]
2026-10-06T20:54:00.7193652Z Get:11 http://azure.archive.ubuntu.com/ubuntu jammy-updates/restricted amd64 Packages [6714 kB]
2026-10-06T20:54:00.7590200Z Get:12 http://azure.archive.ubuntu.com/ubuntu jammy-updates/restricted Translation-en [1290 kB]
2026-10-06T20:54:00.7660704Z Get:13 http://azure.archive.ubuntu.com/ubuntu jammy-updates/universe amd64 Packages [1285 kB]
2026-10-06T20:54:00.7760411Z Get:14 http://azure.archive.ubuntu.com/ubuntu jammy-updates/universe Translation-en [325 kB]
2026-10-06T20:54:00.9074294Z Get:15 http://azure.archive.ubuntu.com/ubuntu jammy-security/main amd64 Packages [3633 kB]
2026-10-06T20:54:00.9304172Z Get:16 http://azure.archive.ubuntu.com/ubuntu jammy-security/main Translation-en [508 kB]
2026-10-06T20:54:00.9330387Z Get:17 http://azure.archive.ubuntu.com/ubuntu jammy-security/restricted amd64 Packages [6465 kB]
2026-10-06T20:54:00.9840501Z Get:18 http://azure.archive.ubuntu.com/ubuntu jammy-security/restricted Translation-en [1244 kB]
2026-10-06T20:54:01.0340117Z Get:19 http://azure.archive.ubuntu.com/ubuntu jammy-security/universe amd64 Packages [1052 kB]
2026-10-06T20:54:01.0389419Z Get:20 http://azure.archive.ubuntu.com/ubuntu jammy-security/universe Translation-en [237 kB]
2026-10-06T20:54:07.1353646Z Fetched 29.0 MB in 4s (8146 kB/s)
2026-10-06T20:54:08.5950667Z Reading package lists...
2026-10-06T20:54:08.6639638Z Reading package lists...
2026-10-06T20:54:08.9775273Z Building dependency tree...
2026-10-06T20:54:08.9786770Z Reading state information...
2026-10-06T20:54:09.1896583Z fonts-liberation is already the newest version (1:1.07.4-11).
2026-10-06T20:54:09.1897960Z fonts-liberation set to manually installed.
2026-10-06T20:54:09.1899736Z libatk-bridge2.0-0 is already the newest version (2.38.0-3).
2026-10-06T20:54:09.1900929Z libatk-bridge2.0-0 set to manually installed.
2026-10-06T20:54:09.1901671Z libatk1.0-0 is already the newest version (2.36.0-3build1).
2026-10-06T20:54:09.1902521Z libatk1.0-0 set to manually installed.
2026-10-06T20:54:09.1903400Z libatspi2.0-0 is already the newest version (2.44.0-3).
2026-10-06T20:54:09.1904163Z libatspi2.0-0 set to manually installed.
2026-10-06T20:54:09.1905412Z libfontconfig1 is already the newest version (2.13.1-4.2ubuntu5).
2026-10-06T20:54:09.1906172Z libfontconfig1 set to manually installed.
2026-10-06T20:54:09.1906910Z libxcb1 is already the newest version (1.14-3ubuntu3).
2026-10-06T20:54:09.1909004Z libxcb1 set to manually installed.
2026-10-06T20:54:09.1909795Z libxcomposite1 is already the newest version (1:0.4.5-1build2).
2026-10-06T20:54:09.1910615Z libxcomposite1 set to manually installed.
2026-10-06T20:54:09.1911269Z libxdamage1 is already the newest version (1:1.1.5-2build2).
2026-10-06T20:54:09.1912118Z libxdamage1 set to manually installed.
2026-10-06T20:54:09.1912730Z libxext6 is already the newest version (2:1.3.4-1build1).
2026-10-06T20:54:09.1913377Z libxext6 set to manually installed.
2026-10-06T20:54:09.1914143Z libxfixes3 is already the newest version (1:6.0.0-1).
2026-10-06T20:54:09.1914736Z libxfixes3 set to manually installed.
2026-10-06T20:54:09.1915635Z libxkbcommon0 is already the newest version (1.4.0-1).
2026-10-06T20:54:09.1916238Z libxkbcommon0 set to manually installed.
2026-10-06T20:54:09.1922584Z libxrandr2 is already the newest version (2:1.5.2-1build1).
2026-10-06T20:54:09.1923244Z libxrandr2 set to manually installed.
2026-10-06T20:54:09.1923852Z fonts-noto-color-emoji is already the newest version (2.047-0ubuntu0.22.04.1).
2026-10-06T20:54:09.1924439Z libasound2 is already the newest version (1.2.6.1-1ubuntu1.2).
2026-10-06T20:54:09.1924863Z libasound2 set to manually installed.
2026-10-06T20:54:09.1925279Z libcairo2 is already the newest version (1.16.0-5ubuntu2.1).
2026-10-06T20:54:09.1925668Z libcairo2 set to manually installed.
2026-10-06T20:54:09.1926074Z libcups2 is already the newest version (2.4.1op1-1ubuntu4.21).
2026-10-06T20:54:09.1926461Z libcups2 set to manually installed.
2026-10-06T20:54:09.1926875Z libdbus-1-3 is already the newest version (1.12.20-2ubuntu4.1).
2026-10-06T20:54:09.1927275Z libdbus-1-3 set to manually installed.
2026-10-06T20:54:09.1927709Z libdrm2 is already the newest version (2.4.113-2~ubuntu0.22.04.1).
2026-10-06T20:54:09.1928114Z libdrm2 set to manually installed.
2026-10-06T20:54:09.1928773Z libgbm1 is already the newest version (23.2.1-1ubuntu3.1~22.04.4).
2026-10-06T20:54:09.1929169Z libgbm1 set to manually installed.
2026-10-06T20:54:09.1929571Z libglib2.0-0 is already the newest version (2.72.4-0ubuntu2.10).
2026-10-06T20:54:09.1929965Z libglib2.0-0 set to manually installed.
2026-10-06T20:54:09.1930387Z libnspr4 is already the newest version (2:4.35-0ubuntu0.22.04.1).
2026-10-06T20:54:09.1930863Z libnss3 is already the newest version (2:3.98-0ubuntu0.22.04.4).
2026-10-06T20:54:09.1931341Z libpango-1.0-0 is already the newest version (1.50.6+ds-2ubuntu1).
2026-10-06T20:54:09.1931753Z libpango-1.0-0 set to manually installed.
2026-10-06T20:54:09.1932405Z libwayland-client0 is already the newest version (1.20.0-1ubuntu0.1).
2026-10-06T20:54:09.1933133Z libwayland-client0 set to manually installed.
2026-10-06T20:54:09.1933829Z libx11-6 is already the newest version (2:1.7.5-1ubuntu0.3).
2026-10-06T20:54:09.1934439Z libx11-6 set to manually installed.
2026-10-06T20:54:09.1935115Z xvfb is already the newest version (2:21.1.4-2ubuntu1.7~22.04.16).
2026-10-06T20:54:09.1935864Z The following additional packages will be installed:
2026-10-06T20:54:09.1936599Z   libfreetype-dev libfreetype6-dev xfonts-encodings xfonts-utils
2026-10-06T20:54:09.1937442Z Suggested packages:
2026-10-06T20:54:09.1937787Z   freetype2-doc
2026-10-06T20:54:09.1938162Z Recommended packages:
2026-10-06T20:54:09.1938732Z   fonts-ipafont-mincho fonts-tlwg-loma
2026-10-06T20:54:09.2342599Z The following NEW packages will be installed:
2026-10-06T20:54:09.2343281Z   fonts-freefont-ttf fonts-ipafont-gothic fonts-tlwg-loma-otf fonts-unifont
2026-10-06T20:54:09.2368697Z   fonts-wqy-zenhei xfonts-cyrillic xfonts-encodings xfonts-scalable
2026-10-06T20:54:09.2369402Z   xfonts-utils
2026-10-06T20:54:09.2391533Z The following packages will be upgraded:
2026-10-06T20:54:09.2411069Z   libfreetype-dev libfreetype6 libfreetype6-dev
2026-10-06T20:54:09.2615134Z 3 upgraded, 9 newly installed, 0 to remove and 24 not upgraded.
2026-10-06T20:54:09.2615669Z Need to get 19.3 MB of archives.
2026-10-06T20:54:09.2616883Z After this operation, 56.8 MB of additional disk space will be used.
2026-10-06T20:54:09.2617708Z Get:1 file:/etc/apt/apt-mirrors.txt Mirrorlist [144 B]
2026-10-06T20:54:14.3164605Z Get:2 http://azure.archive.ubuntu.com/ubuntu jammy/universe amd64 fonts-ipafont-gothic all 00303-21ubuntu1 [3513 kB]
2026-10-06T20:54:14.3844060Z Get:3 http://azure.archive.ubuntu.com/ubuntu jammy/main amd64 fonts-freefont-ttf all 20120503-10build1 [2388 kB]
2026-10-06T20:54:14.4383733Z Get:4 http://azure.archive.ubuntu.com/ubuntu jammy/universe amd64 fonts-tlwg-loma-otf all 1:0.7.3-1 [107 kB]
2026-10-06T20:54:14.4662230Z Get:5 http://azure.archive.ubuntu.com/ubuntu jammy/universe amd64 fonts-unifont all 1:14.0.01-1 [3551 kB]
2026-10-06T20:54:14.5854244Z Get:6 http://azure.archive.ubuntu.com/ubuntu jammy/universe amd64 fonts-wqy-zenhei all 0.9.45-8 [7472 kB]
2026-10-06T20:54:14.7760413Z Get:7 http://azure.archive.ubuntu.com/ubuntu jammy-updates/main amd64 libfreetype-dev amd64 2.11.1+dfsg-1ubuntu0.4 [555 kB]
2026-10-06T20:54:14.8118044Z Get:8 http://azure.archive.ubuntu.com/ubuntu jammy-updates/main amd64 libfreetype6-dev amd64 2.11.1+dfsg-1ubuntu0.4 [8306 B]
2026-10-06T20:54:14.8379161Z Get:9 http://azure.archive.ubuntu.com/ubuntu jammy-updates/main amd64 libfreetype6 amd64 2.11.1+dfsg-1ubuntu0.4 [388 kB]
2026-10-06T20:54:14.8726314Z Get:10 http://azure.archive.ubuntu.com/ubuntu jammy/main amd64 xfonts-encodings all 1:1.0.5-0ubuntu2 [578 kB]
2026-10-06T20:54:14.9095378Z Get:11 http://azure.archive.ubuntu.com/ubuntu jammy/main amd64 xfonts-utils amd64 1:7.7+6build2 [94.6 kB]
2026-10-06T20:54:14.9368438Z Get:12 http://azure.archive.ubuntu.com/ubuntu jammy/universe amd64 xfonts-cyrillic all 1:1.0.5 [386 kB]
2026-10-06T20:54:14.9700621Z Get:13 http://azure.archive.ubuntu.com/ubuntu jammy/main amd64 xfonts-scalable all 1:1.0.3-1.2ubuntu1 [306 kB]
2026-10-06T20:54:15.3299377Z Fetched 19.3 MB in 6s (3376 kB/s)
2026-10-06T20:54:15.3594139Z Selecting previously unselected package fonts-ipafont-gothic.
2026-10-06T20:54:15.3939112Z (Reading database ... 
2026-10-06T20:54:15.3939488Z (Reading database ... 5%
2026-10-06T20:54:15.3939787Z (Reading database ... 10%
2026-10-06T20:54:15.3940042Z (Reading database ... 15%
2026-10-06T20:54:15.3940440Z (Reading database ... 20%
2026-10-06T20:54:15.3940739Z (Reading database ... 25%
2026-10-06T20:54:15.3940981Z (Reading database ... 30%
2026-10-06T20:54:15.3941218Z (Reading database ... 35%
2026-10-06T20:54:15.3942503Z (Reading database ... 40%
2026-10-06T20:54:15.3942922Z (Reading database ... 45%
2026-10-06T20:54:15.3943326Z (Reading database ... 50%
2026-10-06T20:54:15.5117906Z (Reading database ... 55%
2026-10-06T20:54:15.7165123Z (Reading database ... 60%
2026-10-06T20:54:15.9636863Z (Reading database ... 65%
2026-10-06T20:54:16.1709943Z (Reading database ... 70%
2026-10-06T20:54:16.4039478Z (Reading database ... 75%
2026-10-06T20:54:16.6538667Z (Reading database ... 80%
2026-10-06T20:54:16.8844545Z (Reading database ... 85%
2026-10-06T20:54:17.1131359Z (Reading database ... 90%
2026-10-06T20:54:17.3274626Z (Reading database ... 95%
2026-10-06T20:54:17.3275181Z (Reading database ... 100%
2026-10-06T20:54:17.3275638Z (Reading database ... 260411 files and directories currently installed.)
2026-10-06T20:54:17.3342766Z Preparing to unpack .../00-fonts-ipafont-gothic_00303-21ubuntu1_all.deb ...
2026-10-06T20:54:17.3466581Z Unpacking fonts-ipafont-gothic (00303-21ubuntu1) ...
2026-10-06T20:54:17.6180738Z Selecting previously unselected package fonts-freefont-ttf.
2026-10-06T20:54:17.6404433Z Preparing to unpack .../01-fonts-freefont-ttf_20120503-10build1_all.deb ...
2026-10-06T20:54:17.6412128Z Unpacking fonts-freefont-ttf (20120503-10build1) ...
2026-10-06T20:54:17.8446483Z Selecting previously unselected package fonts-tlwg-loma-otf.
2026-10-06T20:54:17.8668903Z Preparing to unpack .../02-fonts-tlwg-loma-otf_1%3a0.7.3-1_all.deb ...
2026-10-06T20:54:17.8676522Z Unpacking fonts-tlwg-loma-otf (1:0.7.3-1) ...
2026-10-06T20:54:17.8928220Z Selecting previously unselected package fonts-unifont.
2026-10-06T20:54:17.9152318Z Preparing to unpack .../03-fonts-unifont_1%3a14.0.01-1_all.deb ...
2026-10-06T20:54:17.9158735Z Unpacking fonts-unifont (1:14.0.01-1) ...
2026-10-06T20:54:18.0092440Z Selecting previously unselected package fonts-wqy-zenhei.
2026-10-06T20:54:18.0315649Z Preparing to unpack .../04-fonts-wqy-zenhei_0.9.45-8_all.deb ...
2026-10-06T20:54:18.0439879Z Unpacking fonts-wqy-zenhei (0.9.45-8) ...
2026-10-06T20:54:18.5965007Z Preparing to unpack .../05-libfreetype-dev_2.11.1+dfsg-1ubuntu0.4_amd64.deb ...
2026-10-06T20:54:18.5982547Z Unpacking libfreetype-dev:amd64 (2.11.1+dfsg-1ubuntu0.4) over (2.11.1+dfsg-1ubuntu0.3) ...
2026-10-06T20:54:18.6799751Z Preparing to unpack .../06-libfreetype6-dev_2.11.1+dfsg-1ubuntu0.4_amd64.deb ...
2026-10-06T20:54:18.6817240Z Unpacking libfreetype6-dev:amd64 (2.11.1+dfsg-1ubuntu0.4) over (2.11.1+dfsg-1ubuntu0.3) ...
2026-10-06T20:54:18.7376379Z Preparing to unpack .../07-libfreetype6_2.11.1+dfsg-1ubuntu0.4_amd64.deb ...
2026-10-06T20:54:18.7455151Z Unpacking libfreetype6:amd64 (2.11.1+dfsg-1ubuntu0.4) over (2.11.1+dfsg-1ubuntu0.3) ...
2026-10-06T20:54:18.7737681Z Selecting previously unselected package xfonts-encodings.
2026-10-06T20:54:18.7966509Z Preparing to unpack .../08-xfonts-encodings_1%3a1.0.5-0ubuntu2_all.deb ...
2026-10-06T20:54:18.7974377Z Unpacking xfonts-encodings (1:1.0.5-0ubuntu2) ...
2026-10-06T20:54:18.8311017Z Selecting previously unselected package xfonts-utils.
2026-10-06T20:54:18.8535459Z Preparing to unpack .../09-xfonts-utils_1%3a7.7+6build2_amd64.deb ...
2026-10-06T20:54:18.8542215Z Unpacking xfonts-utils (1:7.7+6build2) ...
2026-10-06T20:54:18.8934831Z Selecting previously unselected package xfonts-cyrillic.
2026-10-06T20:54:18.9160106Z Preparing to unpack .../10-xfonts-cyrillic_1%3a1.0.5_all.deb ...
2026-10-06T20:54:18.9167466Z Unpacking xfonts-cyrillic (1:1.0.5) ...
2026-10-06T20:54:18.9709590Z Selecting previously unselected package xfonts-scalable.
2026-10-06T20:54:18.9936444Z Preparing to unpack .../11-xfonts-scalable_1%3a1.0.3-1.2ubuntu1_all.deb ...
2026-10-06T20:54:18.9943625Z Unpacking xfonts-scalable (1:1.0.3-1.2ubuntu1) ...
2026-10-06T20:54:19.0552322Z Setting up fonts-wqy-zenhei (0.9.45-8) ...
2026-10-06T20:54:19.0679812Z Setting up fonts-freefont-ttf (20120503-10build1) ...
2026-10-06T20:54:19.0698166Z Setting up fonts-tlwg-loma-otf (1:0.7.3-1) ...
2026-10-06T20:54:19.0716434Z Setting up libfreetype6:amd64 (2.11.1+dfsg-1ubuntu0.4) ...
2026-10-06T20:54:19.0732620Z Setting up xfonts-encodings (1:1.0.5-0ubuntu2) ...
2026-10-06T20:54:19.0748661Z Setting up fonts-ipafont-gothic (00303-21ubuntu1) ...
2026-10-06T20:54:19.0834822Z update-alternatives: using /usr/share/fonts/opentype/ipafont-gothic/ipag.ttf to provide /usr/share/fonts/truetype/fonts-japanese-gothic.ttf (fonts-japanese-gothic.ttf) in auto mode
2026-10-06T20:54:19.0848433Z Setting up fonts-unifont (1:14.0.01-1) ...
2026-10-06T20:54:19.0863611Z Setting up xfonts-utils (1:7.7+6build2) ...
2026-10-06T20:54:19.0905617Z Setting up libfreetype-dev:amd64 (2.11.1+dfsg-1ubuntu0.4) ...
2026-10-06T20:54:19.0920516Z Setting up xfonts-cyrillic (1:1.0.5) ...
2026-10-06T20:54:19.1264005Z Setting up xfonts-scalable (1:1.0.3-1.2ubuntu1) ...
2026-10-06T20:54:19.1586779Z Setting up libfreetype6-dev:amd64 (2.11.1+dfsg-1ubuntu0.4) ...
2026-10-06T20:54:19.1627777Z Processing triggers for libc-bin (2.35-0ubuntu3.15) ...
2026-10-06T20:54:19.2022036Z Processing triggers for man-db (2.10.2-1) ...
2026-10-06T20:54:19.2045719Z Not building database; man-db/auto-update is not 'true'.
2026-10-06T20:54:19.2062381Z Processing triggers for fontconfig (2.13.1-4.2ubuntu5) ...
2026-10-06T20:54:19.9194993Z 
2026-10-06T20:54:19.9195815Z Running kernel seems to be up-to-date.
2026-10-06T20:54:19.9196218Z 
2026-10-06T20:54:19.9196413Z Services to be restarted:
2026-10-06T20:54:19.9253944Z  systemctl restart php8.1-fpm.service
2026-10-06T20:54:19.9254209Z 
2026-10-06T20:54:19.9256462Z No containers need to be restarted.
2026-10-06T20:54:19.9256848Z 
2026-10-06T20:54:19.9257284Z No user sessions are running outdated binaries.
2026-10-06T20:54:19.9257727Z 
2026-10-06T20:54:19.9258888Z No VM guests are running outdated hypervisor (qemu) binaries on this host.
2026-10-06T20:54:21.5505607Z Downloading Chrome for Testing 153.0.8010.12 (playwright chromium v1243) from https://cdn.playwright.dev/builds/cft/153.0.8010.12/linux64/chrome-linux64.zip
2026-10-06T20:54:22.0027534Z |                                                                                |   0% of 186.8 MiB
2026-10-06T20:54:22.1797605Z |■■■■■■■■                                                                        |  10% of 186.8 MiB
2026-10-06T20:54:22.3539874Z |■■■■■■■■■■■■■■■■                                                                |  20% of 186.8 MiB
2026-10-06T20:54:22.5385492Z |■■■■■■■■■■■■■■■■■■■■■■■■                                                        |  30% of 186.8 MiB
2026-10-06T20:54:22.6555184Z |■■■■■■■■■■■■■■■■■■■■■■■■■■■■■■■■                                                |  40% of 186.8 MiB
2026-10-06T20:54:22.8538899Z |■■■■■■■■■■■■■■■■■■■■■■■■■■■■■■■■■■■■■■■■                                        |  50% of 186.8 MiB
2026-10-06T20:54:23.2610411Z |■■■■■■■■■■■■■■■■■■■■■■■■■■■■■■■■■■■■■■■■■■■■■■■■                                |  60% of 186.8 MiB
2026-10-06T20:54:23.5323573Z |■■■■■■■■■■■■■■■■■■■■■■■■■■■■■■■■■■■■■■■■■■■■■■■■■■■■■■■■                        |  70% of 186.8 MiB
2026-10-06T20:54:23.7075460Z |■■■■■■■■■■■■■■■■■■■■■■■■■■■■■■■■■■■■■■■■■■■■■■■■■■■■■■■■■■■■■■■■                |  80% of 186.8 MiB
2026-10-06T20:54:23.8366410Z |■■■■■■■■■■■■■■■■■■■■■■■■■■■■■■■■■■■■■■■■■■■■■■■■■■■■■■■■■■■■■■■■■■■■■■■■        |  90% of 186.8 MiB
2026-10-06T20:54:24.0342898Z |■■■■■■■■■■■■■■■■■■■■■■■■■■■■■■■■■■■■■■■■■■■■■■■■■■■■■■■■■■■■■■■■■■■■■■■■■■■■■■■■| 100% of 186.8 MiB
2026-10-06T20:54:27.0573732Z Chrome for Testing 153.0.8010.12 (playwright chromium v1243) downloaded to /home/runner/.cache/ms-playwright/chromium-1243
2026-10-06T20:54:27.0579197Z Downloading FFmpeg (playwright ffmpeg v1011) from https://cdn.playwright.dev/dbazure/download/playwright/builds/ffmpeg/1011/ffmpeg-linux.zip
2026-10-06T20:54:27.4360003Z |                                                                                |   0% of 2.3 MiB
2026-10-06T20:54:27.4420644Z |■■■■■■■■                                                                        |  10% of 2.3 MiB
2026-10-06T20:54:27.4448083Z |■■■■■■■■■■■■■■■■                                                                |  20% of 2.3 MiB
2026-10-06T20:54:27.4464425Z |■■■■■■■■■■■■■■■■■■■■■■■■                                                        |  30% of 2.3 MiB
2026-10-06T20:54:27.4477462Z |■■■■■■■■■■■■■■■■■■■■■■■■■■■■■■■■                                                |  40% of 2.3 MiB
2026-10-06T20:54:27.4491929Z |■■■■■■■■■■■■■■■■■■■■■■■■■■■■■■■■■■■■■■■■                                        |  50% of 2.3 MiB
2026-10-06T20:54:27.4503540Z |■■■■■■■■■■■■■■■■■■■■■■■■■■■■■■■■■■■■■■■■■■■■■■■■                                |  60% of 2.3 MiB
2026-10-06T20:54:27.4525206Z |■■■■■■■■■■■■■■■■■■■■■■■■■■■■■■■■■■■■■■■■■■■■■■■■■■■■■■■■                        |  70% of 2.3 MiB
2026-10-06T20:54:27.4532319Z |■■■■■■■■■■■■■■■■■■■■■■■■■■■■■■■■■■■■■■■■■■■■■■■■■■■■■■■■■■■■■■■■                |  80% of 2.3 MiB
2026-10-06T20:54:27.4543828Z |■■■■■■■■■■■■■■■■■■■■■■■■■■■■■■■■■■■■■■■■■■■■■■■■■■■■■■■■■■■■■■■■■■■■■■■■        |  90% of 2.3 MiB
2026-10-06T20:54:27.4556029Z |■■■■■■■■■■■■■■■■■■■■■■■■■■■■■■■■■■■■■■■■■■■■■■■■■■■■■■■■■■■■■■■■■■■■■■■■■■■■■■■■| 100% of 2.3 MiB
2026-10-06T20:54:27.5294355Z FFmpeg (playwright ffmpeg v1011) downloaded to /home/runner/.cache/ms-playwright/ffmpeg-1011
2026-10-06T20:54:27.5297853Z Downloading Chrome Headless Shell 153.0.8010.12 (playwright chromium-headless-shell v1243) from https://cdn.playwright.dev/builds/cft/153.0.8010.12/linux64/chrome-headless-shell-linux64.zip
2026-10-06T20:54:27.9409505Z |                                                                                |   0% of 114.3 MiB
2026-10-06T20:54:28.0758135Z |■■■■■■■■                                                                        |  10% of 114.3 MiB
2026-10-06T20:54:28.1444413Z |■■■■■■■■■■■■■■■■                                                                |  20% of 114.3 MiB
2026-10-06T20:54:28.2152801Z |■■■■■■■■■■■■■■■■■■■■■■■■                                                        |  30% of 114.3 MiB
2026-10-06T20:54:28.2767133Z |■■■■■■■■■■■■■■■■■■■■■■■■■■■■■■■■                                                |  40% of 114.3 MiB
2026-10-06T20:54:28.3273506Z |■■■■■■■■■■■■■■■■■■■■■■■■■■■■■■■■■■■■■■■■                                        |  50% of 114.3 MiB
2026-10-06T20:54:28.4051258Z |■■■■■■■■■■■■■■■■■■■■■■■■■■■■■■■■■■■■■■■■■■■■■■■■                                |  60% of 114.3 MiB
2026-10-06T20:54:28.4670243Z |■■■■■■■■■■■■■■■■■■■■■■■■■■■■■■■■■■■■■■■■■■■■■■■■■■■■■■■■                        |  70% of 114.3 MiB
2026-10-06T20:54:28.5591716Z |■■■■■■■■■■■■■■■■■■■■■■■■■■■■■■■■■■■■■■■■■■■■■■■■■■■■■■■■■■■■■■■■                |  80% of 114.3 MiB
2026-10-06T20:54:28.6349334Z |■■■■■■■■■■■■■■■■■■■■■■■■■■■■■■■■■■■■■■■■■■■■■■■■■■■■■■■■■■■■■■■■■■■■■■■■        |  90% of 114.3 MiB
2026-10-06T20:54:28.7197943Z |■■■■■■■■■■■■■■■■■■■■■■■■■■■■■■■■■■■■■■■■■■■■■■■■■■■■■■■■■■■■■■■■■■■■■■■■■■■■■■■■| 100% of 114.3 MiB
2026-10-06T20:54:30.9131240Z Chrome Headless Shell 153.0.8010.12 (playwright chromium-headless-shell v1243) downloaded to /home/runner/.cache/ms-playwright/chromium_headless_shell-1243
2026-10-06T20:54:30.9435619Z ##[group]Run set -o pipefail
2026-10-06T20:54:30.9435926Z [36;1mset -o pipefail[0m
2026-10-06T20:54:30.9436485Z [36;1mbash scripts/check-select-canonical-leaves-package.sh 2>&1 | tee .checks/select-canonical-leaves/installed-consumer.log[0m
2026-10-06T20:54:30.9512713Z shell: /usr/bin/bash -e {0}
2026-10-06T20:54:30.9513002Z env:
2026-10-06T20:54:30.9513236Z   NODE_OPTIONS: --max-old-space-size=768
2026-10-06T20:54:30.9513579Z   PNPM_HOME: /home/runner/setup-pnpm/node_modules/.bin
2026-10-06T20:54:30.9513887Z ##[endgroup]
2026-10-06T20:54:47.9425030Z Progress: resolved 0, reused 1, downloaded 0, added 0
2026-10-06T20:54:48.1900183Z Packages are hard linked from the content-addressable store to the virtual store.
2026-10-06T20:54:48.1901527Z   Content-addressable store is at: /home/runner/setup-pnpm/node_modules/.bin/store/v11
2026-10-06T20:54:48.1904770Z   Virtual store is at:             node_modules/.pnpm
2026-10-06T20:54:48.2556902Z Packages: +24
2026-10-06T20:54:48.2557457Z ++++++++++++++++++++++++
2026-10-06T20:54:48.2574635Z Progress: resolved 24, reused 21, downloaded 3, added 24, done
2026-10-06T20:54:48.2629132Z 
2026-10-06T20:54:48.2629519Z dependencies:
2026-10-06T20:54:48.2629931Z + @sveltery/base 0.0.0
2026-10-06T20:54:48.2630322Z + @sveltery/utils 0.0.0
2026-10-06T20:54:48.2630683Z + svelte 5.57.1
2026-10-06T20:54:48.2630872Z 
2026-10-06T20:54:48.2638603Z Done in 339ms using pnpm v12.6.0
2026-10-06T20:54:48.3026376Z ✓ Lockfile passes supply-chain policies (verified 41ms ago)
2026-10-06T20:54:48.3027813Z Lockfile is up to date, resolution step is skipped
2026-10-06T20:54:48.3029856Z Done in 15ms using pnpm v12.6.0
2026-10-06T20:54:50.1925994Z Installed private leaves, non-public exports and real no-browser SSR: PASS
2026-10-06T20:54:51.6024684Z Loading svelte-check in workspace: /home/runner/work/base/base/.checks/select-canonical-leaves-tmp/consumer.W3YZnV
2026-10-06T20:54:51.6025865Z Getting Svelte diagnostics...
2026-10-06T20:54:51.6026128Z 
2026-10-06T20:54:51.6040131Z /home/runner/work/base/base/.checks/select-canonical-leaves-tmp/consumer.W3YZnV/[32mtypes.ts[39m:37:1
2026-10-06T20:54:51.6054888Z [31mError[39m: Unused '@ts-expect-error' directive. 
2026-10-06T20:54:51.6055809Z [36mconst badOrientation: Props = { orientation: 'diagonal' };
2026-10-06T20:54:51.6056902Z [35m// @ts-expect-error Style callback receives the real ListboxSeparator state.[36m
2026-10-06T20:54:51.6057750Z const badStyle: Props = {[39m
2026-10-06T20:54:51.6058030Z 
2026-10-06T20:54:51.6059044Z /home/runner/work/base/base/.checks/select-canonical-leaves-tmp/consumer.W3YZnV/[32mtypes.ts[39m:39:10
2026-10-06T20:54:51.6064602Z [31mError[39m: Type '(state: { selected: boolean; }) => string' is not assignable to type 'string | ((state: ListboxSeparatorState) => string | null | undefined) | null | undefined'.
2026-10-06T20:54:51.6066537Z   Type '(state: { selected: boolean; }) => string' is not assignable to type '(state: ListboxSeparatorState) => string | null | undefined'.
2026-10-06T20:54:51.6067782Z     Types of parameters 'state' and 'state' are incompatible.
2026-10-06T20:54:51.6069123Z       Property 'selected' is missing in type 'ListboxSeparatorState' but required in type '{ selected: boolean; }'. 
2026-10-06T20:54:51.6070277Z [36mconst badStyle: Props = {
2026-10-06T20:54:51.6071164Z   style: [35m(state: { selected: boolean }) => `opacity:${state.selected ? 1 : 0}`[36m,
2026-10-06T20:54:51.6071933Z };[39m
2026-10-06T20:54:51.6072167Z 
2026-10-06T20:54:51.6076085Z /home/runner/work/base/base/.checks/select-canonical-leaves-tmp/consumer.W3YZnV/[32mtypes.ts[39m:43:1
2026-10-06T20:54:51.6077148Z [31mError[39m: Unused '@ts-expect-error' directive. 
2026-10-06T20:54:51.6077689Z [36mconst badChildren: Props = { children: 'text' };
2026-10-06T20:54:51.6078714Z [35m// @ts-expect-error Native event inference remains specific to the actual div.[36m
2026-10-06T20:54:51.6079291Z const badEvent: Props = {[39m
2026-10-06T20:54:51.6079512Z 
2026-10-06T20:54:51.6080976Z /home/runner/work/base/base/.checks/select-canonical-leaves-tmp/consumer.W3YZnV/[32mtypes.ts[39m:45:3
2026-10-06T20:54:51.6082829Z [31mError[39m: Type '(event: KeyboardEvent) => void' is not assignable to type '(event: BaseUIEvent<MouseEvent & { currentTarget: EventTarget & HTMLDivElement; }>) => any'.
2026-10-06T20:54:51.6084076Z   Types of parameters 'event' and 'event' are incompatible.
2026-10-06T20:54:51.6085621Z     Type 'BaseUIEvent<MouseEvent & { currentTarget: EventTarget & HTMLDivElement; }>' is missing the following properties from type 'KeyboardEvent': charCode, code, isComposing, key, and 8 more. 
2026-10-06T20:54:51.6087009Z [36mconst badEvent: Props = {
2026-10-06T20:54:51.6087507Z   [35monclick[36m(event: KeyboardEvent) {
2026-10-06T20:54:51.6087830Z     void event;[39m
2026-10-06T20:54:51.6087976Z 
2026-10-06T20:54:51.6088116Z ====================================
2026-10-06T20:54:51.6088743Z [31msvelte-check found 4 errors and 0 warnings in 1 file
2026-10-06T20:54:51.6712030Z [39m
2026-10-06T20:54:51.6724861Z ##[error]Process completed with exit code 1.
2026-10-06T20:54:51.6802730Z ##[group]Run actions/upload-artifact@ea165f8d65b6e75b540449e92b4886f43607fa02
2026-10-06T20:54:51.6803164Z with:
2026-10-06T20:54:51.6803406Z   name: select-canonical-leaves-evidence
2026-10-06T20:54:51.6803715Z   path: .checks/select-canonical-leaves/
2026-10-06T20:54:51.6803986Z   if-no-files-found: warn
2026-10-06T20:54:51.6804223Z   retention-days: 14
2026-10-06T20:54:51.6804451Z   compression-level: 6
2026-10-06T20:54:51.6804679Z   overwrite: false
2026-10-06T20:54:51.6804907Z   include-hidden-files: false
2026-10-06T20:54:51.6805405Z env:
2026-10-06T20:54:51.6805626Z   NODE_OPTIONS: --max-old-space-size=768
2026-10-06T20:54:51.6805952Z   PNPM_HOME: /home/runner/setup-pnpm/node_modules/.bin
2026-10-06T20:54:51.6806258Z ##[endgroup]
2026-10-06T20:54:51.8668833Z (node:4146) [DEP0040] DeprecationWarning: The `punycode` module is deprecated. Please use a userland alternative instead.
2026-10-06T20:54:51.8669821Z (Use `node --trace-deprecation ...` to show where the warning was created)
2026-10-06T20:54:51.8764825Z With the provided path, there will be 4 files uploaded
2026-10-06T20:54:51.8770142Z Artifact name is valid!
2026-10-06T20:54:51.8770764Z Root directory input is valid!
2026-10-06T20:54:52.1348994Z Beginning upload of artifact content to blob storage
2026-10-06T20:54:52.1579479Z (node:4146) [DEP0169] DeprecationWarning: `url.parse()` behavior is not standardized and prone to errors that have security implications. Use the WHATWG URL API instead. CVEs are not issued for `url.parse()` vulnerabilities.
2026-10-06T20:54:52.2675292Z Uploaded bytes 3115
2026-10-06T20:54:52.3028162Z Finished uploading artifact content to blob storage!
2026-10-06T20:54:52.3029251Z SHA256 digest of uploaded artifact zip is f6713a34ec604db6657b6f7bd1a2c159832a4b8dd05ce3444421cf553ba64801
2026-10-06T20:54:52.3030645Z Finalizing artifact upload
2026-10-06T20:54:52.5318960Z Artifact select-canonical-leaves-evidence.zip successfully finalized. Artifact ID 11443363856
2026-10-06T20:54:52.5320517Z Artifact select-canonical-leaves-evidence has been successfully uploaded! Final size is 3115 bytes. Artifact ID is 11443363856
2026-10-06T20:54:52.5326624Z Artifact download URL: https://github.com/sveltery/base/actions/runs/37529636216/artifacts/11443363856
2026-10-06T20:54:52.5522101Z Post job cleanup.
2026-10-06T20:54:52.7076569Z Pruning is unnecessary.
2026-10-06T20:54:52.7260632Z Post job cleanup.
2026-10-06T20:54:52.8256476Z [command]/usr/bin/git version
2026-10-06T20:54:52.8304888Z git version 2.55.0
2026-10-06T20:54:52.8350260Z Temporarily overriding HOME='/home/runner/work/_temp/d662663a-34f5-4f19-b2a2-93a4d7f829e8' before making global git config changes
2026-10-06T20:54:52.8351937Z Adding repository directory to the temporary git global config as a safe directory
2026-10-06T20:54:52.8357048Z [command]/usr/bin/git config --global --add safe.directory /home/runner/work/base/base/.checks/select-leaves/upstream
2026-10-06T20:54:52.8398731Z Removing SSH command configuration
2026-10-06T20:54:52.8406083Z [command]/usr/bin/git config --local --name-only --get-regexp core\.sshCommand
2026-10-06T20:54:52.8449969Z [command]/usr/bin/git submodule foreach --recursive sh -c "git config --local --name-only --get-regexp 'core\.sshCommand' && git config --local --unset-all 'core.sshCommand' || :"
2026-10-06T20:54:52.8762655Z Removing HTTP extra header
2026-10-06T20:54:52.8763989Z [command]/usr/bin/git config --local --name-only --get-regexp http\.https\:\/\/github\.com\/\.extraheader
2026-10-06T20:54:52.8803627Z [command]/usr/bin/git submodule foreach --recursive sh -c "git config --local --name-only --get-regexp 'http\.https\:\/\/github\.com\/\.extraheader' && git config --local --unset-all 'http.https://github.com/.extraheader' || :"
2026-10-06T20:54:52.9111684Z Removing includeIf entries pointing to credentials config files
2026-10-06T20:54:52.9122554Z [command]/usr/bin/git config --local --name-only --get-regexp ^includeIf\.gitdir:
2026-10-06T20:54:52.9169781Z [command]/usr/bin/git submodule foreach --recursive git config --local --show-origin --name-only --get-regexp remote.origin.url
2026-10-06T20:54:52.9649558Z Post job cleanup.
2026-10-06T20:54:53.0713364Z [command]/usr/bin/git version
2026-10-06T20:54:53.0799326Z git version 2.55.0
2026-10-06T20:54:53.0846885Z Temporarily overriding HOME='/home/runner/work/_temp/328eb14e-ec0b-4fed-b672-14b0c18fdb88' before making global git config changes
2026-10-06T20:54:53.0848795Z Adding repository directory to the temporary git global config as a safe directory
2026-10-06T20:54:53.0853583Z [command]/usr/bin/git config --global --add safe.directory /home/runner/work/base/base
2026-10-06T20:54:53.0900869Z Removing SSH command configuration
2026-10-06T20:54:53.0910106Z [command]/usr/bin/git config --local --name-only --get-regexp core\.sshCommand
2026-10-06T20:54:53.0960249Z [command]/usr/bin/git submodule foreach --recursive sh -c "git config --local --name-only --get-regexp 'core\.sshCommand' && git config --local --unset-all 'core.sshCommand' || :"
2026-10-06T20:54:53.1326076Z Removing HTTP extra header
2026-10-06T20:54:53.1334377Z [command]/usr/bin/git config --local --name-only --get-regexp http\.https\:\/\/github\.com\/\.extraheader
2026-10-06T20:54:53.1385576Z [command]/usr/bin/git submodule foreach --recursive sh -c "git config --local --name-only --get-regexp 'http\.https\:\/\/github\.com\/\.extraheader' && git config --local --unset-all 'http.https://github.com/.extraheader' || :"
2026-10-06T20:54:53.1739577Z Removing includeIf entries pointing to credentials config files
2026-10-06T20:54:53.1741546Z [command]/usr/bin/git config --local --name-only --get-regexp ^includeIf\.gitdir:
2026-10-06T20:54:53.1795021Z [command]/usr/bin/git submodule foreach --recursive git config --local --show-origin --name-only --get-regexp remote.origin.url
2026-10-06T20:54:53.2351793Z Cleaning up orphan processes
2026-10-06T20:54:53.2697670Z ##[warning]Node.js 20 is deprecated. The following actions target Node.js 20 but are being forced to run on Node.js 24: actions/upload-artifact@ea165f8d65b6e75b540449e92b4886f43607fa02. For more information see: https://github.blog/changelog/2025-09-19-deprecation-of-node-20-on-github-actions-runners/

