Progress: resolved 0, reused 1, downloaded 0, added 0
Progress: resolved 0, reused 1, downloaded 1, added 0
Update available! 12.6.0 → 12.9.1.
Changelog: https://pnpm.io/v/12.9.1
To update, run: curl -fsSL https://get.pnpm.io/install.sh | sh -
Packages are hard linked from the content-addressable store to the virtual store.
  Content-addressable store is at: /workspace/scratch/9e52af4fb58a/base/.checks/data/pnpm/store/v11
  Virtual store is at:             node_modules/.pnpm
Packages: +24
++++++++++++++++++++++++
Progress: resolved 24, reused 7, downloaded 17, added 24, done

dependencies:
+ @sveltery/base 0.0.0
+ @sveltery/utils 0.0.0
+ svelte 5.57.1

Done in 5.4s using pnpm v12.6.0
✓ Lockfile passes supply-chain policies (verified 315ms ago)
Lockfile is up to date, resolution step is skipped
Done in 10ms using pnpm v12.6.0
Installed private leaves, non-public exports and real no-browser SSR: PASS
Loading svelte-check in workspace: /workspace/scratch/9e52af4fb58a/select-clean/.checks/select-canonical-leaves-tmp/consumer.evdTMD
Getting Svelte diagnostics...

/workspace/scratch/9e52af4fb58a/select-clean/.checks/select-canonical-leaves-tmp/consumer.evdTMD/types.ts:37:1
Error: Unused '@ts-expect-error' directive. 
const badOrientation: Props = { orientation: 'diagonal' };
// @ts-expect-error Style callback receives the real ListboxSeparator state.
const badStyle: Props = {

/workspace/scratch/9e52af4fb58a/select-clean/.checks/select-canonical-leaves-tmp/consumer.evdTMD/types.ts:39:10
Error: Type '(state: { selected: boolean; }) => string' is not assignable to type 'string | ((state: ListboxSeparatorState) => string | null | undefined) | null | undefined'.
  Type '(state: { selected: boolean; }) => string' is not assignable to type '(state: ListboxSeparatorState) => string | null | undefined'.
    Types of parameters 'state' and 'state' are incompatible.
      Property 'selected' is missing in type 'ListboxSeparatorState' but required in type '{ selected: boolean; }'. 
const badStyle: Props = {
  style: (state: { selected: boolean }) => `opacity:${state.selected ? 1 : 0}`,
};

/workspace/scratch/9e52af4fb58a/select-clean/.checks/select-canonical-leaves-tmp/consumer.evdTMD/types.ts:43:1
Error: Unused '@ts-expect-error' directive. 
const badChildren: Props = { children: 'text' };
// @ts-expect-error Native event inference remains specific to the actual div.
const badEvent: Props = {

/workspace/scratch/9e52af4fb58a/select-clean/.checks/select-canonical-leaves-tmp/consumer.evdTMD/types.ts:45:3
Error: Type '(event: KeyboardEvent) => void' is not assignable to type '(event: BaseUIEvent<MouseEvent & { currentTarget: EventTarget & HTMLDivElement; }>) => any'.
  Types of parameters 'event' and 'event' are incompatible.
    Type 'BaseUIEvent<MouseEvent & { currentTarget: EventTarget & HTMLDivElement; }>' is missing the following properties from type 'KeyboardEvent': charCode, code, isComposing, key, and 8 more. 
const badEvent: Props = {
  onclick(event: KeyboardEvent) {
    void event;

====================================
svelte-check found 4 errors and 0 warnings in 1 file
