Progress: resolved 0, reused 1, downloaded 0, added 0
Packages are hard linked from the content-addressable store to the virtual store.
  Content-addressable store is at: /workspace/scratch/9e52af4fb58a/base/.checks/data/pnpm/store/v11
  Virtual store is at:             node_modules/.pnpm
Packages: +24
++++++++++++++++++++++++
Progress: resolved 24, reused 24, downloaded 0, added 24, done

dependencies:
+ @sveltery/base 0.0.0
+ @sveltery/utils 0.0.0
+ svelte 5.57.1

Update available! 12.6.0 → 12.9.1.
Changelog: https://pnpm.io/v/12.9.1
To update, run: curl -fsSL https://get.pnpm.io/install.sh | sh -
Done in 5.7s using pnpm v12.6.0
✓ Lockfile passes supply-chain policies (verified 5s ago)
Lockfile is up to date, resolution step is skipped
Done in 17ms using pnpm v12.6.0
Installed private leaves, non-public exports and real no-browser SSR: PASS
Loading svelte-check in workspace: /workspace/scratch/9e52af4fb58a/select-clean/.checks/select-canonical-leaves-tmp/consumer.VC6eU8
Getting Svelte diagnostics...

svelte-check found 0 errors and 0 warnings
9:56:01 PM [vite-plugin-svelte] no Svelte config found at /workspace/scratch/9e52af4fb58a/select-clean/.checks/select-canonical-leaves-tmp/consumer.VC6eU8 - using default configuration.
9:56:02 PM [vite-plugin-svelte] no Svelte config found at /workspace/scratch/9e52af4fb58a/select-clean/.checks/select-canonical-leaves-tmp/consumer.VC6eU8 - using default configuration.
9:56:02 PM [vite-plugin-svelte] no Svelte config found at /workspace/scratch/9e52af4fb58a/select-clean/.checks/select-canonical-leaves-tmp/consumer.VC6eU8 - using default configuration.

 RUN  v5.0.3 /workspace/scratch/9e52af4fb58a/select-clean/.checks/select-canonical-leaves-tmp/consumer.VC6eU8


 Test Files  4 passed (4)
      Tests  15 passed (15)
   Start at  21:56:04
   Duration  12.73s (transform 52%, environment 37%, import 6%, tests 5%)

Environment  |dom| jsdom was created 2 times · 4.09s total, 48% of tracked time
             create it once per worker with pool: 'vmThreads' (keeps per-file isolation) or isolate: false (shares it across files)
             learn more: https://vitest.dev/guide/improving-performance#test-environments

9:56:18 PM [vite-plugin-svelte] no Svelte config found at /workspace/scratch/9e52af4fb58a/select-clean/.checks/select-canonical-leaves-tmp/consumer.VC6eU8 - using default configuration.
9:56:18 PM [vite-plugin-svelte] no Svelte config found at /workspace/scratch/9e52af4fb58a/select-clean/.checks/select-canonical-leaves-tmp/consumer.VC6eU8 - using default configuration.
9:56:18 PM [vite-plugin-svelte] no Svelte config found at /workspace/scratch/9e52af4fb58a/select-clean/.checks/select-canonical-leaves-tmp/consumer.VC6eU8 - using default configuration.

 RUN  v5.0.3 /workspace/scratch/9e52af4fb58a/select-clean/.checks/select-canonical-leaves-tmp/consumer.VC6eU8

Failed to resolve dependency: vitest > expect-type, present in client 'optimizeDeps.include'
Failed to resolve dependency: vitest > magic-string, present in client 'optimizeDeps.include'
Failed to resolve dependency: vitest > chai, present in client 'optimizeDeps.include'
Failed to resolve dependency: vitest > vite/module-runner, present in client 'optimizeDeps.include'
Cannot optimize dependency: vitest/internal/browser, present in client 'optimizeDeps.include'
Cannot optimize dependency: vitest/internal/traces, present in client 'optimizeDeps.include'
(!) Failed to run dependency scan. Skipping dependency pre-bundling. Error:   Failed to scan for dependencies from entries:
  /workspace/scratch/9e52af4fb58a/select-clean/node_modules/.pnpm/vitest@5.0.3_@types+node@24.19.1_@vitest+browser-playwright@5.0.3_@vitest+ui@5.0.3_jsdo_beedeeaebbae8101bcfe40194d9192df/node_modules/vitest/dist/browser.js
/workspace/scratch/9e52af4fb58a/select-clean/node_modules/.pnpm/vitest@5.0.3_@types+node@24.19.1_@vitest+browser-playwright@5.0.3_@vitest+ui@5.0.3_jsdo_beedeeaebbae8101bcfe40194d9192df/node_modules/vitest/dist/index.js
/workspace/scratch/9e52af4fb58a/select-clean/.checks/select-canonical-leaves-tmp/consumer.VC6eU8/browser.test.ts

  Build failed with 1 error:

[31m[UNRESOLVED_IMPORT] [0mCould not resolve './node_modules/@sveltery/base/dist/utils/listbox-separator/ListboxSeparator.svelte' in virtual-module:/workspace/scratch/9e52af4fb58a/select-clean/.checks/select-canonical-leaves-tmp/consumer.VC6eU8/SelectCanonicalLeavesFixture.svelte?id=0
    [38;5;246m╭[0m[38;5;246m─[0m[38;5;246m[[0m virtual-module:/workspace/scratch/9e52af4fb58a/select-clean/.checks/select-canonical-leaves-tmp/consumer.VC6eU8/SelectCanonicalLeavesFixture.svelte?id=0:41:8 [38;5;246m][0m
    [38;5;246m│[0m
 [38;5;246m41 │[0m [38;5;249mi[0m[38;5;249mm[0m[38;5;249mp[0m[38;5;249mo[0m[38;5;249mr[0m[38;5;249mt[0m[38;5;249m [0m'./node_modules/@sveltery/base/dist/utils/listbox-separator/ListboxSeparator.svelte'
 [38;5;240m   │[0m        ──────────────────────────────────────────┬─────────────────────────────────────────  
 [38;5;240m   │[0m                                                  ╰─────────────────────────────────────────── Module not found.
 [38;5;240m   │[0m 
 [38;5;240m   │[0m [38;5;115mHelp[0m: 'virtual-module:/workspace/scratch/9e52af4fb58a/select-clean/.checks/select-canonical-leaves-tmp/consumer.VC6eU8/SelectCanonicalLeavesFixture.svelte?id=0' is imported by the following path:
 [38;5;240m   │[0m         - virtual-module:/workspace/scratch/9e52af4fb58a/select-clean/.checks/select-canonical-leaves-tmp/consumer.VC6eU8/SelectCanonicalLeavesFixture.svelte?id=0
 [38;5;240m   │[0m         - .checks/select-canonical-leaves-tmp/consumer.VC6eU8/SelectCanonicalLeavesFixture.svelte
 [38;5;240m   │[0m         - .checks/select-canonical-leaves-tmp/consumer.VC6eU8/dom.test.ts
 [38;5;240m   │[0m         - .checks/select-canonical-leaves-tmp/consumer.VC6eU8/browser.test.ts
[38;5;246m────╯[0m

    at aggregateBindingErrorsIntoJsError (file:///workspace/scratch/9e52af4fb58a/select-clean/node_modules/.pnpm/rolldown@1.2.11/node_modules/rolldown/dist/shared/error-C7pxws0W.mjs:48:18)
    at unwrapBindingResult (file:///workspace/scratch/9e52af4fb58a/select-clean/node_modules/.pnpm/rolldown@1.2.11/node_modules/rolldown/dist/shared/error-C7pxws0W.mjs:18:128)
    at scan (file:///workspace/scratch/9e52af4fb58a/select-clean/node_modules/.pnpm/rolldown@1.2.11/node_modules/rolldown/dist/experimental-index.mjs:241:3)
    at Object.build (file:///workspace/scratch/9e52af4fb58a/select-clean/node_modules/.pnpm/vite@8.3.1_@types+node@24.19.1/node_modules/vite/dist/node/chunks/node.js:27869:3)
    at scan (file:///workspace/scratch/9e52af4fb58a/select-clean/node_modules/.pnpm/vite@8.3.1_@types+node@24.19.1/node_modules/vite/dist/node/chunks/node.js:27808:4)
    at file:///workspace/scratch/9e52af4fb58a/select-clean/node_modules/.pnpm/vite@8.3.1_@types+node@24.19.1/node_modules/vite/dist/node/chunks/node.js:35568:15
⎯⎯⎯⎯⎯⎯ Unhandled Errors ⎯⎯⎯⎯⎯⎯

Vitest caught 1 unhandled error during the test run.
This might cause false positive tests. Resolve unhandled errors to make sure your tests are not affected.

⎯⎯⎯⎯⎯⎯ Unhandled Error ⎯⎯⎯⎯⎯⎯⎯
Error: browserType.launch: Executable doesn't exist at /workspace/scratch/9e52af4fb58a/base/.checks/cache/ms-playwright/chromium_headless_shell-1243/chrome-headless-shell-linux64/chrome-headless-shell
╔════════════════════════════════════════════════════════════╗
║ Looks like Playwright was just installed or updated.       ║
║ Please run the following command to download new browsers: ║
║                                                            ║
║     npx playwright install                                 ║
║                                                            ║
║ <3 Playwright Team                                         ║
╚════════════════════════════════════════════════════════════╝
 ❯ node_modules/.vite-temp/vitest.config.mjs.timestamp-1791320177631-7283bed5851d6.mjs:3269:55
 ❯ PlaywrightBrowserProvider.createContext node_modules/.vite-temp/vitest.config.mjs.timestamp-1791320177631-7283bed5851d6.mjs:3377:19
 ❯ PlaywrightBrowserProvider.openBrowserPage node_modules/.vite-temp/vitest.config.mjs.timestamp-1791320177631-7283bed5851d6.mjs:3431:23
 ❯ PlaywrightBrowserProvider.openPage node_modules/.vite-temp/vitest.config.mjs.timestamp-1791320177631-7283bed5851d6.mjs:3446:23
 ❯ TestProject._openBrowserPage ../../../node_modules/.pnpm/vitest@5.0.3_@types+node@24.19.1_@vitest+browser-playwright@5.0.3_@vitest+ui@5.0.3_jsdo_beedeeaebbae8101bcfe40194d9192df/node_modules/vitest/dist/chunks/index.DpLw24bj.js:12338:3
 ❯ BrowserPool.openPage ../../../node_modules/.pnpm/vitest@5.0.3_@types+node@24.19.1_@vitest+browser-playwright@5.0.3_@vitest+ui@5.0.3_jsdo_beedeeaebbae8101bcfe40194d9192df/node_modules/vitest/dist/chunks/index.DpLw24bj.js:10301:3
 ❯ BrowserPool.runTests ../../../node_modules/.pnpm/vitest@5.0.3_@types+node@24.19.1_@vitest+browser-playwright@5.0.3_@vitest+ui@5.0.3_jsdo_beedeeaebbae8101bcfe40194d9192df/node_modules/vitest/dist/chunks/index.DpLw24bj.js:10296:3
 ❯ runWorkspaceTests ../../../node_modules/.pnpm/vitest@5.0.3_@types+node@24.19.1_@vitest+browser-playwright@5.0.3_@vitest+ui@5.0.3_jsdo_beedeeaebbae8101bcfe40194d9192df/node_modules/vitest/dist/chunks/index.DpLw24bj.js:10182:3
 ❯ executeTests ../../../node_modules/.pnpm/vitest@5.0.3_@types+node@24.19.1_@vitest+browser-playwright@5.0.3_@vitest+ui@5.0.3_jsdo_beedeeaebbae8101bcfe40194d9192df/node_modules/vitest/dist/chunks/index.DpLw24bj.js:11796:25
 ❯ ../../../node_modules/.pnpm/vitest@5.0.3_@types+node@24.19.1_@vitest+browser-playwright@5.0.3_@vitest+ui@5.0.3_jsdo_beedeeaebbae8101bcfe40194d9192df/node_modules/vitest/dist/chunks/index.DpLw24bj.js:21128:7
 ❯ ../../../node_modules/.pnpm/vitest@5.0.3_@types+node@24.19.1_@vitest+browser-playwright@5.0.3_@vitest+ui@5.0.3_jsdo_beedeeaebbae8101bcfe40194d9192df/node_modules/vitest/dist/chunks/index.DpLw24bj.js:21155:11
 ❯ ../../../node_modules/.pnpm/vitest@5.0.3_@types+node@24.19.1_@vitest+browser-playwright@5.0.3_@vitest+ui@5.0.3_jsdo_beedeeaebbae8101bcfe40194d9192df/node_modules/vitest/dist/chunks/index.DpLw24bj.js:21017:19
 ❯ startVitest ../../../node_modules/.pnpm/vitest@5.0.3_@types+node@24.19.1_@vitest+browser-playwright@5.0.3_@vitest+ui@5.0.3_jsdo_beedeeaebbae8101bcfe40194d9192df/node_modules/vitest/dist/chunks/cli-api.C4x4GGip.js:369:8
 ❯ start ../../../node_modules/.pnpm/vitest@5.0.3_@types+node@24.19.1_@vitest+browser-playwright@5.0.3_@vitest+ui@5.0.3_jsdo_beedeeaebbae8101bcfe40194d9192df/node_modules/vitest/dist/chunks/cac.DfDGTQ9W.js:2370:15
 ❯ CAC.run ../../../node_modules/.pnpm/vitest@5.0.3_@types+node@24.19.1_@vitest+browser-playwright@5.0.3_@vitest+ui@5.0.3_jsdo_beedeeaebbae8101bcfe40194d9192df/node_modules/vitest/dist/chunks/cac.DfDGTQ9W.js:2346:2

⎯⎯⎯⎯⎯⎯⎯⎯⎯⎯⎯⎯⎯⎯⎯⎯⎯⎯⎯⎯⎯⎯⎯⎯⎯⎯⎯⎯⎯⎯
Serialized Error: { log: [] }
⎯⎯⎯⎯⎯⎯⎯⎯⎯⎯⎯⎯⎯⎯⎯⎯⎯⎯⎯⎯⎯⎯⎯⎯⎯⎯⎯⎯⎯⎯


 Test Files   (1)
      Tests  no tests
     Errors  1 error
   Start at  21:56:19
   Duration  604ms

error during close browserType.launch: Executable doesn't exist at /workspace/scratch/9e52af4fb58a/base/.checks/cache/ms-playwright/chromium_headless_shell-1243/chrome-headless-shell-linux64/chrome-headless-shell
╔════════════════════════════════════════════════════════════╗
║ Looks like Playwright was just installed or updated.       ║
║ Please run the following command to download new browsers: ║
║                                                            ║
║     npx playwright install                                 ║
║                                                            ║
║ <3 Playwright Team                                         ║
╚════════════════════════════════════════════════════════════╝
    at /workspace/scratch/9e52af4fb58a/select-clean/.checks/select-canonical-leaves-tmp/consumer.VC6eU8/node_modules/.vite-temp/vitest.config.mjs.timestamp-1791320177631-7283bed5851d6.mjs:3269:55
    at PlaywrightBrowserProvider.createContext (/workspace/scratch/9e52af4fb58a/select-clean/.checks/select-canonical-leaves-tmp/consumer.VC6eU8/node_modules/.vite-temp/vitest.config.mjs.timestamp-1791320177631-7283bed5851d6.mjs:3377:19)
    at PlaywrightBrowserProvider.openBrowserPage (/workspace/scratch/9e52af4fb58a/select-clean/.checks/select-canonical-leaves-tmp/consumer.VC6eU8/node_modules/.vite-temp/vitest.config.mjs.timestamp-1791320177631-7283bed5851d6.mjs:3431:23)
    at PlaywrightBrowserProvider.openPage (/workspace/scratch/9e52af4fb58a/select-clean/.checks/select-canonical-leaves-tmp/consumer.VC6eU8/node_modules/.vite-temp/vitest.config.mjs.timestamp-1791320177631-7283bed5851d6.mjs:3446:23)
    at TestProject._openBrowserPage (/workspace/scratch/9e52af4fb58a/select-clean/node_modules/.pnpm/vitest@5.0.3_@types+node@24.19.1_@vitest+browser-playwright@5.0.3_@vitest+ui@5.0.3_jsdo_beedeeaebbae8101bcfe40194d9192df/node_modules/vitest/dist/chunks/index.DpLw24bj.js:12338:3)
    at BrowserPool.openPage (/workspace/scratch/9e52af4fb58a/select-clean/node_modules/.pnpm/vitest@5.0.3_@types+node@24.19.1_@vitest+browser-playwright@5.0.3_@vitest+ui@5.0.3_jsdo_beedeeaebbae8101bcfe40194d9192df/node_modules/vitest/dist/chunks/index.DpLw24bj.js:10301:3)
    at BrowserPool.runTests (/workspace/scratch/9e52af4fb58a/select-clean/node_modules/.pnpm/vitest@5.0.3_@types+node@24.19.1_@vitest+browser-playwright@5.0.3_@vitest+ui@5.0.3_jsdo_beedeeaebbae8101bcfe40194d9192df/node_modules/vitest/dist/chunks/index.DpLw24bj.js:10296:3)
    at runWorkspaceTests (/workspace/scratch/9e52af4fb58a/select-clean/node_modules/.pnpm/vitest@5.0.3_@types+node@24.19.1_@vitest+browser-playwright@5.0.3_@vitest+ui@5.0.3_jsdo_beedeeaebbae8101bcfe40194d9192df/node_modules/vitest/dist/chunks/index.DpLw24bj.js:10182:3)
    at executeTests (/workspace/scratch/9e52af4fb58a/select-clean/node_modules/.pnpm/vitest@5.0.3_@types+node@24.19.1_@vitest+browser-playwright@5.0.3_@vitest+ui@5.0.3_jsdo_beedeeaebbae8101bcfe40194d9192df/node_modules/vitest/dist/chunks/index.DpLw24bj.js:11796:25)
    at /workspace/scratch/9e52af4fb58a/select-clean/node_modules/.pnpm/vitest@5.0.3_@types+node@24.19.1_@vitest+browser-playwright@5.0.3_@vitest+ui@5.0.3_jsdo_beedeeaebbae8101bcfe40194d9192df/node_modules/vitest/dist/chunks/index.DpLw24bj.js:21128:7
    at /workspace/scratch/9e52af4fb58a/select-clean/node_modules/.pnpm/vitest@5.0.3_@types+node@24.19.1_@vitest+browser-playwright@5.0.3_@vitest+ui@5.0.3_jsdo_beedeeaebbae8101bcfe40194d9192df/node_modules/vitest/dist/chunks/index.DpLw24bj.js:21155:11
    at /workspace/scratch/9e52af4fb58a/select-clean/node_modules/.pnpm/vitest@5.0.3_@types+node@24.19.1_@vitest+browser-playwright@5.0.3_@vitest+ui@5.0.3_jsdo_beedeeaebbae8101bcfe40194d9192df/node_modules/vitest/dist/chunks/index.DpLw24bj.js:21017:19
    at startVitest (/workspace/scratch/9e52af4fb58a/select-clean/node_modules/.pnpm/vitest@5.0.3_@types+node@24.19.1_@vitest+browser-playwright@5.0.3_@vitest+ui@5.0.3_jsdo_beedeeaebbae8101bcfe40194d9192df/node_modules/vitest/dist/chunks/cli-api.C4x4GGip.js:369:8)
    at start (/workspace/scratch/9e52af4fb58a/select-clean/node_modules/.pnpm/vitest@5.0.3_@types+node@24.19.1_@vitest+browser-playwright@5.0.3_@vitest+ui@5.0.3_jsdo_beedeeaebbae8101bcfe40194d9192df/node_modules/vitest/dist/chunks/cac.DfDGTQ9W.js:2370:15)
    at CAC.run (/workspace/scratch/9e52af4fb58a/select-clean/node_modules/.pnpm/vitest@5.0.3_@types+node@24.19.1_@vitest+browser-playwright@5.0.3_@vitest+ui@5.0.3_jsdo_beedeeaebbae8101bcfe40194d9192df/node_modules/vitest/dist/chunks/cac.DfDGTQ9W.js:2346:2) {
  log: [],
  name: 'Error',
  type: 'Unhandled Error',
  stacks: [
    {
      method: '',
      file: '/workspace/scratch/9e52af4fb58a/select-clean/.checks/select-canonical-leaves-tmp/consumer.VC6eU8/node_modules/.vite-temp/vitest.config.mjs.timestamp-1791320177631-7283bed5851d6.mjs',
      line: 3269,
      column: 55
    },
    {
      method: 'PlaywrightBrowserProvider.createContext',
      file: '/workspace/scratch/9e52af4fb58a/select-clean/.checks/select-canonical-leaves-tmp/consumer.VC6eU8/node_modules/.vite-temp/vitest.config.mjs.timestamp-1791320177631-7283bed5851d6.mjs',
      line: 3377,
      column: 19
    },
    {
      method: 'PlaywrightBrowserProvider.openBrowserPage',
      file: '/workspace/scratch/9e52af4fb58a/select-clean/.checks/select-canonical-leaves-tmp/consumer.VC6eU8/node_modules/.vite-temp/vitest.config.mjs.timestamp-1791320177631-7283bed5851d6.mjs',
      line: 3431,
      column: 23
    },
    {
      method: 'PlaywrightBrowserProvider.openPage',
      file: '/workspace/scratch/9e52af4fb58a/select-clean/.checks/select-canonical-leaves-tmp/consumer.VC6eU8/node_modules/.vite-temp/vitest.config.mjs.timestamp-1791320177631-7283bed5851d6.mjs',
      line: 3446,
      column: 23
    },
    {
      method: 'TestProject._openBrowserPage',
      file: '/workspace/scratch/9e52af4fb58a/select-clean/node_modules/.pnpm/vitest@5.0.3_@types+node@24.19.1_@vitest+browser-playwright@5.0.3_@vitest+ui@5.0.3_jsdo_beedeeaebbae8101bcfe40194d9192df/node_modules/vitest/dist/chunks/index.DpLw24bj.js',
      line: 12338,
      column: 3
    },
    {
      method: 'BrowserPool.openPage',
      file: '/workspace/scratch/9e52af4fb58a/select-clean/node_modules/.pnpm/vitest@5.0.3_@types+node@24.19.1_@vitest+browser-playwright@5.0.3_@vitest+ui@5.0.3_jsdo_beedeeaebbae8101bcfe40194d9192df/node_modules/vitest/dist/chunks/index.DpLw24bj.js',
      line: 10301,
      column: 3
    },
    {
      method: 'BrowserPool.runTests',
      file: '/workspace/scratch/9e52af4fb58a/select-clean/node_modules/.pnpm/vitest@5.0.3_@types+node@24.19.1_@vitest+browser-playwright@5.0.3_@vitest+ui@5.0.3_jsdo_beedeeaebbae8101bcfe40194d9192df/node_modules/vitest/dist/chunks/index.DpLw24bj.js',
      line: 10296,
      column: 3
    },
    {
      method: 'runWorkspaceTests',
      file: '/workspace/scratch/9e52af4fb58a/select-clean/node_modules/.pnpm/vitest@5.0.3_@types+node@24.19.1_@vitest+browser-playwright@5.0.3_@vitest+ui@5.0.3_jsdo_beedeeaebbae8101bcfe40194d9192df/node_modules/vitest/dist/chunks/index.DpLw24bj.js',
      line: 10182,
      column: 3
    },
    {
      method: 'executeTests',
      file: '/workspace/scratch/9e52af4fb58a/select-clean/node_modules/.pnpm/vitest@5.0.3_@types+node@24.19.1_@vitest+browser-playwright@5.0.3_@vitest+ui@5.0.3_jsdo_beedeeaebbae8101bcfe40194d9192df/node_modules/vitest/dist/chunks/index.DpLw24bj.js',
      line: 11796,
      column: 25
    },
    {
      method: '',
      file: '/workspace/scratch/9e52af4fb58a/select-clean/node_modules/.pnpm/vitest@5.0.3_@types+node@24.19.1_@vitest+browser-playwright@5.0.3_@vitest+ui@5.0.3_jsdo_beedeeaebbae8101bcfe40194d9192df/node_modules/vitest/dist/chunks/index.DpLw24bj.js',
      line: 21128,
      column: 7
    },
    {
      method: '',
      file: '/workspace/scratch/9e52af4fb58a/select-clean/node_modules/.pnpm/vitest@5.0.3_@types+node@24.19.1_@vitest+browser-playwright@5.0.3_@vitest+ui@5.0.3_jsdo_beedeeaebbae8101bcfe40194d9192df/node_modules/vitest/dist/chunks/index.DpLw24bj.js',
      line: 21155,
      column: 11
    },
    {
      method: '',
      file: '/workspace/scratch/9e52af4fb58a/select-clean/node_modules/.pnpm/vitest@5.0.3_@types+node@24.19.1_@vitest+browser-playwright@5.0.3_@vitest+ui@5.0.3_jsdo_beedeeaebbae8101bcfe40194d9192df/node_modules/vitest/dist/chunks/index.DpLw24bj.js',
      line: 21017,
      column: 19
    },
    {
      method: 'startVitest',
      file: '/workspace/scratch/9e52af4fb58a/select-clean/node_modules/.pnpm/vitest@5.0.3_@types+node@24.19.1_@vitest+browser-playwright@5.0.3_@vitest+ui@5.0.3_jsdo_beedeeaebbae8101bcfe40194d9192df/node_modules/vitest/dist/chunks/cli-api.C4x4GGip.js',
      line: 369,
      column: 8
    },
    {
      method: 'start',
      file: '/workspace/scratch/9e52af4fb58a/select-clean/node_modules/.pnpm/vitest@5.0.3_@types+node@24.19.1_@vitest+browser-playwright@5.0.3_@vitest+ui@5.0.3_jsdo_beedeeaebbae8101bcfe40194d9192df/node_modules/vitest/dist/chunks/cac.DfDGTQ9W.js',
      line: 2370,
      column: 15
    },
    {
      method: 'CAC.run',
      file: '/workspace/scratch/9e52af4fb58a/select-clean/node_modules/.pnpm/vitest@5.0.3_@types+node@24.19.1_@vitest+browser-playwright@5.0.3_@vitest+ui@5.0.3_jsdo_beedeeaebbae8101bcfe40194d9192df/node_modules/vitest/dist/chunks/cac.DfDGTQ9W.js',
      line: 2346,
      column: 2
    }
  ]
}
