Progress: resolved 0, reused 1, downloaded 0, added 0
Progress: resolved 0, reused 23, downloaded 0, added 0
Update available! 12.6.0 → 12.9.1.
Changelog: https://pnpm.io/v/12.9.1
To update, run: curl -fsSL https://get.pnpm.io/install.sh | sh -
Progress: resolved 0, reused 49, downloaded 6, added 0
Progress: resolved 0, reused 64, downloaded 27, added 0
Progress: resolved 0, reused 69, downloaded 36, added 0
Packages are hard linked from the content-addressable store to the virtual store.
  Content-addressable store is at: /workspace/scratch/9e52af4fb58a/base/.checks/data/pnpm/store/v11
  Virtual store is at:             node_modules/.pnpm
Downloading @rolldown/binding-linux-x64-gnu@1.2.12: 0.00 B/8.07 MB
Packages: +114
++++++++++++++++++++++++++++++++++++++++++++++++++++++++++++++++++++++++++++++++
Progress: resolved 114, reused 71, downloaded 43, added 114, done

dependencies:
+ @sveltery/base 0.0.0
+ @sveltery/utils 0.0.0
+ svelte 5.57.1

devDependencies:
+ @sveltejs/vite-plugin-svelte 7.3.1
+ @vitest/browser-playwright 5.0.3
+ jsdom 30.1.1
+ playwright 1.63.0
+ vite 8.3.1
+ vitest 5.0.3

Done in 9.8s using pnpm v12.6.0
✓ Lockfile passes supply-chain policies (verified 270ms ago)
Lockfile is up to date, resolution step is skipped
Done in 10ms using pnpm v12.6.0
Installed private leaves, non-public exports and real no-browser SSR: PASS
Loading svelte-check in workspace: /workspace/scratch/9e52af4fb58a/select-clean/.checks/select-canonical-leaves-tmp/consumer.fHQupL
Getting Svelte diagnostics...

svelte-check found 0 errors and 0 warnings
10:01:18 PM [vite-plugin-svelte] no Svelte config found at /workspace/scratch/9e52af4fb58a/select-clean/.checks/select-canonical-leaves-tmp/consumer.fHQupL - using default configuration.
10:01:18 PM [vite-plugin-svelte] no Svelte config found at /workspace/scratch/9e52af4fb58a/select-clean/.checks/select-canonical-leaves-tmp/consumer.fHQupL - using default configuration.
10:01:18 PM [vite-plugin-svelte] no Svelte config found at /workspace/scratch/9e52af4fb58a/select-clean/.checks/select-canonical-leaves-tmp/consumer.fHQupL - using default configuration.

 RUN  v5.0.3 /workspace/scratch/9e52af4fb58a/select-clean/.checks/select-canonical-leaves-tmp/consumer.fHQupL


 Test Files  4 passed (4)
      Tests  15 passed (15)
   Start at  22:01:20
   Duration  8.75s (transform 55%, environment 35%, import 7%, tests 3%)

Environment  |dom| jsdom was created 2 times · 2.64s total, 48% of tracked time
             create it once per worker with pool: 'vmThreads' (keeps per-file isolation) or isolate: false (shares it across files)
             learn more: https://vitest.dev/guide/improving-performance#test-environments

10:01:30 PM [vite-plugin-svelte] no Svelte config found at /workspace/scratch/9e52af4fb58a/select-clean/.checks/select-canonical-leaves-tmp/consumer.fHQupL - using default configuration.
10:01:30 PM [vite-plugin-svelte] no Svelte config found at /workspace/scratch/9e52af4fb58a/select-clean/.checks/select-canonical-leaves-tmp/consumer.fHQupL - using default configuration.
10:01:30 PM [vite-plugin-svelte] no Svelte config found at /workspace/scratch/9e52af4fb58a/select-clean/.checks/select-canonical-leaves-tmp/consumer.fHQupL - using default configuration.

 RUN  v5.0.3 /workspace/scratch/9e52af4fb58a/select-clean/.checks/select-canonical-leaves-tmp/consumer.fHQupL

⎯⎯⎯⎯⎯⎯ Unhandled Errors ⎯⎯⎯⎯⎯⎯

Vitest caught 1 unhandled error during the test run.
This might cause false positive tests. Resolve unhandled errors to make sure your tests are not affected.

⎯⎯⎯⎯⎯⎯ Unhandled Error ⎯⎯⎯⎯⎯⎯⎯
Error: browserType.launch: Executable doesn't exist at /workspace/scratch/9e52af4fb58a/base/.checks/cache/ms-playwright/chromium_headless_shell-1243/chrome-headless-shell-linux64/chrome-headless-shell
╔════════════════════════════════════════════════════════════╗
║ Looks like Playwright was just installed or updated.       ║
║ Please run the following command to download new browsers: ║
║                                                            ║
║     npx playwright install                                 ║
║                                                            ║
║ <3 Playwright Team                                         ║
╚════════════════════════════════════════════════════════════╝
 ❯ node_modules/.pnpm/@vitest+browser-playwright@5.0.3_playwright@1.63.0_vite@8.3.1_vitest@5.0.3/node_modules/@vitest/browser-playwright/dist/index.js:1053:55
 ❯ PlaywrightBrowserProvider.createContext node_modules/.pnpm/@vitest+browser-playwright@5.0.3_playwright@1.63.0_vite@8.3.1_vitest@5.0.3/node_modules/@vitest/browser-playwright/dist/index.js:1189:19
 ❯ PlaywrightBrowserProvider.openBrowserPage node_modules/.pnpm/@vitest+browser-playwright@5.0.3_playwright@1.63.0_vite@8.3.1_vitest@5.0.3/node_modules/@vitest/browser-playwright/dist/index.js:1263:19
 ❯ PlaywrightBrowserProvider.openPage node_modules/.pnpm/@vitest+browser-playwright@5.0.3_playwright@1.63.0_vite@8.3.1_vitest@5.0.3/node_modules/@vitest/browser-playwright/dist/index.js:1284:23
 ❯ TestProject._openBrowserPage node_modules/.pnpm/vitest@5.0.3_@vitest+browser-playwright@5.0.3_@vitest+ui@5.0.3_jsdom@30.1.1_vite@8.3.1/node_modules/vitest/dist/chunks/index.DpLw24bj.js:12338:3
 ❯ BrowserPool.openPage node_modules/.pnpm/vitest@5.0.3_@vitest+browser-playwright@5.0.3_@vitest+ui@5.0.3_jsdom@30.1.1_vite@8.3.1/node_modules/vitest/dist/chunks/index.DpLw24bj.js:10301:3
 ❯ BrowserPool.runTests node_modules/.pnpm/vitest@5.0.3_@vitest+browser-playwright@5.0.3_@vitest+ui@5.0.3_jsdom@30.1.1_vite@8.3.1/node_modules/vitest/dist/chunks/index.DpLw24bj.js:10296:3
 ❯ runWorkspaceTests node_modules/.pnpm/vitest@5.0.3_@vitest+browser-playwright@5.0.3_@vitest+ui@5.0.3_jsdom@30.1.1_vite@8.3.1/node_modules/vitest/dist/chunks/index.DpLw24bj.js:10182:3
 ❯ executeTests node_modules/.pnpm/vitest@5.0.3_@vitest+browser-playwright@5.0.3_@vitest+ui@5.0.3_jsdom@30.1.1_vite@8.3.1/node_modules/vitest/dist/chunks/index.DpLw24bj.js:11796:25
 ❯ node_modules/.pnpm/vitest@5.0.3_@vitest+browser-playwright@5.0.3_@vitest+ui@5.0.3_jsdom@30.1.1_vite@8.3.1/node_modules/vitest/dist/chunks/index.DpLw24bj.js:21128:7
 ❯ node_modules/.pnpm/vitest@5.0.3_@vitest+browser-playwright@5.0.3_@vitest+ui@5.0.3_jsdom@30.1.1_vite@8.3.1/node_modules/vitest/dist/chunks/index.DpLw24bj.js:21155:11
 ❯ node_modules/.pnpm/vitest@5.0.3_@vitest+browser-playwright@5.0.3_@vitest+ui@5.0.3_jsdom@30.1.1_vite@8.3.1/node_modules/vitest/dist/chunks/index.DpLw24bj.js:21017:19
 ❯ startVitest node_modules/.pnpm/vitest@5.0.3_@vitest+browser-playwright@5.0.3_@vitest+ui@5.0.3_jsdom@30.1.1_vite@8.3.1/node_modules/vitest/dist/chunks/cli-api.C4x4GGip.js:369:8
 ❯ start node_modules/.pnpm/vitest@5.0.3_@vitest+browser-playwright@5.0.3_@vitest+ui@5.0.3_jsdom@30.1.1_vite@8.3.1/node_modules/vitest/dist/chunks/cac.DfDGTQ9W.js:2370:15
 ❯ CAC.run node_modules/.pnpm/vitest@5.0.3_@vitest+browser-playwright@5.0.3_@vitest+ui@5.0.3_jsdom@30.1.1_vite@8.3.1/node_modules/vitest/dist/chunks/cac.DfDGTQ9W.js:2346:2

⎯⎯⎯⎯⎯⎯⎯⎯⎯⎯⎯⎯⎯⎯⎯⎯⎯⎯⎯⎯⎯⎯⎯⎯⎯⎯⎯⎯⎯⎯
Serialized Error: { log: [] }
⎯⎯⎯⎯⎯⎯⎯⎯⎯⎯⎯⎯⎯⎯⎯⎯⎯⎯⎯⎯⎯⎯⎯⎯⎯⎯⎯⎯⎯⎯


 Test Files   (1)
      Tests  no tests
     Errors  1 error
   Start at  22:01:30
   Duration  679ms

error during close browserType.launch: Executable doesn't exist at /workspace/scratch/9e52af4fb58a/base/.checks/cache/ms-playwright/chromium_headless_shell-1243/chrome-headless-shell-linux64/chrome-headless-shell
╔════════════════════════════════════════════════════════════╗
║ Looks like Playwright was just installed or updated.       ║
║ Please run the following command to download new browsers: ║
║                                                            ║
║     npx playwright install                                 ║
║                                                            ║
║ <3 Playwright Team                                         ║
╚════════════════════════════════════════════════════════════╝
    at /workspace/scratch/9e52af4fb58a/select-clean/.checks/select-canonical-leaves-tmp/consumer.fHQupL/node_modules/.pnpm/@vitest+browser-playwright@5.0.3_playwright@1.63.0_vite@8.3.1_vitest@5.0.3/node_modules/@vitest/browser-playwright/dist/index.js:1053:55
    at PlaywrightBrowserProvider.createContext (/workspace/scratch/9e52af4fb58a/select-clean/.checks/select-canonical-leaves-tmp/consumer.fHQupL/node_modules/.pnpm/@vitest+browser-playwright@5.0.3_playwright@1.63.0_vite@8.3.1_vitest@5.0.3/node_modules/@vitest/browser-playwright/dist/index.js:1189:19)
    at PlaywrightBrowserProvider.openBrowserPage (/workspace/scratch/9e52af4fb58a/select-clean/.checks/select-canonical-leaves-tmp/consumer.fHQupL/node_modules/.pnpm/@vitest+browser-playwright@5.0.3_playwright@1.63.0_vite@8.3.1_vitest@5.0.3/node_modules/@vitest/browser-playwright/dist/index.js:1263:19)
    at PlaywrightBrowserProvider.openPage (/workspace/scratch/9e52af4fb58a/select-clean/.checks/select-canonical-leaves-tmp/consumer.fHQupL/node_modules/.pnpm/@vitest+browser-playwright@5.0.3_playwright@1.63.0_vite@8.3.1_vitest@5.0.3/node_modules/@vitest/browser-playwright/dist/index.js:1284:23)
    at TestProject._openBrowserPage (/workspace/scratch/9e52af4fb58a/select-clean/.checks/select-canonical-leaves-tmp/consumer.fHQupL/node_modules/.pnpm/vitest@5.0.3_@vitest+browser-playwright@5.0.3_@vitest+ui@5.0.3_jsdom@30.1.1_vite@8.3.1/node_modules/vitest/dist/chunks/index.DpLw24bj.js:12338:3)
    at BrowserPool.openPage (/workspace/scratch/9e52af4fb58a/select-clean/.checks/select-canonical-leaves-tmp/consumer.fHQupL/node_modules/.pnpm/vitest@5.0.3_@vitest+browser-playwright@5.0.3_@vitest+ui@5.0.3_jsdom@30.1.1_vite@8.3.1/node_modules/vitest/dist/chunks/index.DpLw24bj.js:10301:3)
    at BrowserPool.runTests (/workspace/scratch/9e52af4fb58a/select-clean/.checks/select-canonical-leaves-tmp/consumer.fHQupL/node_modules/.pnpm/vitest@5.0.3_@vitest+browser-playwright@5.0.3_@vitest+ui@5.0.3_jsdom@30.1.1_vite@8.3.1/node_modules/vitest/dist/chunks/index.DpLw24bj.js:10296:3)
    at runWorkspaceTests (/workspace/scratch/9e52af4fb58a/select-clean/.checks/select-canonical-leaves-tmp/consumer.fHQupL/node_modules/.pnpm/vitest@5.0.3_@vitest+browser-playwright@5.0.3_@vitest+ui@5.0.3_jsdom@30.1.1_vite@8.3.1/node_modules/vitest/dist/chunks/index.DpLw24bj.js:10182:3)
    at executeTests (/workspace/scratch/9e52af4fb58a/select-clean/.checks/select-canonical-leaves-tmp/consumer.fHQupL/node_modules/.pnpm/vitest@5.0.3_@vitest+browser-playwright@5.0.3_@vitest+ui@5.0.3_jsdom@30.1.1_vite@8.3.1/node_modules/vitest/dist/chunks/index.DpLw24bj.js:11796:25)
    at /workspace/scratch/9e52af4fb58a/select-clean/.checks/select-canonical-leaves-tmp/consumer.fHQupL/node_modules/.pnpm/vitest@5.0.3_@vitest+browser-playwright@5.0.3_@vitest+ui@5.0.3_jsdom@30.1.1_vite@8.3.1/node_modules/vitest/dist/chunks/index.DpLw24bj.js:21128:7
    at /workspace/scratch/9e52af4fb58a/select-clean/.checks/select-canonical-leaves-tmp/consumer.fHQupL/node_modules/.pnpm/vitest@5.0.3_@vitest+browser-playwright@5.0.3_@vitest+ui@5.0.3_jsdom@30.1.1_vite@8.3.1/node_modules/vitest/dist/chunks/index.DpLw24bj.js:21155:11
    at /workspace/scratch/9e52af4fb58a/select-clean/.checks/select-canonical-leaves-tmp/consumer.fHQupL/node_modules/.pnpm/vitest@5.0.3_@vitest+browser-playwright@5.0.3_@vitest+ui@5.0.3_jsdom@30.1.1_vite@8.3.1/node_modules/vitest/dist/chunks/index.DpLw24bj.js:21017:19
    at startVitest (/workspace/scratch/9e52af4fb58a/select-clean/.checks/select-canonical-leaves-tmp/consumer.fHQupL/node_modules/.pnpm/vitest@5.0.3_@vitest+browser-playwright@5.0.3_@vitest+ui@5.0.3_jsdom@30.1.1_vite@8.3.1/node_modules/vitest/dist/chunks/cli-api.C4x4GGip.js:369:8)
    at start (/workspace/scratch/9e52af4fb58a/select-clean/.checks/select-canonical-leaves-tmp/consumer.fHQupL/node_modules/.pnpm/vitest@5.0.3_@vitest+browser-playwright@5.0.3_@vitest+ui@5.0.3_jsdom@30.1.1_vite@8.3.1/node_modules/vitest/dist/chunks/cac.DfDGTQ9W.js:2370:15)
    at CAC.run (/workspace/scratch/9e52af4fb58a/select-clean/.checks/select-canonical-leaves-tmp/consumer.fHQupL/node_modules/.pnpm/vitest@5.0.3_@vitest+browser-playwright@5.0.3_@vitest+ui@5.0.3_jsdom@30.1.1_vite@8.3.1/node_modules/vitest/dist/chunks/cac.DfDGTQ9W.js:2346:2) {
  log: [],
  name: 'Error',
  type: 'Unhandled Error',
  stacks: [
    {
      method: '',
      file: '/workspace/scratch/9e52af4fb58a/select-clean/.checks/select-canonical-leaves-tmp/consumer.fHQupL/node_modules/.pnpm/@vitest+browser-playwright@5.0.3_playwright@1.63.0_vite@8.3.1_vitest@5.0.3/node_modules/@vitest/browser-playwright/dist/index.js',
      line: 1053,
      column: 55
    },
    {
      method: 'PlaywrightBrowserProvider.createContext',
      file: '/workspace/scratch/9e52af4fb58a/select-clean/.checks/select-canonical-leaves-tmp/consumer.fHQupL/node_modules/.pnpm/@vitest+browser-playwright@5.0.3_playwright@1.63.0_vite@8.3.1_vitest@5.0.3/node_modules/@vitest/browser-playwright/dist/index.js',
      line: 1189,
      column: 19
    },
    {
      method: 'PlaywrightBrowserProvider.openBrowserPage',
      file: '/workspace/scratch/9e52af4fb58a/select-clean/.checks/select-canonical-leaves-tmp/consumer.fHQupL/node_modules/.pnpm/@vitest+browser-playwright@5.0.3_playwright@1.63.0_vite@8.3.1_vitest@5.0.3/node_modules/@vitest/browser-playwright/dist/index.js',
      line: 1263,
      column: 19
    },
    {
      method: 'PlaywrightBrowserProvider.openPage',
      file: '/workspace/scratch/9e52af4fb58a/select-clean/.checks/select-canonical-leaves-tmp/consumer.fHQupL/node_modules/.pnpm/@vitest+browser-playwright@5.0.3_playwright@1.63.0_vite@8.3.1_vitest@5.0.3/node_modules/@vitest/browser-playwright/dist/index.js',
      line: 1284,
      column: 23
    },
    {
      method: 'TestProject._openBrowserPage',
      file: '/workspace/scratch/9e52af4fb58a/select-clean/.checks/select-canonical-leaves-tmp/consumer.fHQupL/node_modules/.pnpm/vitest@5.0.3_@vitest+browser-playwright@5.0.3_@vitest+ui@5.0.3_jsdom@30.1.1_vite@8.3.1/node_modules/vitest/dist/chunks/index.DpLw24bj.js',
      line: 12338,
      column: 3
    },
    {
      method: 'BrowserPool.openPage',
      file: '/workspace/scratch/9e52af4fb58a/select-clean/.checks/select-canonical-leaves-tmp/consumer.fHQupL/node_modules/.pnpm/vitest@5.0.3_@vitest+browser-playwright@5.0.3_@vitest+ui@5.0.3_jsdom@30.1.1_vite@8.3.1/node_modules/vitest/dist/chunks/index.DpLw24bj.js',
      line: 10301,
      column: 3
    },
    {
      method: 'BrowserPool.runTests',
      file: '/workspace/scratch/9e52af4fb58a/select-clean/.checks/select-canonical-leaves-tmp/consumer.fHQupL/node_modules/.pnpm/vitest@5.0.3_@vitest+browser-playwright@5.0.3_@vitest+ui@5.0.3_jsdom@30.1.1_vite@8.3.1/node_modules/vitest/dist/chunks/index.DpLw24bj.js',
      line: 10296,
      column: 3
    },
    {
      method: 'runWorkspaceTests',
      file: '/workspace/scratch/9e52af4fb58a/select-clean/.checks/select-canonical-leaves-tmp/consumer.fHQupL/node_modules/.pnpm/vitest@5.0.3_@vitest+browser-playwright@5.0.3_@vitest+ui@5.0.3_jsdom@30.1.1_vite@8.3.1/node_modules/vitest/dist/chunks/index.DpLw24bj.js',
      line: 10182,
      column: 3
    },
    {
      method: 'executeTests',
      file: '/workspace/scratch/9e52af4fb58a/select-clean/.checks/select-canonical-leaves-tmp/consumer.fHQupL/node_modules/.pnpm/vitest@5.0.3_@vitest+browser-playwright@5.0.3_@vitest+ui@5.0.3_jsdom@30.1.1_vite@8.3.1/node_modules/vitest/dist/chunks/index.DpLw24bj.js',
      line: 11796,
      column: 25
    },
    {
      method: '',
      file: '/workspace/scratch/9e52af4fb58a/select-clean/.checks/select-canonical-leaves-tmp/consumer.fHQupL/node_modules/.pnpm/vitest@5.0.3_@vitest+browser-playwright@5.0.3_@vitest+ui@5.0.3_jsdom@30.1.1_vite@8.3.1/node_modules/vitest/dist/chunks/index.DpLw24bj.js',
      line: 21128,
      column: 7
    },
    {
      method: '',
      file: '/workspace/scratch/9e52af4fb58a/select-clean/.checks/select-canonical-leaves-tmp/consumer.fHQupL/node_modules/.pnpm/vitest@5.0.3_@vitest+browser-playwright@5.0.3_@vitest+ui@5.0.3_jsdom@30.1.1_vite@8.3.1/node_modules/vitest/dist/chunks/index.DpLw24bj.js',
      line: 21155,
      column: 11
    },
    {
      method: '',
      file: '/workspace/scratch/9e52af4fb58a/select-clean/.checks/select-canonical-leaves-tmp/consumer.fHQupL/node_modules/.pnpm/vitest@5.0.3_@vitest+browser-playwright@5.0.3_@vitest+ui@5.0.3_jsdom@30.1.1_vite@8.3.1/node_modules/vitest/dist/chunks/index.DpLw24bj.js',
      line: 21017,
      column: 19
    },
    {
      method: 'startVitest',
      file: '/workspace/scratch/9e52af4fb58a/select-clean/.checks/select-canonical-leaves-tmp/consumer.fHQupL/node_modules/.pnpm/vitest@5.0.3_@vitest+browser-playwright@5.0.3_@vitest+ui@5.0.3_jsdom@30.1.1_vite@8.3.1/node_modules/vitest/dist/chunks/cli-api.C4x4GGip.js',
      line: 369,
      column: 8
    },
    {
      method: 'start',
      file: '/workspace/scratch/9e52af4fb58a/select-clean/.checks/select-canonical-leaves-tmp/consumer.fHQupL/node_modules/.pnpm/vitest@5.0.3_@vitest+browser-playwright@5.0.3_@vitest+ui@5.0.3_jsdom@30.1.1_vite@8.3.1/node_modules/vitest/dist/chunks/cac.DfDGTQ9W.js',
      line: 2370,
      column: 15
    },
    {
      method: 'CAC.run',
      file: '/workspace/scratch/9e52af4fb58a/select-clean/.checks/select-canonical-leaves-tmp/consumer.fHQupL/node_modules/.pnpm/vitest@5.0.3_@vitest+browser-playwright@5.0.3_@vitest+ui@5.0.3_jsdom@30.1.1_vite@8.3.1/node_modules/vitest/dist/chunks/cac.DfDGTQ9W.js',
      line: 2346,
      column: 2
    }
  ]
}
