failed to load config from /workspace/scratch/5fe281c917f6/dialog-successor/packages/base/vite.config.ts
failed to load config from /workspace/scratch/5fe281c917f6/dialog-successor/packages/base/vite.config.ts
failed to load config from /workspace/scratch/5fe281c917f6/dialog-successor/packages/base/vite.config.ts

⎯⎯⎯⎯⎯⎯⎯ Startup Error ⎯⎯⎯⎯⎯⎯⎯⎯
AggregateError: Failed to initialize projects. There were errors during projects setup. See below for more details.
    at resolveDeclaredProjectEntries (file:///workspace/scratch/5fe281c917f6/dialog-successor/node_modules/.pnpm/vitest@5.0.3_@types+node@24.19.1_@vitest+browser-playwright@5.0.3_@vitest+ui@5.0.3_jsdo_beedeeaebbae8101bcfe40194d9192df/node_modules/vitest/dist/chunks/index.DpLw24bj.js:12667:27)
    at async resolveProjectEntries (file:///workspace/scratch/5fe281c917f6/dialog-successor/node_modules/.pnpm/vitest@5.0.3_@types+node@24.19.1_@vitest+browser-playwright@5.0.3_@vitest+ui@5.0.3_jsdo_beedeeaebbae8101bcfe40194d9192df/node_modules/vitest/dist/chunks/index.DpLw24bj.js:12496:17)
    at async resolveConfig$1 (file:///workspace/scratch/5fe281c917f6/dialog-successor/node_modules/.pnpm/vitest@5.0.3_@types+node@24.19.1_@vitest+browser-playwright@5.0.3_@vitest+ui@5.0.3_jsdo_beedeeaebbae8101bcfe40194d9192df/node_modules/vitest/dist/chunks/index.DpLw24bj.js:14899:32)
    at async createVitest (file:///workspace/scratch/5fe281c917f6/dialog-successor/node_modules/.pnpm/vitest@5.0.3_@types+node@24.19.1_@vitest+browser-playwright@5.0.3_@vitest+ui@5.0.3_jsdo_beedeeaebbae8101bcfe40194d9192df/node_modules/vitest/dist/chunks/cli-api.C4x4GGip.js:26:17)
    at async prepareVitest (file:///workspace/scratch/5fe281c917f6/dialog-successor/node_modules/.pnpm/vitest@5.0.3_@types+node@24.19.1_@vitest+browser-playwright@5.0.3_@vitest+ui@5.0.3_jsdo_beedeeaebbae8101bcfe40194d9192df/node_modules/vitest/dist/chunks/cli-api.C4x4GGip.js:421:14)
    at async startVitest (file:///workspace/scratch/5fe281c917f6/dialog-successor/node_modules/.pnpm/vitest@5.0.3_@types+node@24.19.1_@vitest+browser-playwright@5.0.3_@vitest+ui@5.0.3_jsdo_beedeeaebbae8101bcfe40194d9192df/node_modules/vitest/dist/chunks/cli-api.C4x4GGip.js:340:14)
    at async start (file:///workspace/scratch/5fe281c917f6/dialog-successor/node_modules/.pnpm/vitest@5.0.3_@types+node@24.19.1_@vitest+browser-playwright@5.0.3_@vitest+ui@5.0.3_jsdo_beedeeaebbae8101bcfe40194d9192df/node_modules/vitest/dist/chunks/cac.DfDGTQ9W.js:2370:15)
    at async CAC.run (file:///workspace/scratch/5fe281c917f6/dialog-successor/node_modules/.pnpm/vitest@5.0.3_@types+node@24.19.1_@vitest+browser-playwright@5.0.3_@vitest+ui@5.0.3_jsdo_beedeeaebbae8101bcfe40194d9192df/node_modules/vitest/dist/chunks/cac.DfDGTQ9W.js:2346:2) {
  [errors]: [
    Error [ERR_MODULE_NOT_FOUND]: Cannot find module '/workspace/scratch/5fe281c917f6/dialog-successor/node_modules/.pnpm/@sveltejs+adapter-auto@8.0.0_@sveltejs+kit@3.0.0_@sveltejs+vite-plugin-svelte@7.3.1_sve_13f7b2eb066dc0c09c52df48b5c0b1e1/node_modules/@sveltejs/adapter-auto/index.js' imported from /workspace/scratch/5fe281c917f6/dialog-successor/packages/base/node_modules/.vite-temp/vite.config.ts.timestamp-1791319534123-6bc906c6357f4.mjs
        at finalizeResolution (node:internal/modules/esm/resolve:271:11)
        at moduleResolve (node:internal/modules/esm/resolve:865:10)
        at defaultResolve (node:internal/modules/esm/resolve:992:11)
        at #cachedDefaultResolve (node:internal/modules/esm/loader:701:20)
        at #resolveAndMaybeBlockOnLoaderThread (node:internal/modules/esm/loader:721:38)
        at ModuleLoader.resolveSync (node:internal/modules/esm/loader:759:56)
        at #resolve (node:internal/modules/esm/loader:683:17)
        at ModuleLoader.getOrCreateModuleJob (node:internal/modules/esm/loader:603:35)
        at ModuleJob.syncLink (node:internal/modules/esm/module_job:163:33)
        at ModuleJob.link (node:internal/modules/esm/module_job:253:17) {
      code: 'ERR_MODULE_NOT_FOUND',
      url: 'file:///workspace/scratch/5fe281c917f6/dialog-successor/node_modules/.pnpm/@sveltejs+adapter-auto@8.0.0_@sveltejs+kit@3.0.0_@sveltejs+vite-plugin-svelte@7.3.1_sve_13f7b2eb066dc0c09c52df48b5c0b1e1/node_modules/@sveltejs/adapter-auto/index.js'
    },
    Error [ERR_MODULE_NOT_FOUND]: Cannot find module '/workspace/scratch/5fe281c917f6/dialog-successor/node_modules/.pnpm/@sveltejs+adapter-auto@8.0.0_@sveltejs+kit@3.0.0_@sveltejs+vite-plugin-svelte@7.3.1_sve_13f7b2eb066dc0c09c52df48b5c0b1e1/node_modules/@sveltejs/adapter-auto/index.js' imported from /workspace/scratch/5fe281c917f6/dialog-successor/packages/base/node_modules/.vite-temp/vite.config.ts.timestamp-1791319534438-52f88fd58ff1f8.mjs
        at finalizeResolution (node:internal/modules/esm/resolve:271:11)
        at moduleResolve (node:internal/modules/esm/resolve:865:10)
        at defaultResolve (node:internal/modules/esm/resolve:992:11)
        at #cachedDefaultResolve (node:internal/modules/esm/loader:701:20)
        at #resolveAndMaybeBlockOnLoaderThread (node:internal/modules/esm/loader:721:38)
        at ModuleLoader.resolveSync (node:internal/modules/esm/loader:759:56)
        at #resolve (node:internal/modules/esm/loader:683:17)
        at ModuleLoader.getOrCreateModuleJob (node:internal/modules/esm/loader:603:35)
        at ModuleJob.syncLink (node:internal/modules/esm/module_job:163:33)
        at ModuleJob.link (node:internal/modules/esm/module_job:253:17) {
      code: 'ERR_MODULE_NOT_FOUND',
      url: 'file:///workspace/scratch/5fe281c917f6/dialog-successor/node_modules/.pnpm/@sveltejs+adapter-auto@8.0.0_@sveltejs+kit@3.0.0_@sveltejs+vite-plugin-svelte@7.3.1_sve_13f7b2eb066dc0c09c52df48b5c0b1e1/node_modules/@sveltejs/adapter-auto/index.js'
    },
    Error [ERR_MODULE_NOT_FOUND]: Cannot find package '@rolldown/pluginutils' imported from /workspace/scratch/5fe281c917f6/dialog-successor/node_modules/.pnpm/@sveltejs+kit@3.0.0_@sveltejs+vite-plugin-svelte@7.3.1_svelte@5.57.1_@typescript-eslint_d9c1e485a6bf6e904272c1b3fc6d1948/node_modules/@sveltejs/kit/src/exports/vite/plugins/env-vars.js
        at Object.getPackageJSONURL (node:internal/modules/package_json_reader:301:9)
        at packageResolve (node:internal/modules/esm/resolve:768:81)
        at moduleResolve (node:internal/modules/esm/resolve:859:18)
        at defaultResolve (node:internal/modules/esm/resolve:992:11)
        at #cachedDefaultResolve (node:internal/modules/esm/loader:701:20)
        at #resolveAndMaybeBlockOnLoaderThread (node:internal/modules/esm/loader:721:38)
        at ModuleLoader.resolveSync (node:internal/modules/esm/loader:759:56)
        at #resolve (node:internal/modules/esm/loader:683:17)
        at ModuleLoader.getOrCreateModuleJob (node:internal/modules/esm/loader:603:35)
        at ModuleJob.syncLink (node:internal/modules/esm/module_job:163:33) {
      code: 'ERR_MODULE_NOT_FOUND'
    }
  ]
}



