
 RUN  v5.0.3 /workspace/scratch/5fe281c917f6/dialog-successor/packages/base

 ❯ |dom| tests/dom/composite-realm-source.test.ts (6 tests | 2 failed) 803ms
   × native: visibility and disabled-index guards support a connected null-defaultView element 33ms
   × native: scroll margin/padding order works with the pin's global style lookup on a null-defaultView document 2ms

⎯⎯⎯⎯⎯⎯⎯ Failed Tests 2 ⎯⎯⎯⎯⎯⎯⎯

 FAIL  |dom| tests/dom/composite-realm-source.test.ts > native: visibility and disabled-index guards support a connected null-defaultView element
TypeError: Cannot read properties of null (reading 'getComputedStyle')
 ❯ getComputedStyle src/lib/internals/composite/utils/navigation.ts:6:45
      4| import { DEV } from 'esm-env';
      5| function getComputedStyle(element: Element) {
      6|   return element.ownerDocument.defaultView!.getComputedStyle(element);
       |                                             ^
      7| }
      8|
 ❯ isElementVisible src/lib/internals/composite/utils/navigation.ts:518:50
 ❯ tests/dom/composite-realm-source.test.ts:25:12

⎯⎯⎯⎯⎯⎯⎯⎯⎯⎯⎯⎯⎯⎯⎯⎯⎯⎯⎯⎯⎯⎯⎯⎯[1/2]⎯

 FAIL  |dom| tests/dom/composite-realm-source.test.ts > native: scroll margin/padding order works with the pin's global style lookup on a null-defaultView document
TypeError: Cannot read properties of null (reading 'getComputedStyle')
 ❯ getStyles src/lib/internals/composite/composite.ts:166:53
    164|
    165| function getStyles(element: HTMLElement) {
    166|   const styles = element.ownerDocument.defaultView!.getComputedStyle(e…
       |                                                     ^
    167|   return {
    168|     scrollMarginTop: parseFloat(styles.scrollMarginTop) || 0,
 ❯ scrollIntoViewIfNeeded src/lib/internals/composite/composite.ts:65:29
 ❯ tests/dom/composite-realm-source.test.ts:79:5

⎯⎯⎯⎯⎯⎯⎯⎯⎯⎯⎯⎯⎯⎯⎯⎯⎯⎯⎯⎯⎯⎯⎯⎯[2/2]⎯


 Test Files  1 failed (1)
      Tests  2 failed | 4 passed (6)
   Start at  21:46:29
   Duration  4.50s (environment 60%, tests 21%, transform 15%, import 3%, worker 1%)

